dwt_delay.h:27:22:DWT_Delay_ms	24	static
servo.c:27:6:SERVO_Init	176	static
servo.c:124:6:SERVO_MoveTo	32	static
servo.c:135:6:SERVO_RawMove	16	static
servo.c:144:10:SERVO_Get_MaxPulse	16	static
servo.c:151:10:SERVO_Get_MinPulse	16	static
servo.c:158:6:SERVO_Sweep	24	static
main.c:414:6:HAL_UART_RxCpltCallback	16	static
main.c:425:6:HAL_TIM_PeriodElapsedCallback	16	static
main.c:454:5:main	1032	static
main.c:638:6:SystemClock_Config	88	static
main.c:689:13:MX_I2C1_Init	8	static
main.c:723:13:MX_I2C2_Init	8	static
main.c:757:13:MX_I2C3_Init	8	static
main.c:791:13:MX_SPI1_Init	8	static
main.c:829:13:MX_SPI2_Init	8	static
main.c:867:13:MX_SPI3_Init	8	static
main.c:905:13:MX_TIM2_Init	32	static
main.c:950:13:MX_TIM3_Init	48	static
main.c:999:13:MX_TIM4_Init	56	static
main.c:1048:13:MX_TIM8_Init	96	static
main.c:1128:13:MX_TIM12_Init	56	static
main.c:1184:13:MX_UART4_Init	8	static
main.c:1217:13:MX_USART1_UART_Init	8	static
main.c:1250:13:MX_USART2_UART_Init	8	static
main.c:1281:13:MX_DMA_Init	16	static
main.c:1299:13:MX_GPIO_Init	48	static
main.c:1368:13:Vonalszenzor_Init	8	static
main.c:1373:13:Vonalszenzor_operal	24	static
main.c:1587:6:Vonalszenzor_minta_kuldes	16	static
main.c:1595:6:Vonalas_tombok_torlese	16	static
main.c:1606:6:Vonalszenzor_meres_kiolvasas	24	static
main.c:1612:6:Vonalas_tombok_feltoltese	40	static
main.c:1664:6:Kovetendo_vonal_valaszto	64	static
main.c:1711:6:Szervo_szog_beallit	8	static
main.c:1736:6:HAL_GPIO_EXTI_Callback	16	static
main.c:1753:6:Error_Handler	4	static,ignoring_inline_asm
main.c:1771:6:assert_failed	16	static
