dwt_delay.h:27:22:DWT_Delay_ms	24	static
servo.c:27:6:SERVO_Init	176	static
servo.c:124:6:SERVO_MoveTo	32	static
servo.c:135:6:SERVO_RawMove	16	static
servo.c:144:10:SERVO_Get_MaxPulse	16	static
servo.c:151:10:SERVO_Get_MinPulse	16	static
servo.c:158:6:SERVO_Sweep	24	static
main.c:443:6:HAL_UART_RxCpltCallback	16	static
main.c:454:6:HAL_TIM_PeriodElapsedCallback	16	static
main.c:484:5:main	1032	static
main.c:688:6:SystemClock_Config	88	static
main.c:739:13:MX_I2C1_Init	8	static
main.c:773:13:MX_I2C2_Init	8	static
main.c:807:13:MX_I2C3_Init	8	static
main.c:841:13:MX_SPI1_Init	8	static
main.c:879:13:MX_SPI2_Init	8	static
main.c:917:13:MX_SPI3_Init	8	static
main.c:955:13:MX_TIM2_Init	32	static
main.c:1000:13:MX_TIM3_Init	48	static
main.c:1049:13:MX_TIM4_Init	56	static
main.c:1098:13:MX_TIM8_Init	96	static
main.c:1178:13:MX_TIM12_Init	56	static
main.c:1234:13:MX_UART4_Init	8	static
main.c:1267:13:MX_USART1_UART_Init	8	static
main.c:1300:13:MX_USART2_UART_Init	8	static
main.c:1331:13:MX_DMA_Init	16	static
main.c:1349:13:MX_GPIO_Init	48	static
main.c:1418:13:Vonalszenzor_Init	8	static
main.c:1423:13:Vonalszenzor_operal	24	static
main.c:1637:6:Vonalszenzor_minta_kuldes	16	static
main.c:1645:6:Vonalas_tombok_torlese	16	static
main.c:1656:6:Vonalszenzor_meres_kiolvasas	24	static
main.c:1662:6:Vonalas_tombok_feltoltese	40	static
main.c:1714:6:Irany_valaszto	24	static
main.c:1755:6:Kovetendo_vonal_valaszto	96	static
main.c:1820:6:Szervo_szog_beallit	8	static
main.c:1844:5:MinDistance	32	static
main.c:1857:6:Source_Target_allito	4	static
main.c:1914:6:Dijkstra	368	static
main.c:1973:6:Graf_csucs_feltolt	16	static
main.c:2060:6:Graf_irany_feltolt	24	static
main.c:2244:6:Kapuk_letilt	72	static
main.c:2320:6:Iranyok_torlo	16	static
main.c:2326:6:Iranyok_osszeallito	16	static
main.c:2343:6:HAL_GPIO_EXTI_Callback	16	static
main.c:2360:6:Error_Handler	4	static,ignoring_inline_asm
main.c:2378:6:assert_failed	16	static
