dwt_delay.h:27:22:DWT_Delay_ms	24	static
servo.c:27:6:SERVO_Init	176	static
servo.c:124:6:SERVO_MoveTo	32	static
servo.c:135:6:SERVO_RawMove	16	static
servo.c:144:10:SERVO_Get_MaxPulse	16	static
servo.c:151:10:SERVO_Get_MinPulse	16	static
servo.c:158:6:SERVO_Sweep	24	static
main.c:135:6:HAL_UART_RxCpltCallback	16	static
main.c:148:6:HAL_TIM_PeriodElapsedCallback	24	static
main.c:166:5:main	16	static
main.c:297:6:SystemClock_Config	88	static
main.c:348:13:MX_I2C1_Init	8	static
main.c:382:13:MX_I2C2_Init	8	static
main.c:416:13:MX_I2C3_Init	8	static
main.c:450:13:MX_SPI1_Init	8	static
main.c:488:13:MX_SPI2_Init	8	static
main.c:526:13:MX_SPI3_Init	8	static
main.c:564:13:MX_TIM2_Init	32	static
main.c:609:13:MX_TIM3_Init	48	static
main.c:658:13:MX_TIM4_Init	56	static
main.c:707:13:MX_TIM8_Init	96	static
main.c:788:13:MX_TIM12_Init	56	static
main.c:844:13:MX_UART4_Init	8	static
main.c:877:13:MX_USART1_UART_Init	8	static
main.c:910:13:MX_USART2_UART_Init	8	static
main.c:941:13:MX_DMA_Init	16	static
main.c:959:13:MX_GPIO_Init	48	static
main.c:1028:6:HAL_GPIO_EXTI_Callback	16	static
main.c:1043:6:Error_Handler	4	static,ignoring_inline_asm
main.c:1062:6:assert_failed	16	static
