dwt_delay.h:27:22:DWT_Delay_ms	24	static
servo.c:27:6:SERVO_Init	176	static
servo.c:124:6:SERVO_MoveTo	32	static
servo.c:135:6:SERVO_RawMove	16	static
servo.c:144:10:SERVO_Get_MaxPulse	16	static
servo.c:151:10:SERVO_Get_MinPulse	16	static
servo.c:158:6:SERVO_Sweep	24	static
main.c:438:6:HAL_UART_RxCpltCallback	16	static
main.c:449:6:HAL_TIM_PeriodElapsedCallback	16	static
main.c:468:5:main	1064	static
main.c:750:6:SystemClock_Config	88	static
main.c:801:13:MX_I2C1_Init	8	static
main.c:835:13:MX_I2C2_Init	8	static
main.c:869:13:MX_I2C3_Init	8	static
main.c:903:13:MX_SPI1_Init	8	static
main.c:941:13:MX_SPI2_Init	8	static
main.c:979:13:MX_SPI3_Init	8	static
main.c:1017:13:MX_TIM2_Init	32	static
main.c:1062:13:MX_TIM3_Init	48	static
main.c:1111:13:MX_TIM4_Init	56	static
main.c:1160:13:MX_TIM8_Init	96	static
main.c:1240:13:MX_TIM12_Init	56	static
main.c:1296:13:MX_UART4_Init	8	static
main.c:1329:13:MX_USART1_UART_Init	8	static
main.c:1362:13:MX_USART2_UART_Init	8	static
main.c:1393:13:MX_DMA_Init	16	static
main.c:1411:13:MX_GPIO_Init	48	static
main.c:1480:13:Vonalszenzor_Init	8	static
main.c:1485:13:Vonalszenzor_operal	24	static
main.c:1699:6:Vonalszenzor_minta_kuldes	16	static
main.c:1707:6:Vonalszenzor_meres_kiolvasas	24	static
main.c:1713:6:Kovetendo_vonal_valaszto	16	static
main.c:1718:6:HAL_GPIO_EXTI_Callback	16	static
main.c:1731:6:Error_Handler	4	static,ignoring_inline_asm
main.c:1749:6:assert_failed	16	static
