DWT_Delay.h:27:22:DWT_Delay_ms	24	static
servo.c:27:6:SERVO_Init	216	static
servo.c:121:6:SERVO_MoveTo	32	static
servo.c:132:6:SERVO_RawMove	16	static
servo.c:141:10:SERVO_Get_MaxPulse	16	static
servo.c:148:10:SERVO_Get_MinPulse	16	static
servo.c:155:6:SERVO_Sweep	24	static
main.c:111:6:HAL_UART_RxCpltCallback	16	static
main.c:124:6:HAL_TIM_PeriodElapsedCallback	24	static
main.c:141:5:main	1024	static
main.c:216:6:SystemClock_Config	88	static
main.c:262:13:MX_I2C1_Init	8	static
main.c:296:13:MX_I2C2_Init	8	static
main.c:330:13:MX_I2C3_Init	8	static
main.c:364:13:MX_SPI1_Init	8	static
main.c:402:13:MX_SPI2_Init	8	static
main.c:440:13:MX_SPI3_Init	8	static
main.c:478:13:MX_TIM2_Init	32	static
main.c:523:13:MX_TIM3_Init	48	static
main.c:572:13:MX_TIM4_Init	56	static
main.c:621:13:MX_TIM8_Init	96	static
main.c:702:13:MX_TIM12_Init	40	static
main.c:748:13:MX_UART4_Init	8	static
main.c:781:13:MX_USART1_UART_Init	8	static
main.c:814:13:MX_USART2_UART_Init	8	static
main.c:847:13:MX_GPIO_Init	48	static
main.c:919:6:Error_Handler	4	static,ignoring_inline_asm
