dwt_delay.h:27:22:DWT_Delay_ms	24	static
servo.c:27:6:SERVO_Init	176	static
servo.c:124:6:SERVO_MoveTo	32	static
servo.c:135:6:SERVO_RawMove	16	static
servo.c:144:10:SERVO_Get_MaxPulse	16	static
servo.c:151:10:SERVO_Get_MinPulse	16	static
servo.c:158:6:SERVO_Sweep	24	static
main.c:335:6:HAL_UART_RxCpltCallback	16	static
main.c:346:6:HAL_TIM_PeriodElapsedCallback	16	static
main.c:365:5:main	1080	static
main.c:586:6:SystemClock_Config	88	static
main.c:637:13:MX_I2C1_Init	8	static
main.c:671:13:MX_I2C2_Init	8	static
main.c:705:13:MX_I2C3_Init	8	static
main.c:739:13:MX_SPI1_Init	8	static
main.c:777:13:MX_SPI2_Init	8	static
main.c:815:13:MX_SPI3_Init	8	static
main.c:853:13:MX_TIM2_Init	32	static
main.c:898:13:MX_TIM3_Init	48	static
main.c:947:13:MX_TIM4_Init	56	static
main.c:996:13:MX_TIM8_Init	96	static
main.c:1076:13:MX_TIM12_Init	56	static
main.c:1132:13:MX_UART4_Init	8	static
main.c:1165:13:MX_USART1_UART_Init	8	static
main.c:1198:13:MX_USART2_UART_Init	8	static
main.c:1229:13:MX_DMA_Init	16	static
main.c:1247:13:MX_GPIO_Init	48	static
main.c:1316:13:Vonalszenzor_Init	8	static
main.c:1321:13:Vonalszenzor_operal	24	static
main.c:1430:6:Vonalszenzor_minta_kuldes	16	static
main.c:1438:6:Vonalszenzor_meres_kiolvasas	24	static
main.c:1444:6:HAL_GPIO_EXTI_Callback	16	static
main.c:1457:6:Error_Handler	4	static,ignoring_inline_asm
main.c:1475:6:assert_failed	16	static
