dwt_delay.h:27:22:DWT_Delay_ms	24	static
servo.c:27:6:SERVO_Init	176	static
servo.c:124:6:SERVO_MoveTo	32	static
servo.c:135:6:SERVO_RawMove	16	static
servo.c:144:10:SERVO_Get_MaxPulse	16	static
servo.c:151:10:SERVO_Get_MinPulse	16	static
servo.c:158:6:SERVO_Sweep	24	static
main.c:412:6:HAL_UART_RxCpltCallback	16	static
main.c:423:6:HAL_TIM_PeriodElapsedCallback	16	static
main.c:452:5:main	1032	static
main.c:639:6:SystemClock_Config	88	static
main.c:690:13:MX_I2C1_Init	8	static
main.c:724:13:MX_I2C2_Init	8	static
main.c:758:13:MX_I2C3_Init	8	static
main.c:792:13:MX_SPI1_Init	8	static
main.c:830:13:MX_SPI2_Init	8	static
main.c:868:13:MX_SPI3_Init	8	static
main.c:906:13:MX_TIM2_Init	32	static
main.c:951:13:MX_TIM3_Init	48	static
main.c:1000:13:MX_TIM4_Init	56	static
main.c:1049:13:MX_TIM8_Init	96	static
main.c:1129:13:MX_TIM12_Init	56	static
main.c:1185:13:MX_UART4_Init	8	static
main.c:1218:13:MX_USART1_UART_Init	8	static
main.c:1251:13:MX_USART2_UART_Init	8	static
main.c:1282:13:MX_DMA_Init	16	static
main.c:1300:13:MX_GPIO_Init	48	static
main.c:1369:13:Vonalszenzor_Init	8	static
main.c:1374:13:Vonalszenzor_operal	24	static
main.c:1588:6:Vonalszenzor_minta_kuldes	16	static
main.c:1596:6:Vonalas_tombok_torlese	16	static
main.c:1607:6:Vonalszenzor_meres_kiolvasas	24	static
main.c:1613:6:Vonalas_tombok_feltoltese	24	static
main.c:1645:6:Kovetendo_vonal_valaszto	56	static
main.c:1680:6:Szervo_szog_beallit	8	static
main.c:1705:6:HAL_GPIO_EXTI_Callback	16	static
main.c:1718:6:Error_Handler	4	static,ignoring_inline_asm
main.c:1736:6:assert_failed	16	static
