dwt_delay.h:27:22:DWT_Delay_ms	24	static
servo.c:27:6:SERVO_Init	176	static
servo.c:124:6:SERVO_MoveTo	32	static
servo.c:135:6:SERVO_RawMove	16	static
servo.c:144:10:SERVO_Get_MaxPulse	16	static
servo.c:151:10:SERVO_Get_MinPulse	16	static
servo.c:158:6:SERVO_Sweep	24	static
main.c:411:6:HAL_UART_RxCpltCallback	16	static
main.c:422:6:HAL_TIM_PeriodElapsedCallback	16	static
main.c:441:5:main	1072	static
main.c:703:6:SystemClock_Config	88	static
main.c:754:13:MX_I2C1_Init	8	static
main.c:788:13:MX_I2C2_Init	8	static
main.c:822:13:MX_I2C3_Init	8	static
main.c:856:13:MX_SPI1_Init	8	static
main.c:894:13:MX_SPI2_Init	8	static
main.c:932:13:MX_SPI3_Init	8	static
main.c:970:13:MX_TIM2_Init	32	static
main.c:1015:13:MX_TIM3_Init	48	static
main.c:1064:13:MX_TIM4_Init	56	static
main.c:1113:13:MX_TIM8_Init	96	static
main.c:1193:13:MX_TIM12_Init	56	static
main.c:1249:13:MX_UART4_Init	8	static
main.c:1282:13:MX_USART1_UART_Init	8	static
main.c:1315:13:MX_USART2_UART_Init	8	static
main.c:1346:13:MX_DMA_Init	16	static
main.c:1364:13:MX_GPIO_Init	48	static
main.c:1433:13:Vonalszenzor_Init	8	static
main.c:1438:13:Vonalszenzor_operal	24	static
main.c:1652:6:Vonalszenzor_minta_kuldes	16	static
main.c:1660:6:Vonalszenzor_meres_kiolvasas	24	static
main.c:1666:6:Kovetendo_vonal_valaszto	16	static
main.c:1673:6:HAL_GPIO_EXTI_Callback	16	static
main.c:1686:6:Error_Handler	4	static,ignoring_inline_asm
main.c:1704:6:assert_failed	16	static
