dwt_delay.h:27:22:DWT_Delay_ms	24	static
servo.c:27:6:SERVO_Init	176	static
servo.c:124:6:SERVO_MoveTo	32	static
servo.c:135:6:SERVO_RawMove	16	static
servo.c:144:10:SERVO_Get_MaxPulse	16	static
servo.c:151:10:SERVO_Get_MinPulse	16	static
servo.c:158:6:SERVO_Sweep	24	static
main.c:448:6:HAL_UART_RxCpltCallback	24	static
main.c:481:6:HAL_TIM_PeriodElapsedCallback	16	static
main.c:513:5:main	1032	static
main.c:722:6:SystemClock_Config	88	static
main.c:773:13:MX_I2C1_Init	8	static
main.c:807:13:MX_I2C2_Init	8	static
main.c:841:13:MX_I2C3_Init	8	static
main.c:875:13:MX_SPI1_Init	8	static
main.c:913:13:MX_SPI2_Init	8	static
main.c:951:13:MX_SPI3_Init	8	static
main.c:989:13:MX_TIM2_Init	32	static
main.c:1034:13:MX_TIM3_Init	48	static
main.c:1083:13:MX_TIM4_Init	56	static
main.c:1132:13:MX_TIM8_Init	96	static
main.c:1212:13:MX_TIM12_Init	56	static
main.c:1268:13:MX_UART4_Init	8	static
main.c:1301:13:MX_USART1_UART_Init	8	static
main.c:1334:13:MX_USART2_UART_Init	8	static
main.c:1365:13:MX_DMA_Init	16	static
main.c:1383:13:MX_GPIO_Init	48	static
main.c:1452:13:Vonalszenzor_Init	8	static
main.c:1457:13:Vonalszenzor_operal	24	static
main.c:1671:6:Vonalszenzor_minta_kuldes	16	static
main.c:1679:6:Vonalas_tombok_torlese	16	static
main.c:1690:6:Vonalszenzor_meres_kiolvasas	24	static
main.c:1696:6:Vonalas_tombok_feltoltese	40	static
main.c:1748:6:Irany_valaszto	24	static
main.c:1787:6:Kovetendo_vonal_valaszto	96	static
main.c:1852:6:Szervo_szog_beallit	8	static
main.c:1876:5:MinDistance	32	static
main.c:1889:6:Source_Target_allito	4	static
main.c:1943:6:Kapukbol_iranyok	8	static
main.c:1954:6:Dijkstra	368	static
main.c:2013:6:Graf_csucs_feltolt	16	static
main.c:2100:6:Graf_irany_feltolt	24	static
main.c:2284:6:Kapuk_letilt	72	static
main.c:2360:6:Iranyok_torlo	16	static
main.c:2366:6:Iranyok_osszeallito	16	static
main.c:2385:6:HAL_GPIO_EXTI_Callback	16	static
main.c:2402:6:Error_Handler	4	static,ignoring_inline_asm
main.c:2420:6:assert_failed	16	static
