dwt_delay.h:27:22:DWT_Delay_ms	24	static
servo.c:27:6:SERVO_Init	176	static
servo.c:124:6:SERVO_MoveTo	32	static
servo.c:135:6:SERVO_RawMove	16	static
servo.c:144:10:SERVO_Get_MaxPulse	16	static
servo.c:151:10:SERVO_Get_MinPulse	16	static
servo.c:158:6:SERVO_Sweep	24	static
main.c:435:6:HAL_UART_RxCpltCallback	16	static
main.c:446:6:HAL_TIM_PeriodElapsedCallback	16	static
main.c:476:5:main	1032	static
main.c:661:6:SystemClock_Config	88	static
main.c:712:13:MX_I2C1_Init	8	static
main.c:746:13:MX_I2C2_Init	8	static
main.c:780:13:MX_I2C3_Init	8	static
main.c:814:13:MX_SPI1_Init	8	static
main.c:852:13:MX_SPI2_Init	8	static
main.c:890:13:MX_SPI3_Init	8	static
main.c:928:13:MX_TIM2_Init	32	static
main.c:973:13:MX_TIM3_Init	48	static
main.c:1022:13:MX_TIM4_Init	56	static
main.c:1071:13:MX_TIM8_Init	96	static
main.c:1151:13:MX_TIM12_Init	56	static
main.c:1207:13:MX_UART4_Init	8	static
main.c:1240:13:MX_USART1_UART_Init	8	static
main.c:1273:13:MX_USART2_UART_Init	8	static
main.c:1304:13:MX_DMA_Init	16	static
main.c:1322:13:MX_GPIO_Init	48	static
main.c:1391:13:Vonalszenzor_Init	8	static
main.c:1396:13:Vonalszenzor_operal	24	static
main.c:1610:6:Vonalszenzor_minta_kuldes	16	static
main.c:1618:6:Vonalas_tombok_torlese	16	static
main.c:1629:6:Vonalszenzor_meres_kiolvasas	24	static
main.c:1635:6:Vonalas_tombok_feltoltese	40	static
main.c:1687:6:Irany_valaszto	24	static
main.c:1721:6:Kovetendo_vonal_valaszto	96	static
main.c:1786:6:Szervo_szog_beallit	16	static
main.c:1807:5:minDistance	32	static
main.c:1821:6:dijkstra	368	static
main.c:1880:6:Graf_csucs_feltolt	16	static
main.c:1967:6:Graf_irany_feltolt	24	static
main.c:2150:6:Kapuk_letilt	72	static
main.c:2226:6:Iranyok_osszeallito	24	static
main.c:2243:6:HAL_GPIO_EXTI_Callback	16	static
main.c:2260:6:Error_Handler	4	static,ignoring_inline_asm
main.c:2278:6:assert_failed	16	static
