dwt_delay.h:27:22:DWT_Delay_ms	24	static
servo.c:27:6:SERVO_Init	176	static
servo.c:124:6:SERVO_MoveTo	32	static
servo.c:135:6:SERVO_RawMove	16	static
servo.c:144:10:SERVO_Get_MaxPulse	16	static
servo.c:151:10:SERVO_Get_MinPulse	16	static
servo.c:158:6:SERVO_Sweep	24	static
main.c:402:6:HAL_UART_RxCpltCallback	16	static
main.c:413:6:HAL_TIM_PeriodElapsedCallback	16	static
main.c:442:5:main	1040	static
main.c:612:6:SystemClock_Config	88	static
main.c:663:13:MX_I2C1_Init	8	static
main.c:697:13:MX_I2C2_Init	8	static
main.c:731:13:MX_I2C3_Init	8	static
main.c:765:13:MX_SPI1_Init	8	static
main.c:803:13:MX_SPI2_Init	8	static
main.c:841:13:MX_SPI3_Init	8	static
main.c:879:13:MX_TIM2_Init	32	static
main.c:924:13:MX_TIM3_Init	48	static
main.c:973:13:MX_TIM4_Init	56	static
main.c:1022:13:MX_TIM8_Init	96	static
main.c:1102:13:MX_TIM12_Init	56	static
main.c:1158:13:MX_UART4_Init	8	static
main.c:1191:13:MX_USART1_UART_Init	8	static
main.c:1224:13:MX_USART2_UART_Init	8	static
main.c:1255:13:MX_DMA_Init	16	static
main.c:1273:13:MX_GPIO_Init	48	static
main.c:1342:13:Vonalszenzor_Init	8	static
main.c:1347:13:Vonalszenzor_operal	24	static
main.c:1561:6:Vonalszenzor_minta_kuldes	16	static
main.c:1569:6:Vonalas_tombok_torlese	16	static
main.c:1580:6:Vonalszenzor_meres_kiolvasas	24	static
main.c:1586:6:Vonalas_tombok_feltoltese	24	static
main.c:1617:6:Kovetendo_vonal_valaszto	56	static
main.c:1637:6:Szervo_szog_beallit	8	static
main.c:1662:6:HAL_GPIO_EXTI_Callback	16	static
main.c:1675:6:Error_Handler	4	static,ignoring_inline_asm
main.c:1693:6:assert_failed	16	static
