dwt_delay.h:27:22:DWT_Delay_ms	24	static
servo.c:27:6:SERVO_Init	176	static
servo.c:124:6:SERVO_MoveTo	32	static
servo.c:135:6:SERVO_RawMove	16	static
servo.c:144:10:SERVO_Get_MaxPulse	16	static
servo.c:151:10:SERVO_Get_MinPulse	16	static
servo.c:158:6:SERVO_Sweep	24	static
main.c:211:6:HAL_UART_RxCpltCallback	16	static
main.c:222:6:HAL_TIM_PeriodElapsedCallback	24	static
main.c:241:5:main	24	static
main.c:368:6:SystemClock_Config	88	static
main.c:419:13:MX_I2C1_Init	8	static
main.c:453:13:MX_I2C2_Init	8	static
main.c:487:13:MX_I2C3_Init	8	static
main.c:521:13:MX_SPI1_Init	8	static
main.c:559:13:MX_SPI2_Init	8	static
main.c:597:13:MX_SPI3_Init	8	static
main.c:635:13:MX_TIM2_Init	32	static
main.c:680:13:MX_TIM3_Init	48	static
main.c:729:13:MX_TIM4_Init	56	static
main.c:778:13:MX_TIM8_Init	96	static
main.c:858:13:MX_TIM12_Init	56	static
main.c:914:13:MX_UART4_Init	8	static
main.c:947:13:MX_USART1_UART_Init	8	static
main.c:980:13:MX_USART2_UART_Init	8	static
main.c:1011:13:MX_DMA_Init	16	static
main.c:1029:13:MX_GPIO_Init	48	static
main.c:1098:13:Vonalszenzor_Init	8	static
main.c:1103:17:Vonalszenzor_operal	16	static
main.c:1167:6:Vonalszenzor_minta_kuldes	16	static
main.c:1175:6:Vonalszenzor_meres_kiolvasas	16	static
main.c:1180:6:HAL_GPIO_EXTI_Callback	16	static
main.c:1193:6:Error_Handler	4	static,ignoring_inline_asm
main.c:1211:6:assert_failed	16	static
