main.c:93:5:main	8	static
main.c:149:6:SystemClock_Config	88	static
main.c:195:13:MX_I2C1_Init	8	static
main.c:229:13:MX_I2C2_Init	8	static
main.c:263:13:MX_I2C3_Init	8	static
main.c:297:13:MX_SPI1_Init	8	static
main.c:335:13:MX_SPI2_Init	8	static
main.c:373:13:MX_SPI3_Init	8	static
main.c:411:13:MX_TIM3_Init	48	static
main.c:460:13:MX_TIM4_Init	56	static
main.c:509:13:MX_TIM8_Init	80	static
main.c:578:13:MX_TIM12_Init	40	static
main.c:624:13:MX_UART4_Init	8	static
main.c:657:13:MX_USART1_UART_Init	8	static
main.c:690:13:MX_USART2_UART_Init	8	static
main.c:723:13:MX_GPIO_Init	48	static
main.c:795:6:Error_Handler	4	static,ignoring_inline_asm
