dwt_delay.h:27:22:DWT_Delay_ms	24	static
servo.c:27:6:SERVO_Init	176	static
servo.c:124:6:SERVO_MoveTo	32	static
servo.c:135:6:SERVO_RawMove	16	static
servo.c:144:10:SERVO_Get_MaxPulse	16	static
servo.c:151:10:SERVO_Get_MinPulse	16	static
servo.c:158:6:SERVO_Sweep	24	static
main.c:450:6:HAL_UART_RxCpltCallback	24	static
main.c:484:6:HAL_TIM_PeriodElapsedCallback	16	static
main.c:566:5:main	1032	static
main.c:785:6:SystemClock_Config	88	static
main.c:836:13:MX_I2C1_Init	8	static
main.c:870:13:MX_I2C2_Init	8	static
main.c:904:13:MX_I2C3_Init	8	static
main.c:938:13:MX_SPI1_Init	8	static
main.c:976:13:MX_SPI2_Init	8	static
main.c:1014:13:MX_SPI3_Init	8	static
main.c:1052:13:MX_TIM2_Init	32	static
main.c:1097:13:MX_TIM3_Init	48	static
main.c:1146:13:MX_TIM4_Init	56	static
main.c:1195:13:MX_TIM8_Init	96	static
main.c:1275:13:MX_TIM12_Init	56	static
main.c:1331:13:MX_UART4_Init	8	static
main.c:1364:13:MX_USART1_UART_Init	8	static
main.c:1397:13:MX_USART2_UART_Init	8	static
main.c:1428:13:MX_DMA_Init	16	static
main.c:1446:13:MX_GPIO_Init	48	static
main.c:1515:13:Vonalszenzor_Init	8	static
main.c:1520:13:Vonalszenzor_operal	24	static
main.c:1734:6:Vonalszenzor_minta_kuldes	16	static
main.c:1742:6:Vonalas_tombok_torlese	16	static
main.c:1753:6:Vonalszenzor_meres_kiolvasas	24	static
main.c:1759:6:Vonalas_tombok_feltoltese	40	static
main.c:1811:6:Irany_valaszto	24	static
main.c:1856:6:Kovetendo_vonal_valaszto	96	static
main.c:1921:6:Szervo_szog_beallit	8	static
main.c:1945:5:MinDistance	32	static
main.c:1958:6:Source_Target_allito	4	static
main.c:2012:6:Kapukbol_iranyok	8	static
main.c:2023:6:Dijkstra	368	static
main.c:2082:6:Graf_csucs_feltolt	16	static
main.c:2169:6:Graf_irany_feltolt	24	static
main.c:2352:6:Kapuk_letilt	72	static
main.c:2428:6:Iranyok_torlo	16	static
main.c:2434:6:Iranyok_osszeallito	16	static
main.c:2453:6:HAL_GPIO_EXTI_Callback	16	static
main.c:2470:6:Error_Handler	4	static,ignoring_inline_asm
main.c:2488:6:assert_failed	16	static
