dwt_delay.h:27:22:DWT_Delay_ms	24	static
servo.c:27:6:SERVO_Init	176	static
servo.c:124:6:SERVO_MoveTo	32	static
servo.c:135:6:SERVO_RawMove	16	static
servo.c:144:10:SERVO_Get_MaxPulse	16	static
servo.c:151:10:SERVO_Get_MinPulse	16	static
servo.c:158:6:SERVO_Sweep	24	static
main.c:430:6:HAL_UART_RxCpltCallback	16	static
main.c:441:6:HAL_TIM_PeriodElapsedCallback	16	static
main.c:471:5:main	1032	static
main.c:656:6:SystemClock_Config	88	static
main.c:707:13:MX_I2C1_Init	8	static
main.c:741:13:MX_I2C2_Init	8	static
main.c:775:13:MX_I2C3_Init	8	static
main.c:809:13:MX_SPI1_Init	8	static
main.c:847:13:MX_SPI2_Init	8	static
main.c:885:13:MX_SPI3_Init	8	static
main.c:923:13:MX_TIM2_Init	32	static
main.c:968:13:MX_TIM3_Init	48	static
main.c:1017:13:MX_TIM4_Init	56	static
main.c:1066:13:MX_TIM8_Init	96	static
main.c:1146:13:MX_TIM12_Init	56	static
main.c:1202:13:MX_UART4_Init	8	static
main.c:1235:13:MX_USART1_UART_Init	8	static
main.c:1268:13:MX_USART2_UART_Init	8	static
main.c:1299:13:MX_DMA_Init	16	static
main.c:1317:13:MX_GPIO_Init	48	static
main.c:1386:13:Vonalszenzor_Init	8	static
main.c:1391:13:Vonalszenzor_operal	24	static
main.c:1605:6:Vonalszenzor_minta_kuldes	16	static
main.c:1613:6:Vonalas_tombok_torlese	16	static
main.c:1624:6:Vonalszenzor_meres_kiolvasas	24	static
main.c:1630:6:Vonalas_tombok_feltoltese	40	static
main.c:1682:6:Irany_valaszto	24	static
main.c:1709:6:Kovetendo_vonal_valaszto	72	static
main.c:1760:6:Szervo_szog_beallit	16	static
main.c:1781:5:minDistance	32	static
main.c:1795:6:dijkstra	368	static
main.c:1854:6:Graf_feltolt	16	static
main.c:1941:6:Kapuk_letilt	72	static
main.c:2017:6:HAL_GPIO_EXTI_Callback	16	static
main.c:2034:6:Error_Handler	4	static,ignoring_inline_asm
main.c:2052:6:assert_failed	16	static
