dwt_delay.h:27:22:DWT_Delay_ms	24	static
servo.c:27:6:SERVO_Init	176	static
servo.c:124:6:SERVO_MoveTo	32	static
servo.c:135:6:SERVO_RawMove	16	static
servo.c:144:10:SERVO_Get_MaxPulse	16	static
servo.c:151:10:SERVO_Get_MinPulse	16	static
servo.c:158:6:SERVO_Sweep	24	static
main.c:186:6:HAL_UART_RxCpltCallback	16	static
main.c:197:6:HAL_TIM_PeriodElapsedCallback	24	static
main.c:216:5:main	24	static
main.c:337:6:SystemClock_Config	88	static
main.c:384:13:MX_I2C1_Init	8	static
main.c:416:13:MX_I2C2_Init	8	static
main.c:448:13:MX_I2C3_Init	8	static
main.c:480:13:MX_SPI1_Init	8	static
main.c:516:13:MX_SPI2_Init	8	static
main.c:552:13:MX_SPI3_Init	8	static
main.c:588:13:MX_TIM2_Init	32	static
main.c:630:13:MX_TIM3_Init	48	static
main.c:677:13:MX_TIM4_Init	56	static
main.c:724:13:MX_TIM8_Init	96	static
main.c:800:13:MX_TIM12_Init	56	static
main.c:852:13:MX_UART4_Init	8	static
main.c:883:13:MX_USART1_UART_Init	8	static
main.c:914:13:MX_USART2_UART_Init	8	static
main.c:943:13:MX_DMA_Init	16	static
main.c:960:13:MX_GPIO_Init	48	static
main.c:1031:13:Vonalszenzor_Init	8	static
main.c:1036:17:Vonalszenzor_operal	16	static
main.c:1314:6:HAL_GPIO_EXTI_Callback	16	static
main.c:1327:6:Error_Handler	4	static,ignoring_inline_asm
main.c:1344:6:assert_failed	16	static
