dwt_delay.h:27:22:DWT_Delay_ms	24	static
servo.c:27:6:SERVO_Init	176	static
servo.c:124:6:SERVO_MoveTo	32	static
servo.c:135:6:SERVO_RawMove	16	static
servo.c:144:10:SERVO_Get_MaxPulse	16	static
servo.c:151:10:SERVO_Get_MinPulse	16	static
servo.c:158:6:SERVO_Sweep	24	static
main.c:116:6:HAL_UART_RxCpltCallback	16	static
main.c:129:6:HAL_TIM_PeriodElapsedCallback	24	static
main.c:147:5:main	1024	static
main.c:239:6:SystemClock_Config	88	static
main.c:290:13:MX_I2C1_Init	8	static
main.c:324:13:MX_I2C2_Init	8	static
main.c:358:13:MX_I2C3_Init	8	static
main.c:392:13:MX_SPI1_Init	8	static
main.c:430:13:MX_SPI2_Init	8	static
main.c:468:13:MX_SPI3_Init	8	static
main.c:506:13:MX_TIM2_Init	32	static
main.c:551:13:MX_TIM3_Init	48	static
main.c:600:13:MX_TIM4_Init	56	static
main.c:649:13:MX_TIM8_Init	96	static
main.c:730:13:MX_TIM12_Init	56	static
main.c:786:13:MX_UART4_Init	8	static
main.c:819:13:MX_USART1_UART_Init	8	static
main.c:852:13:MX_USART2_UART_Init	8	static
main.c:885:13:MX_GPIO_Init	48	static
main.c:954:6:HAL_GPIO_EXTI_Callback	16	static
main.c:970:6:Error_Handler	4	static,ignoring_inline_asm
