dwt_delay.h:27:22:DWT_Delay_ms	24	static
servo.c:27:6:SERVO_Init	176	static
servo.c:124:6:SERVO_MoveTo	32	static
servo.c:135:6:SERVO_RawMove	16	static
servo.c:144:10:SERVO_Get_MaxPulse	16	static
servo.c:151:10:SERVO_Get_MinPulse	16	static
servo.c:158:6:SERVO_Sweep	24	static
main.c:113:6:HAL_UART_RxCpltCallback	16	static
main.c:126:6:HAL_TIM_PeriodElapsedCallback	24	static
main.c:144:5:main	1024	static
main.c:228:6:SystemClock_Config	88	static
main.c:279:13:MX_I2C1_Init	8	static
main.c:313:13:MX_I2C2_Init	8	static
main.c:347:13:MX_I2C3_Init	8	static
main.c:381:13:MX_SPI1_Init	8	static
main.c:419:13:MX_SPI2_Init	8	static
main.c:457:13:MX_SPI3_Init	8	static
main.c:495:13:MX_TIM2_Init	32	static
main.c:540:13:MX_TIM3_Init	48	static
main.c:589:13:MX_TIM4_Init	56	static
main.c:638:13:MX_TIM8_Init	96	static
main.c:719:13:MX_TIM12_Init	56	static
main.c:775:13:MX_UART4_Init	8	static
main.c:808:13:MX_USART1_UART_Init	8	static
main.c:841:13:MX_USART2_UART_Init	8	static
main.c:874:13:MX_GPIO_Init	48	static
main.c:943:6:HAL_GPIO_EXTI_Callback	16	static
main.c:959:6:Error_Handler	4	static,ignoring_inline_asm
