dwt_delay.h:27:22:DWT_Delay_ms	24	static
servo.c:27:6:SERVO_Init	176	static
servo.c:124:6:SERVO_MoveTo	32	static
servo.c:135:6:SERVO_RawMove	16	static
servo.c:144:10:SERVO_Get_MaxPulse	16	static
servo.c:151:10:SERVO_Get_MinPulse	16	static
servo.c:158:6:SERVO_Sweep	24	static
main.c:418:6:HAL_UART_RxCpltCallback	16	static
main.c:429:6:HAL_TIM_PeriodElapsedCallback	16	static
main.c:459:5:main	1032	static
main.c:644:6:SystemClock_Config	88	static
main.c:695:13:MX_I2C1_Init	8	static
main.c:729:13:MX_I2C2_Init	8	static
main.c:763:13:MX_I2C3_Init	8	static
main.c:797:13:MX_SPI1_Init	8	static
main.c:835:13:MX_SPI2_Init	8	static
main.c:873:13:MX_SPI3_Init	8	static
main.c:911:13:MX_TIM2_Init	32	static
main.c:956:13:MX_TIM3_Init	48	static
main.c:1005:13:MX_TIM4_Init	56	static
main.c:1054:13:MX_TIM8_Init	96	static
main.c:1134:13:MX_TIM12_Init	56	static
main.c:1190:13:MX_UART4_Init	8	static
main.c:1223:13:MX_USART1_UART_Init	8	static
main.c:1256:13:MX_USART2_UART_Init	8	static
main.c:1287:13:MX_DMA_Init	16	static
main.c:1305:13:MX_GPIO_Init	48	static
main.c:1374:13:Vonalszenzor_Init	8	static
main.c:1379:13:Vonalszenzor_operal	24	static
main.c:1593:6:Vonalszenzor_minta_kuldes	16	static
main.c:1601:6:Vonalas_tombok_torlese	16	static
main.c:1612:6:Vonalszenzor_meres_kiolvasas	24	static
main.c:1618:6:Vonalas_tombok_feltoltese	40	static
main.c:1670:6:Irany_valaszto	4	static
main.c:1689:6:Kovetendo_vonal_valaszto	64	static
main.c:1739:6:Szervo_szog_beallit	16	static
main.c:1767:6:HAL_GPIO_EXTI_Callback	16	static
main.c:1784:6:Error_Handler	4	static,ignoring_inline_asm
main.c:1802:6:assert_failed	16	static
