dwt_delay.h:27:22:DWT_Delay_ms	24	static
servo.c:27:6:SERVO_Init	176	static
servo.c:124:6:SERVO_MoveTo	32	static
servo.c:135:6:SERVO_RawMove	16	static
servo.c:144:10:SERVO_Get_MaxPulse	16	static
servo.c:151:10:SERVO_Get_MinPulse	16	static
servo.c:158:6:SERVO_Sweep	24	static
main.c:450:6:HAL_UART_RxCpltCallback	24	static
main.c:484:6:HAL_TIM_PeriodElapsedCallback	16	static
main.c:516:5:main	1032	static
main.c:729:6:SystemClock_Config	88	static
main.c:780:13:MX_I2C1_Init	8	static
main.c:814:13:MX_I2C2_Init	8	static
main.c:848:13:MX_I2C3_Init	8	static
main.c:882:13:MX_SPI1_Init	8	static
main.c:920:13:MX_SPI2_Init	8	static
main.c:958:13:MX_SPI3_Init	8	static
main.c:996:13:MX_TIM2_Init	32	static
main.c:1041:13:MX_TIM3_Init	48	static
main.c:1090:13:MX_TIM4_Init	56	static
main.c:1139:13:MX_TIM8_Init	96	static
main.c:1219:13:MX_TIM12_Init	56	static
main.c:1275:13:MX_UART4_Init	8	static
main.c:1308:13:MX_USART1_UART_Init	8	static
main.c:1341:13:MX_USART2_UART_Init	8	static
main.c:1372:13:MX_DMA_Init	16	static
main.c:1390:13:MX_GPIO_Init	48	static
main.c:1459:13:Vonalszenzor_Init	8	static
main.c:1464:13:Vonalszenzor_operal	24	static
main.c:1678:6:Vonalszenzor_minta_kuldes	16	static
main.c:1686:6:Vonalas_tombok_torlese	16	static
main.c:1697:6:Vonalszenzor_meres_kiolvasas	24	static
main.c:1703:6:Vonalas_tombok_feltoltese	40	static
main.c:1755:6:Irany_valaszto	24	static
main.c:1800:6:Kovetendo_vonal_valaszto	96	static
main.c:1865:6:Szervo_szog_beallit	8	static
main.c:1889:5:MinDistance	32	static
main.c:1902:6:Source_Target_allito	4	static
main.c:1956:6:Kapukbol_iranyok	8	static
main.c:1967:6:Dijkstra	368	static
main.c:2026:6:Graf_csucs_feltolt	16	static
main.c:2113:6:Graf_irany_feltolt	24	static
main.c:2297:6:Kapuk_letilt	72	static
main.c:2373:6:Iranyok_torlo	16	static
main.c:2379:6:Iranyok_osszeallito	16	static
main.c:2398:6:HAL_GPIO_EXTI_Callback	16	static
main.c:2415:6:Error_Handler	4	static,ignoring_inline_asm
main.c:2433:6:assert_failed	16	static
