dwt_delay.h:27:22:DWT_Delay_ms	24	static
servo.c:27:6:SERVO_Init	176	static
servo.c:124:6:SERVO_MoveTo	32	static
servo.c:135:6:SERVO_RawMove	16	static
servo.c:144:10:SERVO_Get_MaxPulse	16	static
servo.c:151:10:SERVO_Get_MinPulse	16	static
servo.c:158:6:SERVO_Sweep	24	static
main.c:408:6:HAL_UART_RxCpltCallback	16	static
main.c:419:6:HAL_TIM_PeriodElapsedCallback	16	static
main.c:438:5:main	1080	static
main.c:686:6:SystemClock_Config	88	static
main.c:737:13:MX_I2C1_Init	8	static
main.c:771:13:MX_I2C2_Init	8	static
main.c:805:13:MX_I2C3_Init	8	static
main.c:839:13:MX_SPI1_Init	8	static
main.c:877:13:MX_SPI2_Init	8	static
main.c:915:13:MX_SPI3_Init	8	static
main.c:953:13:MX_TIM2_Init	32	static
main.c:998:13:MX_TIM3_Init	48	static
main.c:1047:13:MX_TIM4_Init	56	static
main.c:1096:13:MX_TIM8_Init	96	static
main.c:1176:13:MX_TIM12_Init	56	static
main.c:1232:13:MX_UART4_Init	8	static
main.c:1265:13:MX_USART1_UART_Init	8	static
main.c:1298:13:MX_USART2_UART_Init	8	static
main.c:1329:13:MX_DMA_Init	16	static
main.c:1347:13:MX_GPIO_Init	48	static
main.c:1416:13:Vonalszenzor_Init	8	static
main.c:1421:13:Vonalszenzor_operal	24	static
main.c:1635:6:Vonalszenzor_minta_kuldes	16	static
main.c:1643:6:Vonalszenzor_meres_kiolvasas	24	static
main.c:1649:6:Kovetendo_vonal_valaszto	16	static
main.c:1656:6:HAL_GPIO_EXTI_Callback	16	static
main.c:1669:6:Error_Handler	4	static,ignoring_inline_asm
main.c:1687:6:assert_failed	16	static
