dwt_delay.h:27:22:DWT_Delay_ms	24	static
servo.c:27:6:SERVO_Init	176	static
servo.c:124:6:SERVO_MoveTo	32	static
servo.c:135:6:SERVO_RawMove	16	static
servo.c:144:10:SERVO_Get_MaxPulse	16	static
servo.c:151:10:SERVO_Get_MinPulse	16	static
servo.c:158:6:SERVO_Sweep	24	static
main.c:446:6:HAL_UART_RxCpltCallback	24	static
main.c:480:6:HAL_TIM_PeriodElapsedCallback	16	static
main.c:507:6:Delay_Microsec_tav1	16	static
main.c:520:6:HAL_TIM_IC_CaptureCallback	16	static
main.c:546:6:HCSR04_1_Read	8	static
main.c:562:5:main	8	static
main.c:790:6:SystemClock_Config	88	static
main.c:841:13:MX_I2C1_Init	8	static
main.c:875:13:MX_SPI1_Init	8	static
main.c:913:13:MX_SPI2_Init	8	static
main.c:951:13:MX_SPI3_Init	8	static
main.c:989:13:MX_TIM1_Init	32	static
main.c:1038:13:MX_TIM2_Init	32	static
main.c:1083:13:MX_TIM8_Init	96	static
main.c:1163:13:MX_TIM12_Init	56	static
main.c:1219:13:MX_UART4_Init	8	static
main.c:1252:13:MX_USART1_UART_Init	8	static
main.c:1285:13:MX_USART2_UART_Init	8	static
main.c:1316:13:MX_DMA_Init	16	static
main.c:1334:13:MX_GPIO_Init	48	static
main.c:1406:13:Vonalszenzor_Init	8	static
main.c:1411:13:Vonalszenzor_operal	24	static
main.c:1625:6:Vonalszenzor_minta_kuldes	16	static
main.c:1633:6:Vonalas_tombok_torlese	16	static
main.c:1644:6:Vonalszenzor_meres_kiolvasas	24	static
main.c:1650:6:Vonalas_tombok_feltoltese	40	static
main.c:1702:6:Irany_valaszto	24	static
main.c:1747:6:Kovetendo_vonal_valaszto	96	static
main.c:1812:6:Szervo_szog_beallit	8	static
main.c:1836:5:MinDistance	32	static
main.c:1849:6:Source_Target_allito	4	static
main.c:1903:6:Kapukbol_iranyok	8	static
main.c:1914:6:Dijkstra	368	static
main.c:1973:6:Graf_csucs_feltolt	16	static
main.c:2060:6:Graf_irany_feltolt	24	static
main.c:2243:6:Kapuk_letilt	72	static
main.c:2319:6:Iranyok_torlo	16	static
main.c:2325:6:Iranyok_osszeallito	16	static
main.c:2344:6:HAL_GPIO_EXTI_Callback	16	static
main.c:2361:6:Error_Handler	4	static,ignoring_inline_asm
main.c:2379:6:assert_failed	16	static
