dwt_delay.h:27:22:DWT_Delay_ms	24	static
servo.c:27:6:SERVO_Init	176	static
servo.c:124:6:SERVO_MoveTo	32	static
servo.c:135:6:SERVO_RawMove	16	static
servo.c:144:10:SERVO_Get_MaxPulse	16	static
servo.c:151:10:SERVO_Get_MinPulse	16	static
servo.c:158:6:SERVO_Sweep	24	static
main.c:466:6:HAL_UART_RxCpltCallback	16	static
main.c:477:6:HAL_TIM_PeriodElapsedCallback	16	static
main.c:496:5:main	1064	static
main.c:761:6:SystemClock_Config	88	static
main.c:812:13:MX_I2C1_Init	8	static
main.c:846:13:MX_I2C2_Init	8	static
main.c:880:13:MX_I2C3_Init	8	static
main.c:914:13:MX_SPI1_Init	8	static
main.c:952:13:MX_SPI2_Init	8	static
main.c:990:13:MX_SPI3_Init	8	static
main.c:1028:13:MX_TIM2_Init	32	static
main.c:1073:13:MX_TIM3_Init	48	static
main.c:1122:13:MX_TIM4_Init	56	static
main.c:1171:13:MX_TIM8_Init	96	static
main.c:1251:13:MX_TIM12_Init	56	static
main.c:1307:13:MX_UART4_Init	8	static
main.c:1340:13:MX_USART1_UART_Init	8	static
main.c:1373:13:MX_USART2_UART_Init	8	static
main.c:1404:13:MX_DMA_Init	16	static
main.c:1422:13:MX_GPIO_Init	48	static
main.c:1491:13:Vonalszenzor_Init	8	static
main.c:1496:13:Vonalszenzor_operal	24	static
main.c:1710:6:Vonalszenzor_minta_kuldes	16	static
main.c:1718:6:Vonalszenzor_meres_kiolvasas	24	static
main.c:1724:6:HAL_GPIO_EXTI_Callback	16	static
main.c:1737:6:Error_Handler	4	static,ignoring_inline_asm
main.c:1755:6:assert_failed	16	static
