dwt_delay.h:27:22:DWT_Delay_ms	24	static
servo.c:27:6:SERVO_Init	176	static
servo.c:124:6:SERVO_MoveTo	32	static
servo.c:135:6:SERVO_RawMove	16	static
servo.c:144:10:SERVO_Get_MaxPulse	16	static
servo.c:151:10:SERVO_Get_MinPulse	16	static
servo.c:158:6:SERVO_Sweep	24	static
main.c:438:6:HAL_UART_RxCpltCallback	16	static
main.c:449:6:HAL_TIM_PeriodElapsedCallback	16	static
main.c:479:5:main	1032	static
main.c:679:6:SystemClock_Config	88	static
main.c:730:13:MX_I2C1_Init	8	static
main.c:764:13:MX_I2C2_Init	8	static
main.c:798:13:MX_I2C3_Init	8	static
main.c:832:13:MX_SPI1_Init	8	static
main.c:870:13:MX_SPI2_Init	8	static
main.c:908:13:MX_SPI3_Init	8	static
main.c:946:13:MX_TIM2_Init	32	static
main.c:991:13:MX_TIM3_Init	48	static
main.c:1040:13:MX_TIM4_Init	56	static
main.c:1089:13:MX_TIM8_Init	96	static
main.c:1169:13:MX_TIM12_Init	56	static
main.c:1225:13:MX_UART4_Init	8	static
main.c:1258:13:MX_USART1_UART_Init	8	static
main.c:1291:13:MX_USART2_UART_Init	8	static
main.c:1322:13:MX_DMA_Init	16	static
main.c:1340:13:MX_GPIO_Init	48	static
main.c:1409:13:Vonalszenzor_Init	8	static
main.c:1414:13:Vonalszenzor_operal	24	static
main.c:1628:6:Vonalszenzor_minta_kuldes	16	static
main.c:1636:6:Vonalas_tombok_torlese	16	static
main.c:1647:6:Vonalszenzor_meres_kiolvasas	24	static
main.c:1653:6:Vonalas_tombok_feltoltese	40	static
main.c:1705:6:Irany_valaszto	24	static
main.c:1745:6:Kovetendo_vonal_valaszto	96	static
main.c:1810:6:Szervo_szog_beallit	8	static
main.c:1833:5:minDistance	32	static
main.c:1847:6:dijkstra	368	static
main.c:1906:6:Graf_csucs_feltolt	16	static
main.c:1993:6:Graf_irany_feltolt	24	static
main.c:2176:6:Kapuk_letilt	72	static
main.c:2252:6:Iranyok_torlo	16	static
main.c:2258:6:Iranyok_osszeallito	16	static
main.c:2275:6:HAL_GPIO_EXTI_Callback	16	static
main.c:2292:6:Error_Handler	4	static,ignoring_inline_asm
main.c:2310:6:assert_failed	16	static
