main.c:95:5:main	8	static
main.c:151:6:SystemClock_Config	88	static
main.c:197:13:MX_I2C1_Init	8	static
main.c:231:13:MX_I2C2_Init	8	static
main.c:265:13:MX_I2C3_Init	8	static
main.c:299:13:MX_SPI1_Init	8	static
main.c:337:13:MX_SPI2_Init	8	static
main.c:375:13:MX_SPI3_Init	8	static
main.c:413:13:MX_TIM3_Init	48	static
main.c:462:13:MX_TIM4_Init	56	static
main.c:511:13:MX_TIM8_Init	96	static
main.c:592:13:MX_TIM12_Init	40	static
main.c:638:13:MX_UART4_Init	8	static
main.c:671:13:MX_USART1_UART_Init	8	static
main.c:704:13:MX_USART2_UART_Init	8	static
main.c:737:13:MX_GPIO_Init	48	static
main.c:809:6:Error_Handler	4	static,ignoring_inline_asm
