dwt_delay.h:27:22:DWT_Delay_ms	24	static
servo.c:27:6:SERVO_Init	176	static
servo.c:124:6:SERVO_MoveTo	32	static
servo.c:135:6:SERVO_RawMove	16	static
servo.c:144:10:SERVO_Get_MaxPulse	16	static
servo.c:151:10:SERVO_Get_MinPulse	16	static
servo.c:158:6:SERVO_Sweep	24	static
main.c:331:6:HAL_UART_RxCpltCallback	16	static
main.c:342:6:HAL_TIM_PeriodElapsedCallback	24	static
main.c:361:5:main	56	static
main.c:540:6:SystemClock_Config	88	static
main.c:591:13:MX_I2C1_Init	8	static
main.c:625:13:MX_I2C2_Init	8	static
main.c:659:13:MX_I2C3_Init	8	static
main.c:693:13:MX_SPI1_Init	8	static
main.c:731:13:MX_SPI2_Init	8	static
main.c:769:13:MX_SPI3_Init	8	static
main.c:807:13:MX_TIM2_Init	32	static
main.c:852:13:MX_TIM3_Init	48	static
main.c:901:13:MX_TIM4_Init	56	static
main.c:950:13:MX_TIM8_Init	96	static
main.c:1030:13:MX_TIM12_Init	56	static
main.c:1086:13:MX_UART4_Init	8	static
main.c:1119:13:MX_USART1_UART_Init	8	static
main.c:1152:13:MX_USART2_UART_Init	8	static
main.c:1183:13:MX_DMA_Init	16	static
main.c:1201:13:MX_GPIO_Init	48	static
main.c:1270:13:Vonalszenzor_Init	8	static
main.c:1275:13:Vonalszenzor_operal	24	static
main.c:1387:6:Vonalszenzor_minta_kuldes	16	static
main.c:1395:6:Vonalszenzor_meres_kiolvasas	24	static
main.c:1401:6:HAL_GPIO_EXTI_Callback	16	static
main.c:1414:6:Error_Handler	4	static,ignoring_inline_asm
main.c:1432:6:assert_failed	16	static
