dwt_delay.h:27:22:DWT_Delay_ms	24	static
servo.c:27:6:SERVO_Init	176	static
servo.c:124:6:SERVO_MoveTo	32	static
servo.c:135:6:SERVO_RawMove	16	static
servo.c:144:10:SERVO_Get_MaxPulse	16	static
servo.c:151:10:SERVO_Get_MinPulse	16	static
servo.c:158:6:SERVO_Sweep	24	static
main.c:444:6:HAL_UART_RxCpltCallback	24	static
main.c:478:6:HAL_TIM_PeriodElapsedCallback	16	static
main.c:505:6:Delay_Microsec_tav1	16	static
main.c:518:6:HAL_TIM_IC_CaptureCallback	16	static
main.c:544:6:HCSR04_1_Read	8	static
main.c:560:5:main	8	static
main.c:779:6:SystemClock_Config	88	static
main.c:830:13:MX_I2C1_Init	8	static
main.c:864:13:MX_SPI1_Init	8	static
main.c:902:13:MX_SPI2_Init	8	static
main.c:940:13:MX_SPI3_Init	8	static
main.c:978:13:MX_TIM1_Init	32	static
main.c:1027:13:MX_TIM2_Init	32	static
main.c:1072:13:MX_TIM8_Init	96	static
main.c:1152:13:MX_TIM12_Init	56	static
main.c:1208:13:MX_UART4_Init	8	static
main.c:1241:13:MX_USART1_UART_Init	8	static
main.c:1274:13:MX_USART2_UART_Init	8	static
main.c:1305:13:MX_DMA_Init	16	static
main.c:1323:13:MX_GPIO_Init	48	static
main.c:1395:13:Vonalszenzor_Init	8	static
main.c:1400:13:Vonalszenzor_operal	24	static
main.c:1614:6:Vonalszenzor_minta_kuldes	16	static
main.c:1622:6:Vonalas_tombok_torlese	16	static
main.c:1633:6:Vonalszenzor_meres_kiolvasas	24	static
main.c:1639:6:Vonalas_tombok_feltoltese	40	static
main.c:1691:6:Irany_valaszto	24	static
main.c:1736:6:Kovetendo_vonal_valaszto	96	static
main.c:1801:6:Szervo_szog_beallit	8	static
main.c:1825:5:MinDistance	32	static
main.c:1838:6:Source_Target_allito	4	static
main.c:1892:6:Kapukbol_iranyok	8	static
main.c:1903:6:Dijkstra	368	static
main.c:1962:6:Graf_csucs_feltolt	16	static
main.c:2049:6:Graf_irany_feltolt	24	static
main.c:2232:6:Kapuk_letilt	72	static
main.c:2308:6:Iranyok_torlo	16	static
main.c:2314:6:Iranyok_osszeallito	16	static
main.c:2333:6:HAL_GPIO_EXTI_Callback	16	static
main.c:2350:6:Error_Handler	4	static,ignoring_inline_asm
main.c:2368:6:assert_failed	16	static
