dwt_delay.h:27:22:DWT_Delay_ms	24	static
servo.c:27:6:SERVO_Init	176	static
servo.c:124:6:SERVO_MoveTo	32	static
servo.c:135:6:SERVO_RawMove	16	static
servo.c:144:10:SERVO_Get_MaxPulse	16	static
servo.c:151:10:SERVO_Get_MinPulse	16	static
servo.c:158:6:SERVO_Sweep	24	static
main.c:152:6:HAL_UART_RxCpltCallback	16	static
main.c:165:6:HAL_TIM_PeriodElapsedCallback	24	static
main.c:183:5:main	16	static
main.c:327:6:SystemClock_Config	88	static
main.c:378:13:MX_I2C1_Init	8	static
main.c:412:13:MX_I2C2_Init	8	static
main.c:446:13:MX_I2C3_Init	8	static
main.c:480:13:MX_SPI1_Init	8	static
main.c:518:13:MX_SPI2_Init	8	static
main.c:556:13:MX_SPI3_Init	8	static
main.c:594:13:MX_TIM2_Init	32	static
main.c:639:13:MX_TIM3_Init	48	static
main.c:688:13:MX_TIM4_Init	56	static
main.c:737:13:MX_TIM8_Init	96	static
main.c:818:13:MX_TIM12_Init	56	static
main.c:874:13:MX_UART4_Init	8	static
main.c:907:13:MX_USART1_UART_Init	8	static
main.c:940:13:MX_USART2_UART_Init	8	static
main.c:971:13:MX_DMA_Init	16	static
main.c:989:13:MX_GPIO_Init	48	static
main.c:1058:6:HAL_GPIO_EXTI_Callback	16	static
main.c:1073:6:Error_Handler	4	static,ignoring_inline_asm
main.c:1092:6:assert_failed	16	static
