Archive member included to satisfy reference by file (symbol)

d:/program files/programok/stm32/stm32cubeide_1.8.0/stm32cubeide/plugins/com.st.stm32cube.ide.mcu.externaltools.gnu-tools-for-stm32.9-2020-q2-update.win32_2.0.0.202105311346/tools/bin/../lib/gcc/arm-none-eabi/9.3.1/../../../../arm-none-eabi/lib/thumb/v7e-m+fp/hard\libc_nano.a(lib_a-errno.o)
                              ./Core/Src/syscalls.o (__errno)
d:/program files/programok/stm32/stm32cubeide_1.8.0/stm32cubeide/plugins/com.st.stm32cube.ide.mcu.externaltools.gnu-tools-for-stm32.9-2020-q2-update.win32_2.0.0.202105311346/tools/bin/../lib/gcc/arm-none-eabi/9.3.1/../../../../arm-none-eabi/lib/thumb/v7e-m+fp/hard\libc_nano.a(lib_a-exit.o)
                              d:/program files/programok/stm32/stm32cubeide_1.8.0/stm32cubeide/plugins/com.st.stm32cube.ide.mcu.externaltools.gnu-tools-for-stm32.9-2020-q2-update.win32_2.0.0.202105311346/tools/bin/../lib/gcc/arm-none-eabi/9.3.1/../../../../arm-none-eabi/lib/thumb/v7e-m+fp/hard/crt0.o (exit)
d:/program files/programok/stm32/stm32cubeide_1.8.0/stm32cubeide/plugins/com.st.stm32cube.ide.mcu.externaltools.gnu-tools-for-stm32.9-2020-q2-update.win32_2.0.0.202105311346/tools/bin/../lib/gcc/arm-none-eabi/9.3.1/../../../../arm-none-eabi/lib/thumb/v7e-m+fp/hard\libc_nano.a(lib_a-impure.o)
                              d:/program files/programok/stm32/stm32cubeide_1.8.0/stm32cubeide/plugins/com.st.stm32cube.ide.mcu.externaltools.gnu-tools-for-stm32.9-2020-q2-update.win32_2.0.0.202105311346/tools/bin/../lib/gcc/arm-none-eabi/9.3.1/../../../../arm-none-eabi/lib/thumb/v7e-m+fp/hard\libc_nano.a(lib_a-exit.o) (_global_impure_ptr)
d:/program files/programok/stm32/stm32cubeide_1.8.0/stm32cubeide/plugins/com.st.stm32cube.ide.mcu.externaltools.gnu-tools-for-stm32.9-2020-q2-update.win32_2.0.0.202105311346/tools/bin/../lib/gcc/arm-none-eabi/9.3.1/../../../../arm-none-eabi/lib/thumb/v7e-m+fp/hard\libc_nano.a(lib_a-init.o)
                              d:/program files/programok/stm32/stm32cubeide_1.8.0/stm32cubeide/plugins/com.st.stm32cube.ide.mcu.externaltools.gnu-tools-for-stm32.9-2020-q2-update.win32_2.0.0.202105311346/tools/bin/../lib/gcc/arm-none-eabi/9.3.1/../../../../arm-none-eabi/lib/thumb/v7e-m+fp/hard/crt0.o (__libc_init_array)
d:/program files/programok/stm32/stm32cubeide_1.8.0/stm32cubeide/plugins/com.st.stm32cube.ide.mcu.externaltools.gnu-tools-for-stm32.9-2020-q2-update.win32_2.0.0.202105311346/tools/bin/../lib/gcc/arm-none-eabi/9.3.1/../../../../arm-none-eabi/lib/thumb/v7e-m+fp/hard\libc_nano.a(lib_a-memcpy-stub.o)
                              ./Drivers/VL53L1X/core/src/vl53l1_api.o (memcpy)
d:/program files/programok/stm32/stm32cubeide_1.8.0/stm32cubeide/plugins/com.st.stm32cube.ide.mcu.externaltools.gnu-tools-for-stm32.9-2020-q2-update.win32_2.0.0.202105311346/tools/bin/../lib/gcc/arm-none-eabi/9.3.1/../../../../arm-none-eabi/lib/thumb/v7e-m+fp/hard\libc_nano.a(lib_a-memset.o)
                              d:/program files/programok/stm32/stm32cubeide_1.8.0/stm32cubeide/plugins/com.st.stm32cube.ide.mcu.externaltools.gnu-tools-for-stm32.9-2020-q2-update.win32_2.0.0.202105311346/tools/bin/../lib/gcc/arm-none-eabi/9.3.1/../../../../arm-none-eabi/lib/thumb/v7e-m+fp/hard/crt0.o (memset)
d:/program files/programok/stm32/stm32cubeide_1.8.0/stm32cubeide/plugins/com.st.stm32cube.ide.mcu.externaltools.gnu-tools-for-stm32.9-2020-q2-update.win32_2.0.0.202105311346/tools/bin/../lib/gcc/arm-none-eabi/9.3.1/../../../../arm-none-eabi/lib/thumb/v7e-m+fp/hard\libc_nano.a(lib_a-strncpy.o)
                              ./Drivers/VL53L1X/core/src/vl53l1_api.o (strncpy)
d:/program files/programok/stm32/stm32cubeide_1.8.0/stm32cubeide/plugins/com.st.stm32cube.ide.mcu.externaltools.gnu-tools-for-stm32.9-2020-q2-update.win32_2.0.0.202105311346/tools/bin/../lib/gcc/arm-none-eabi/9.3.1/thumb/v7e-m+fp/hard\libgcc.a(_arm_muldf3.o)
                              ./Core/Src/main.o (__aeabi_dmul)
d:/program files/programok/stm32/stm32cubeide_1.8.0/stm32cubeide/plugins/com.st.stm32cube.ide.mcu.externaltools.gnu-tools-for-stm32.9-2020-q2-update.win32_2.0.0.202105311346/tools/bin/../lib/gcc/arm-none-eabi/9.3.1/thumb/v7e-m+fp/hard\libgcc.a(_arm_addsubdf3.o)
                              ./Core/Src/main.o (__aeabi_dsub)
d:/program files/programok/stm32/stm32cubeide_1.8.0/stm32cubeide/plugins/com.st.stm32cube.ide.mcu.externaltools.gnu-tools-for-stm32.9-2020-q2-update.win32_2.0.0.202105311346/tools/bin/../lib/gcc/arm-none-eabi/9.3.1/thumb/v7e-m+fp/hard\libgcc.a(_arm_muldivdf3.o)
                              ./Core/Src/main.o (__aeabi_ddiv)
d:/program files/programok/stm32/stm32cubeide_1.8.0/stm32cubeide/plugins/com.st.stm32cube.ide.mcu.externaltools.gnu-tools-for-stm32.9-2020-q2-update.win32_2.0.0.202105311346/tools/bin/../lib/gcc/arm-none-eabi/9.3.1/thumb/v7e-m+fp/hard\libgcc.a(_arm_cmpdf2.o)
                              ./Core/Src/main.o (__aeabi_dcmplt)
[...]
Memory Configuration

Name             Origin             Length             Attributes
RAM              0x0000000020000000 0x0000000000020000 xrw
FLASH            0x0000000008000000 0x0000000000080000 xr
*default*        0x0000000000000000 0xffffffffffffffff

Linker script and memory map

LOAD d:/program files/programok/stm32/stm32cubeide_1.8.0/stm32cubeide/plugins/com.st.stm32cube.ide.mcu.externaltools.gnu-tools-for-stm32.9-2020-q2-update.win32_2.0.0.202105311346/tools/bin/../lib/gcc/arm-none-eabi/9.3.1/thumb/v7e-m+fp/hard/crti.o
LOAD d:/program files/programok/stm32/stm32cubeide_1.8.0/stm32cubeide/plugins/com.st.stm32cube.ide.mcu.externaltools.gnu-tools-for-stm32.9-2020-q2-update.win32_2.0.0.202105311346/tools/bin/../lib/gcc/arm-none-eabi/9.3.1/thumb/v7e-m+fp/hard/crtbegin.o
LOAD d:/program files/programok/stm32/stm32cubeide_1.8.0/stm32cubeide/plugins/com.st.stm32cube.ide.mcu.externaltools.gnu-tools-for-stm32.9-2020-q2-update.win32_2.0.0.202105311346/tools/bin/../lib/gcc/arm-none-eabi/9.3.1/../../../../arm-none-eabi/lib/thumb/v7e-m+fp/hard/crt0.o
LOAD ./Core/Src/main.o
LOAD ./Core/Src/stm32f4xx_hal_msp.o
LOAD ./Core/Src/stm32f4xx_it.o
LOAD ./Core/Src/syscalls.o
LOAD ./Core/Src/sysmem.o
LOAD ./Core/Src/system_stm32f4xx.o
LOAD ./Core/Startup/startup_stm32f446retx.o
LOAD ./Drivers/STM32F4xx_HAL_Driver/Src/stm32f4xx_hal.o
LOAD ./Drivers/STM32F4xx_HAL_Driver/Src/stm32f4xx_hal_cortex.o
LOAD ./Drivers/STM32F4xx_HAL_Driver/Src/stm32f4xx_hal_dma.o
LOAD ./Drivers/STM32F4xx_HAL_Driver/Src/stm32f4xx_hal_dma_ex.o
LOAD ./Drivers/STM32F4xx_HAL_Driver/Src/stm32f4xx_hal_exti.o
LOAD ./Drivers/STM32F4xx_HAL_Driver/Src/stm32f4xx_hal_flash.o
LOAD ./Drivers/STM32F4xx_HAL_Driver/Src/stm32f4xx_hal_flash_ex.o
LOAD ./Drivers/STM32F4xx_HAL_Driver/Src/stm32f4xx_hal_flash_ramfunc.o
LOAD ./Drivers/STM32F4xx_HAL_Driver/Src/stm32f4xx_hal_gpio.o
LOAD ./Drivers/STM32F4xx_HAL_Driver/Src/stm32f4xx_hal_i2c.o
LOAD ./Drivers/STM32F4xx_HAL_Driver/Src/stm32f4xx_hal_i2c_ex.o
LOAD ./Drivers/STM32F4xx_HAL_Driver/Src/stm32f4xx_hal_pwr.o
LOAD ./Drivers/STM32F4xx_HAL_Driver/Src/stm32f4xx_hal_pwr_ex.o
LOAD ./Drivers/STM32F4xx_HAL_Driver/Src/stm32f4xx_hal_rcc.o
LOAD ./Drivers/STM32F4xx_HAL_Driver/Src/stm32f4xx_hal_rcc_ex.o
LOAD ./Drivers/STM32F4xx_HAL_Driver/Src/stm32f4xx_hal_spi.o
LOAD ./Drivers/STM32F4xx_HAL_Driver/Src/stm32f4xx_hal_tim.o
LOAD ./Drivers/STM32F4xx_HAL_Driver/Src/stm32f4xx_hal_tim_ex.o
LOAD ./Drivers/STM32F4xx_HAL_Driver/Src/stm32f4xx_hal_uart.o
LOAD ./Drivers/VL53L1X/core/src/vl53l1_api.o
LOAD ./Drivers/VL53L1X/core/src/vl53l1_api_calibration.o
LOAD ./Drivers/VL53L1X/core/src/vl53l1_api_core.o
LOAD ./Drivers/VL53L1X/core/src/vl53l1_api_debug.o
LOAD ./Drivers/VL53L1X/core/src/vl53l1_api_preset_modes.o
LOAD ./Drivers/VL53L1X/core/src/vl53l1_api_strings.o
LOAD ./Drivers/VL53L1X/core/src/vl53l1_core.o
LOAD ./Drivers/VL53L1X/core/src/vl53l1_core_support.o
LOAD ./Drivers/VL53L1X/core/src/vl53l1_error_strings.o
LOAD ./Drivers/VL53L1X/core/src/vl53l1_register_funcs.o
LOAD ./Drivers/VL53L1X/core/src/vl53l1_silicon_core.o
LOAD ./Drivers/VL53L1X/core/src/vl53l1_wait.o
LOAD ./Drivers/VL53L1X/platform/src/vl53l1_platform.o
LOAD ./Drivers/VL53L1X/platform/src/vl53l1_platform_log.o
LOAD ./ECUAL/BUTTONS/BUTTONS.o
LOAD ./ECUAL/BUTTONS/BUTTONS_cfg.o
LOAD ./ECUAL/DC_MOTOR/DC_MOTOR.o
LOAD ./ECUAL/DC_MOTOR/DC_MOTOR_cfg.o
LOAD ./MATH/FIR/FIR.o
LOAD ./util/DWT_Delay.o
LOAD ./util/Timer_Delay.o
START GROUP
LOAD d:/program files/programok/stm32/stm32cubeide_1.8.0/stm32cubeide/plugins/com.st.stm32cube.ide.mcu.externaltools.gnu-tools-for-stm32.9-2020-q2-update.win32_2.0.0.202105311346/tools/bin/../lib/gcc/arm-none-eabi/9.3.1/../../../../arm-none-eabi/lib/thumb/v7e-m+fp/hard\libc_nano.a
LOAD d:/program files/programok/stm32/stm32cubeide_1.8.0/stm32cubeide/plugins/com.st.stm32cube.ide.mcu.externaltools.gnu-tools-for-stm32.9-2020-q2-update.win32_2.0.0.202105311346/tools/bin/../lib/gcc/arm-none-eabi/9.3.1/../../../../arm-none-eabi/lib/thumb/v7e-m+fp/hard\libm.a
END GROUP
START GROUP
LOAD d:/program files/programok/stm32/stm32cubeide_1.8.0/stm32cubeide/plugins/com.st.stm32cube.ide.mcu.externaltools.gnu-tools-for-stm32.9-2020-q2-update.win32_2.0.0.202105311346/tools/bin/../lib/gcc/arm-none-eabi/9.3.1/thumb/v7e-m+fp/hard\libgcc.a
LOAD d:/program files/programok/stm32/stm32cubeide_1.8.0/stm32cubeide/plugins/com.st.stm32cube.ide.mcu.externaltools.gnu-tools-for-stm32.9-2020-q2-update.win32_2.0.0.202105311346/tools/bin/../lib/gcc/arm-none-eabi/9.3.1/../../../../arm-none-eabi/lib/thumb/v7e-m+fp/hard\libc_nano.a
END GROUP
START GROUP
LOAD d:/program files/programok/stm32/stm32cubeide_1.8.0/stm32cubeide/plugins/com.st.stm32cube.ide.mcu.externaltools.gnu-tools-for-stm32.9-2020-q2-update.win32_2.0.0.202105311346/tools/bin/../lib/gcc/arm-none-eabi/9.3.1/thumb/v7e-m+fp/hard\libgcc.a
LOAD d:/program files/programok/stm32/stm32cubeide_1.8.0/stm32cubeide/plugins/com.st.stm32cube.ide.mcu.externaltools.gnu-tools-for-stm32.9-2020-q2-update.win32_2.0.0.202105311346/tools/bin/../lib/gcc/arm-none-eabi/9.3.1/../../../../arm-none-eabi/lib/thumb/v7e-m+fp/hard\libc_nano.a
LOAD d:/program files/programok/stm32/stm32cubeide_1.8.0/stm32cubeide/plugins/com.st.stm32cube.ide.mcu.externaltools.gnu-tools-for-stm32.9-2020-q2-update.win32_2.0.0.202105311346/tools/bin/../lib/gcc/arm-none-eabi/9.3.1/../../../../arm-none-eabi/lib/thumb/v7e-m+fp/hard\libnosys.a
END GROUP
START GROUP
LOAD d:/program files/programok/stm32/stm32cubeide_1.8.0/stm32cubeide/plugins/com.st.stm32cube.ide.mcu.externaltools.gnu-tools-for-stm32.9-2020-q2-update.win32_2.0.0.202105311346/tools/bin/../lib/gcc/arm-none-eabi/9.3.1/thumb/v7e-m+fp/hard\libgcc.a
LOAD d:/program files/programok/stm32/stm32cubeide_1.8.0/stm32cubeide/plugins/com.st.stm32cube.ide.mcu.externaltools.gnu-tools-for-stm32.9-2020-q2-update.win32_2.0.0.202105311346/tools/bin/../lib/gcc/arm-none-eabi/9.3.1/../../../../arm-none-eabi/lib/thumb/v7e-m+fp/hard\libc_nano.a
LOAD d:/program files/programok/stm32/stm32cubeide_1.8.0/stm32cubeide/plugins/com.st.stm32cube.ide.mcu.externaltools.gnu-tools-for-stm32.9-2020-q2-update.win32_2.0.0.202105311346/tools/bin/../lib/gcc/arm-none-eabi/9.3.1/../../../../arm-none-eabi/lib/thumb/v7e-m+fp/hard\libnosys.a
END GROUP
LOAD d:/program files/programok/stm32/stm32cubeide_1.8.0/stm32cubeide/plugins/com.st.stm32cube.ide.mcu.externaltools.gnu-tools-for-stm32.9-2020-q2-update.win32_2.0.0.202105311346/tools/bin/../lib/gcc/arm-none-eabi/9.3.1/thumb/v7e-m+fp/hard/crtend.o
LOAD d:/program files/programok/stm32/stm32cubeide_1.8.0/stm32cubeide/plugins/com.st.stm32cube.ide.mcu.externaltools.gnu-tools-for-stm32.9-2020-q2-update.win32_2.0.0.202105311346/tools/bin/../lib/gcc/arm-none-eabi/9.3.1/thumb/v7e-m+fp/hard/crtn.o
                0x0000000020020000                _estack = (ORIGIN (RAM) + LENGTH (RAM))
                0x0000000000000200                _Min_Heap_Size = 0x200
                0x0000000000000400                _Min_Stack_Size = 0x400

.isr_vector     0x0000000008000000      0x1c4
                0x0000000008000000                . = ALIGN (0x4)
 *(.isr_vector)
 .isr_vector    0x0000000008000000      0x1c4 ./Core/Startup/startup_stm32f446retx.o
                0x0000000008000000                g_pfnVectors
                0x00000000080001c4                . = ALIGN (0x4)

.text           0x00000000080001c8    0x1205c
                0x00000000080001c8                . = ALIGN (0x4)
 *(.text)
 .text          0x00000000080001c8       0x40 d:/program files/programok/stm32/stm32cubeide_1.8.0/stm32cubeide/plugins/com.st.stm32cube.ide.mcu.externaltools.gnu-tools-for-stm32.9-2020-q2-update.win32_2.0.0.202105311346/tools/bin/../lib/gcc/arm-none-eabi/9.3.1/thumb/v7e-m+fp/hard/crtbegin.o
 .text          0x0000000008000208      0x378 d:/program files/programok/stm32/stm32cubeide_1.8.0/stm32cubeide/plugins/com.st.stm32cube.ide.mcu.externaltools.gnu-tools-for-stm32.9-2020-q2-update.win32_2.0.0.202105311346/tools/bin/../lib/gcc/arm-none-eabi/9.3.1/thumb/v7e-m+fp/hard\libgcc.a(_arm_addsubdf3.o)
                0x0000000008000208                __aeabi_drsub
                0x0000000008000210                __aeabi_dsub
                0x0000000008000210                __subdf3
                0x0000000008000214                __aeabi_dadd
                0x0000000008000214                __adddf3
                0x000000000800048c                __floatunsidf
                0x000000000800048c                __aeabi_ui2d
                0x00000000080004ac                __floatsidf
                0x00000000080004ac                __aeabi_i2d
                0x00000000080004d0                __aeabi_f2d
                0x00000000080004d0                __extendsfdf2
                0x0000000008000514                __floatundidf
                0x0000000008000514                __aeabi_ul2d
                0x0000000008000524                __floatdidf
                0x0000000008000524                __aeabi_l2d
 .text          0x0000000008000580      0x424 d:/program files/programok/stm32/stm32cubeide_1.8.0/stm32cubeide/plugins/com.st.stm32cube.ide.mcu.externaltools.gnu-tools-for-stm32.9-2020-q2-update.win32_2.0.0.202105311346/tools/bin/../lib/gcc/arm-none-eabi/9.3.1/thumb/v7e-m+fp/hard\libgcc.a(_arm_muldivdf3.o)
                0x0000000008000580                __aeabi_dmul
                0x0000000008000580                __muldf3
                0x00000000080007d4                __divdf3
                0x00000000080007d4                __aeabi_ddiv
 .text          0x00000000080009a4      0x110 d:/program files/programok/stm32/stm32cubeide_1.8.0/stm32cubeide/plugins/com.st.stm32cube.ide.mcu.externaltools.gnu-tools-for-stm32.9-2020-q2-update.win32_2.0.0.202105311346/tools/bin/../lib/gcc/arm-none-eabi/9.3.1/thumb/v7e-m+fp/hard\libgcc.a(_arm_cmpdf2.o)
                0x00000000080009a4                __gtdf2
                0x00000000080009a4                __gedf2
                0x00000000080009ac                __ltdf2
                0x00000000080009ac                __ledf2
                0x00000000080009b4                __nedf2
                0x00000000080009b4                __eqdf2
                0x00000000080009b4                __cmpdf2
                0x0000000008000a30                __aeabi_cdrcmple
                0x0000000008000a40                __aeabi_cdcmpeq
                0x0000000008000a40                __aeabi_cdcmple
                0x0000000008000a50                __aeabi_dcmpeq
                0x0000000008000a64                __aeabi_dcmplt
                0x0000000008000a78                __aeabi_dcmple
                0x0000000008000a8c                __aeabi_dcmpge
                0x0000000008000aa0                __aeabi_dcmpgt
 .text          0x0000000008000ab4       0x40 d:/program files/programok/stm32/stm32cubeide_1.8.0/stm32cubeide/plugins/com.st.stm32cube.ide.mcu.externaltools.gnu-tools-for-stm32.9-2020-q2-update.win32_2.0.0.202105311346/tools/bin/../lib/gcc/arm-none-eabi/9.3.1/thumb/v7e-m+fp/hard\libgcc.a(_arm_fixunsdfsi.o)
                0x0000000008000ab4                __aeabi_d2uiz
                0x0000000008000ab4                __fixunsdfsi
 .text          0x0000000008000af4       0xa0 d:/program files/programok/stm32/stm32cubeide_1.8.0/stm32cubeide/plugins/com.st.stm32cube.ide.mcu.externaltools.gnu-tools-for-stm32.9-2020-q2-update.win32_2.0.0.202105311346/tools/bin/../lib/gcc/arm-none-eabi/9.3.1/thumb/v7e-m+fp/hard\libgcc.a(_arm_truncdfsf2.o)
                0x0000000008000af4                __truncdfsf2
                0x0000000008000af4                __aeabi_d2f
 .text          0x0000000008000b94       0x30 d:/program files/programok/stm32/stm32cubeide_1.8.0/stm32cubeide/plugins/com.st.stm32cube.ide.mcu.externaltools.gnu-tools-for-stm32.9-2020-q2-update.win32_2.0.0.202105311346/tools/bin/../lib/gcc/arm-none-eabi/9.3.1/thumb/v7e-m+fp/hard\libgcc.a(_aeabi_uldivmod.o)
                0x0000000008000b94                __aeabi_uldivmod
 .text          0x0000000008000bc4      0x2c4 d:/program files/programok/stm32/stm32cubeide_1.8.0/stm32cubeide/plugins/com.st.stm32cube.ide.mcu.externaltools.gnu-tools-for-stm32.9-2020-q2-update.win32_2.0.0.202105311346/tools/bin/../lib/gcc/arm-none-eabi/9.3.1/thumb/v7e-m+fp/hard\libgcc.a(_udivmoddi4.o)
                0x0000000008000bc4                __udivmoddi4
 .text          0x0000000008000e88        0x4 d:/program files/programok/stm32/stm32cubeide_1.8.0/stm32cubeide/plugins/com.st.stm32cube.ide.mcu.externaltools.gnu-tools-for-stm32.9-2020-q2-update.win32_2.0.0.202105311346/tools/bin/../lib/gcc/arm-none-eabi/9.3.1/thumb/v7e-m+fp/hard\libgcc.a(_dvmd_tls.o)
                0x0000000008000e88                __aeabi_idiv0
                0x0000000008000e88                __aeabi_ldiv0
 *(.text*)
 .text.SERVO_Init
                0x0000000008000e8c      0x320 ./Core/Src/main.o
                0x0000000008000e8c                SERVO_Init
 .text.SERVO_MoveTo
                0x00000000080011ac       0xa0 ./Core/Src/main.o
                0x00000000080011ac                SERVO_MoveTo
 .text.HAL_UART_RxCpltCallback
                0x000000000800124c       0xd0 ./Core/Src/main.o
                0x000000000800124c                HAL_UART_RxCpltCallback
 .text.HAL_TIM_PeriodElapsedCallback
                0x000000000800131c       0x88 ./Core/Src/main.o
                0x000000000800131c                HAL_TIM_PeriodElapsedCallback
 .text.main     0x00000000080013a4      0x31c ./Core/Src/main.o
                0x00000000080013a4                main
 .text.SystemClock_Config
                0x00000000080016c0       0xe4 ./Core/Src/main.o
                0x00000000080016c0                SystemClock_Config
 .text.MX_I2C1_Init
                0x00000000080017a4       0x5c ./Core/Src/main.o
 .text.MX_I2C2_Init
                0x0000000008001800       0x5c ./Core/Src/main.o
 .text.MX_I2C3_Init
                0x000000000800185c       0x5c ./Core/Src/main.o
 .text.MX_SPI1_Init
                0x00000000080018b8       0x6c ./Core/Src/main.o
 .text.MX_SPI2_Init
                0x0000000008001924       0x6c ./Core/Src/main.o
 .text.MX_SPI3_Init
                0x0000000008001990       0x6c ./Core/Src/main.o
 .text.MX_TIM2_Init
                0x00000000080019fc       0x98 ./Core/Src/main.o
 .text.MX_TIM3_Init
                0x0000000008001a94       0xb4 ./Core/Src/main.o
 .text.MX_TIM4_Init
                0x0000000008001b48       0xa8 ./Core/Src/main.o
 .text.MX_TIM8_Init
                0x0000000008001bf0      0x158 ./Core/Src/main.o
 .text.MX_TIM12_Init
                0x0000000008001d48       0xe0 ./Core/Src/main.o
 .text.MX_UART4_Init
                0x0000000008001e28       0x54 ./Core/Src/main.o
 .text.MX_USART1_UART_Init
                0x0000000008001e7c       0x54 ./Core/Src/main.o
 .text.MX_USART2_UART_Init
                0x0000000008001ed0       0x54 ./Core/Src/main.o
 .text.MX_DMA_Init
                0x0000000008001f24       0x40 ./Core/Src/main.o
 .text.MX_GPIO_Init
                0x0000000008001f64      0x194 ./Core/Src/main.o
 .text.Vonalszenzor_Init
                0x00000000080020f8       0x24 ./Core/Src/main.o
 .text.Vonalszenzor_operal
                0x000000000800211c      0x89c ./Core/Src/main.o
 .text.Vonalszenzor_minta_kuldes
                0x00000000080029b8       0x50 ./Core/Src/main.o
                0x00000000080029b8                Vonalszenzor_minta_kuldes
 .text.Vonalas_tombok_torlese
                0x0000000008002a08       0x70 ./Core/Src/main.o
                0x0000000008002a08                Vonalas_tombok_torlese
 .text.Vonalszenzor_meres_kiolvasas
                0x0000000008002a78       0x3c ./Core/Src/main.o
                0x0000000008002a78                Vonalszenzor_meres_kiolvasas
 .text.Vonalas_tombok_feltoltese
                0x0000000008002ab4      0x254 ./Core/Src/main.o
                0x0000000008002ab4                Vonalas_tombok_feltoltese
 .text.Irany_valaszto
                0x0000000008002d08      0x1d0 ./Core/Src/main.o
                0x0000000008002d08                Irany_valaszto
 .text.Kovetendo_vonal_valaszto
                0x0000000008002ed8      0x4e8 ./Core/Src/main.o
                0x0000000008002ed8                Kovetendo_vonal_valaszto
 .text.Szervo_szog_beallit
                0x00000000080033c0      0x178 ./Core/Src/main.o
                0x00000000080033c0                Szervo_szog_beallit
 .text.MinDistance
                0x0000000008003538       0x62 ./Core/Src/main.o
                0x0000000008003538                MinDistance
 *fill*         0x000000000800359a        0x2 
 .text.Source_Target_allito
                0x000000000800359c      0x188 ./Core/Src/main.o
                0x000000000800359c                Source_Target_allito
 .text.Kapukbol_iranyok
                0x0000000008003724       0x40 ./Core/Src/main.o
                0x0000000008003724                Kapukbol_iranyok
 .text.Dijkstra
                0x0000000008003764      0x2a0 ./Core/Src/main.o
                0x0000000008003764                Dijkstra
 .text.Graf_csucs_feltolt
                0x0000000008003a04      0x37c ./Core/Src/main.o
                0x0000000008003a04                Graf_csucs_feltolt
 .text.Graf_irany_feltolt
                0x0000000008003d80      0x750 ./Core/Src/main.o
                0x0000000008003d80                Graf_irany_feltolt
 .text.Kapuk_letilt
                0x00000000080044d0      0x378 ./Core/Src/main.o
                0x00000000080044d0                Kapuk_letilt
 .text.Iranyok_torlo
                0x0000000008004848       0x34 ./Core/Src/main.o
                0x0000000008004848                Iranyok_torlo
 .text.Iranyok_osszeallito
                0x000000000800487c       0xe4 ./Core/Src/main.o
                0x000000000800487c                Iranyok_osszeallito
 .text.HAL_GPIO_EXTI_Callback
                0x0000000008004960       0x38 ./Core/Src/main.o
                0x0000000008004960                HAL_GPIO_EXTI_Callback
 .text.Error_Handler
                0x0000000008004998        0xa ./Core/Src/main.o
                0x0000000008004998                Error_Handler
 .text.assert_failed
                0x00000000080049a2       0x16 ./Core/Src/main.o
                0x00000000080049a2                assert_failed
 .text.HAL_MspInit
                0x00000000080049b8       0x50 ./Core/Src/stm32f4xx_hal_msp.o
                0x00000000080049b8                HAL_MspInit
 .text.HAL_I2C_MspInit
                0x0000000008004a08      0x1e8 ./Core/Src/stm32f4xx_hal_msp.o
                0x0000000008004a08                HAL_I2C_MspInit
 .text.HAL_SPI_MspInit
                0x0000000008004bf0      0x2a4 ./Core/Src/stm32f4xx_hal_msp.o
                0x0000000008004bf0                HAL_SPI_MspInit
 .text.HAL_TIM_Base_MspInit
                0x0000000008004e94       0xc4 ./Core/Src/stm32f4xx_hal_msp.o
                0x0000000008004e94                HAL_TIM_Base_MspInit
 .text.HAL_TIM_PWM_MspInit
                0x0000000008004f58       0x50 ./Core/Src/stm32f4xx_hal_msp.o
                0x0000000008004f58                HAL_TIM_PWM_MspInit
 .text.HAL_TIM_Encoder_MspInit
                0x0000000008004fa8       0xa0 ./Core/Src/stm32f4xx_hal_msp.o
                0x0000000008004fa8                HAL_TIM_Encoder_MspInit
 .text.HAL_TIM_MspPostInit
                0x0000000008005048      0x114 ./Core/Src/stm32f4xx_hal_msp.o
                0x0000000008005048                HAL_TIM_MspPostInit
 .text.HAL_UART_MspInit
                0x000000000800515c      0x1c4 ./Core/Src/stm32f4xx_hal_msp.o
                0x000000000800515c                HAL_UART_MspInit
 .text.NMI_Handler
                0x0000000008005320        0x6 ./Core/Src/stm32f4xx_it.o
                0x0000000008005320                NMI_Handler
 .text.HardFault_Handler
                0x0000000008005326        0x6 ./Core/Src/stm32f4xx_it.o
                0x0000000008005326                HardFault_Handler
 .text.MemManage_Handler
                0x000000000800532c        0x6 ./Core/Src/stm32f4xx_it.o
                0x000000000800532c                MemManage_Handler
 .text.BusFault_Handler
                0x0000000008005332        0x6 ./Core/Src/stm32f4xx_it.o
                0x0000000008005332                BusFault_Handler
 .text.UsageFault_Handler
                0x0000000008005338        0x6 ./Core/Src/stm32f4xx_it.o
                0x0000000008005338                UsageFault_Handler
 .text.SVC_Handler
                0x000000000800533e        0xe ./Core/Src/stm32f4xx_it.o
                0x000000000800533e                SVC_Handler
 .text.DebugMon_Handler
                0x000000000800534c        0xe ./Core/Src/stm32f4xx_it.o
                0x000000000800534c                DebugMon_Handler
 .text.PendSV_Handler
                0x000000000800535a        0xe ./Core/Src/stm32f4xx_it.o
                0x000000000800535a                PendSV_Handler
 .text.SysTick_Handler
                0x0000000008005368        0xc ./Core/Src/stm32f4xx_it.o
                0x0000000008005368                SysTick_Handler
 .text.DMA1_Stream5_IRQHandler
                0x0000000008005374       0x14 ./Core/Src/stm32f4xx_it.o
                0x0000000008005374                DMA1_Stream5_IRQHandler
 .text.TIM2_IRQHandler
                0x0000000008005388       0x14 ./Core/Src/stm32f4xx_it.o
                0x0000000008005388                TIM2_IRQHandler
 .text.TIM3_IRQHandler
                0x000000000800539c       0x14 ./Core/Src/stm32f4xx_it.o
                0x000000000800539c                TIM3_IRQHandler
 .text.TIM4_IRQHandler
                0x00000000080053b0       0x14 ./Core/Src/stm32f4xx_it.o
                0x00000000080053b0                TIM4_IRQHandler
 .text.USART1_IRQHandler
                0x00000000080053c4       0x14 ./Core/Src/stm32f4xx_it.o
                0x00000000080053c4                USART1_IRQHandler
 .text.EXTI15_10_IRQHandler
                0x00000000080053d8       0x10 ./Core/Src/stm32f4xx_it.o
                0x00000000080053d8                EXTI15_10_IRQHandler
 .text.TIM8_BRK_TIM12_IRQHandler
                0x00000000080053e8       0x1c ./Core/Src/stm32f4xx_it.o
                0x00000000080053e8                TIM8_BRK_TIM12_IRQHandler
 .text.UART4_IRQHandler
                0x0000000008005404       0x14 ./Core/Src/stm32f4xx_it.o
                0x0000000008005404                UART4_IRQHandler
 .text.SystemInit
                0x0000000008005418       0x24 ./Core/Src/system_stm32f4xx.o
                0x0000000008005418                SystemInit
 .text.Reset_Handler
                0x000000000800543c       0x50 ./Core/Startup/startup_stm32f446retx.o
                0x000000000800543c                Reset_Handler
 .text.Default_Handler
                0x000000000800548c        0x2 ./Core/Startup/startup_stm32f446retx.o
                0x000000000800548c                RTC_Alarm_IRQHandler
                0x000000000800548c                EXTI2_IRQHandler
                0x000000000800548c                TIM8_CC_IRQHandler
                0x000000000800548c                FMPI2C1_EV_IRQHandler
                0x000000000800548c                SPI4_IRQHandler
                0x000000000800548c                TIM1_CC_IRQHandler
                0x000000000800548c                DMA2_Stream5_IRQHandler
                0x000000000800548c                PVD_IRQHandler
                0x000000000800548c                SDIO_IRQHandler
                0x000000000800548c                TAMP_STAMP_IRQHandler
                0x000000000800548c                CAN2_RX1_IRQHandler
                0x000000000800548c                EXTI3_IRQHandler
                0x000000000800548c                TIM8_TRG_COM_TIM14_IRQHandler
                0x000000000800548c                TIM1_UP_TIM10_IRQHandler
                0x000000000800548c                TIM8_UP_TIM13_IRQHandler
                0x000000000800548c                I2C3_ER_IRQHandler
                0x000000000800548c                EXTI0_IRQHandler
                0x000000000800548c                I2C2_EV_IRQHandler
                0x000000000800548c                DMA1_Stream2_IRQHandler
                0x000000000800548c                CAN1_RX0_IRQHandler
                0x000000000800548c                FPU_IRQHandler
                0x000000000800548c                OTG_HS_WKUP_IRQHandler
                0x000000000800548c                CAN2_SCE_IRQHandler
                0x000000000800548c                DMA2_Stream2_IRQHandler
                0x000000000800548c                SPI1_IRQHandler
                0x000000000800548c                TIM6_DAC_IRQHandler
                0x000000000800548c                TIM1_BRK_TIM9_IRQHandler
                0x000000000800548c                DCMI_IRQHandler
                0x000000000800548c                CAN2_RX0_IRQHandler
                0x000000000800548c                DMA2_Stream3_IRQHandler
                0x000000000800548c                SAI2_IRQHandler
                0x000000000800548c                USART6_IRQHandler
                0x000000000800548c                USART3_IRQHandler
                0x000000000800548c                CAN1_RX1_IRQHandler
                0x000000000800548c                UART5_IRQHandler
                0x000000000800548c                DMA2_Stream0_IRQHandler
                0x000000000800548c                QUADSPI_IRQHandler
                0x000000000800548c                I2C1_EV_IRQHandler
                0x000000000800548c                DMA1_Stream6_IRQHandler
                0x000000000800548c                DMA1_Stream1_IRQHandler
                0x000000000800548c                RCC_IRQHandler
                0x000000000800548c                Default_Handler
                0x000000000800548c                CEC_IRQHandler
                0x000000000800548c                ADC_IRQHandler
                0x000000000800548c                DMA1_Stream7_IRQHandler
                0x000000000800548c                TIM7_IRQHandler
                0x000000000800548c                CAN2_TX_IRQHandler
                0x000000000800548c                TIM5_IRQHandler
                0x000000000800548c                DMA2_Stream7_IRQHandler
                0x000000000800548c                I2C3_EV_IRQHandler
                0x000000000800548c                EXTI9_5_IRQHandler
                0x000000000800548c                RTC_WKUP_IRQHandler
                0x000000000800548c                SPDIF_RX_IRQHandler
                0x000000000800548c                SPI2_IRQHandler
                0x000000000800548c                OTG_HS_EP1_IN_IRQHandler
                0x000000000800548c                DMA1_Stream0_IRQHandler
                0x000000000800548c                CAN1_TX_IRQHandler
                0x000000000800548c                FMPI2C1_ER_IRQHandler
                0x000000000800548c                EXTI4_IRQHandler
                0x000000000800548c                OTG_HS_EP1_OUT_IRQHandler
                0x000000000800548c                WWDG_IRQHandler
                0x000000000800548c                OTG_FS_WKUP_IRQHandler
                0x000000000800548c                TIM1_TRG_COM_TIM11_IRQHandler
                0x000000000800548c                OTG_HS_IRQHandler
                0x000000000800548c                EXTI1_IRQHandler
                0x000000000800548c                USART2_IRQHandler
                0x000000000800548c                I2C2_ER_IRQHandler
                0x000000000800548c                DMA2_Stream1_IRQHandler
                0x000000000800548c                CAN1_SCE_IRQHandler
                0x000000000800548c                FLASH_IRQHandler
                0x000000000800548c                DMA2_Stream4_IRQHandler
                0x000000000800548c                OTG_FS_IRQHandler
                0x000000000800548c                SPI3_IRQHandler
                0x000000000800548c                DMA1_Stream4_IRQHandler
                0x000000000800548c                I2C1_ER_IRQHandler
                0x000000000800548c                FMC_IRQHandler
                0x000000000800548c                DMA2_Stream6_IRQHandler
                0x000000000800548c                SAI1_IRQHandler
                0x000000000800548c                DMA1_Stream3_IRQHandler
 *fill*         0x000000000800548e        0x2 
 .text.HAL_Init
                0x0000000008005490       0x44 ./Drivers/STM32F4xx_HAL_Driver/Src/stm32f4xx_hal.o
                0x0000000008005490                HAL_Init
 .text.HAL_InitTick
                0x00000000080054d4       0x60 ./Drivers/STM32F4xx_HAL_Driver/Src/stm32f4xx_hal.o
                0x00000000080054d4                HAL_InitTick
 .text.HAL_IncTick
                0x0000000008005534       0x28 ./Drivers/STM32F4xx_HAL_Driver/Src/stm32f4xx_hal.o
                0x0000000008005534                HAL_IncTick
 .text.HAL_GetTick
                0x000000000800555c       0x18 ./Drivers/STM32F4xx_HAL_Driver/Src/stm32f4xx_hal.o
                0x000000000800555c                HAL_GetTick
 .text.HAL_Delay
                0x0000000008005574       0x48 ./Drivers/STM32F4xx_HAL_Driver/Src/stm32f4xx_hal.o
                0x0000000008005574                HAL_Delay
 .text.__NVIC_SetPriorityGrouping
                0x00000000080055bc       0x48 ./Drivers/STM32F4xx_HAL_Driver/Src/stm32f4xx_hal_cortex.o
 .text.__NVIC_GetPriorityGrouping
                0x0000000008005604       0x1c ./Drivers/STM32F4xx_HAL_Driver/Src/stm32f4xx_hal_cortex.o
 .text.__NVIC_EnableIRQ
                0x0000000008005620       0x3c ./Drivers/STM32F4xx_HAL_Driver/Src/stm32f4xx_hal_cortex.o
 .text.__NVIC_SetPriority
                0x000000000800565c       0x54 ./Drivers/STM32F4xx_HAL_Driver/Src/stm32f4xx_hal_cortex.o
 .text.NVIC_EncodePriority
                0x00000000080056b0       0x66 ./Drivers/STM32F4xx_HAL_Driver/Src/stm32f4xx_hal_cortex.o
 *fill*         0x0000000008005716        0x2 
 .text.SysTick_Config
                0x0000000008005718       0x44 ./Drivers/STM32F4xx_HAL_Driver/Src/stm32f4xx_hal_cortex.o
 .text.HAL_NVIC_SetPriorityGrouping
                0x000000000800575c       0x40 ./Drivers/STM32F4xx_HAL_Driver/Src/stm32f4xx_hal_cortex.o
                0x000000000800575c                HAL_NVIC_SetPriorityGrouping
 .text.HAL_NVIC_SetPriority
                0x000000000800579c       0x58 ./Drivers/STM32F4xx_HAL_Driver/Src/stm32f4xx_hal_cortex.o
                0x000000000800579c                HAL_NVIC_SetPriority
 .text.HAL_NVIC_EnableIRQ
                0x00000000080057f4       0x30 ./Drivers/STM32F4xx_HAL_Driver/Src/stm32f4xx_hal_cortex.o
                0x00000000080057f4                HAL_NVIC_EnableIRQ
 .text.HAL_SYSTICK_Config
                0x0000000008005824       0x18 ./Drivers/STM32F4xx_HAL_Driver/Src/stm32f4xx_hal_cortex.o
                0x0000000008005824                HAL_SYSTICK_Config
 .text.HAL_DMA_Init
                0x000000000800583c      0x438 ./Drivers/STM32F4xx_HAL_Driver/Src/stm32f4xx_hal_dma.o
                0x000000000800583c                HAL_DMA_Init
 .text.HAL_DMA_Abort
                0x0000000008005c74       0xe0 ./Drivers/STM32F4xx_HAL_Driver/Src/stm32f4xx_hal_dma.o
                0x0000000008005c74                HAL_DMA_Abort
 .text.HAL_DMA_Abort_IT
                0x0000000008005d54       0x44 ./Drivers/STM32F4xx_HAL_Driver/Src/stm32f4xx_hal_dma.o
                0x0000000008005d54                HAL_DMA_Abort_IT
 .text.HAL_DMA_IRQHandler
                0x0000000008005d98      0x314 ./Drivers/STM32F4xx_HAL_Driver/Src/stm32f4xx_hal_dma.o
                0x0000000008005d98                HAL_DMA_IRQHandler
 .text.DMA_CalcBaseAndBitshift
                0x00000000080060ac       0x6c ./Drivers/STM32F4xx_HAL_Driver/Src/stm32f4xx_hal_dma.o
 .text.DMA_CheckFifoParam
                0x0000000008006118       0xf8 ./Drivers/STM32F4xx_HAL_Driver/Src/stm32f4xx_hal_dma.o
 .text.HAL_GPIO_Init
                0x0000000008006210      0x648 ./Drivers/STM32F4xx_HAL_Driver/Src/stm32f4xx_hal_gpio.o
                0x0000000008006210                HAL_GPIO_Init
 .text.HAL_GPIO_WritePin
                0x0000000008006858       0x64 ./Drivers/STM32F4xx_HAL_Driver/Src/stm32f4xx_hal_gpio.o
                0x0000000008006858                HAL_GPIO_WritePin
 .text.HAL_GPIO_EXTI_IRQHandler
                0x00000000080068bc       0x30 ./Drivers/STM32F4xx_HAL_Driver/Src/stm32f4xx_hal_gpio.o
                0x00000000080068bc                HAL_GPIO_EXTI_IRQHandler
 .text.HAL_I2C_Init
                0x00000000080068ec      0x398 ./Drivers/STM32F4xx_HAL_Driver/Src/stm32f4xx_hal_i2c.o
                0x00000000080068ec                HAL_I2C_Init
 .text.HAL_I2C_Master_Transmit
                0x0000000008006c84      0x1fc ./Drivers/STM32F4xx_HAL_Driver/Src/stm32f4xx_hal_i2c.o
                0x0000000008006c84                HAL_I2C_Master_Transmit
 .text.HAL_I2C_Master_Receive
                0x0000000008006e80      0x44c ./Drivers/STM32F4xx_HAL_Driver/Src/stm32f4xx_hal_i2c.o
                0x0000000008006e80                HAL_I2C_Master_Receive
 .text.I2C_MasterRequestWrite
                0x00000000080072cc      0x104 ./Drivers/STM32F4xx_HAL_Driver/Src/stm32f4xx_hal_i2c.o
 .text.I2C_MasterRequestRead
                0x00000000080073d0      0x19c ./Drivers/STM32F4xx_HAL_Driver/Src/stm32f4xx_hal_i2c.o
 .text.I2C_WaitOnFlagUntilTimeout
                0x000000000800756c       0xae ./Drivers/STM32F4xx_HAL_Driver/Src/stm32f4xx_hal_i2c.o
 .text.I2C_WaitOnMasterAddressFlagUntilTimeout
                0x000000000800761a       0xfe ./Drivers/STM32F4xx_HAL_Driver/Src/stm32f4xx_hal_i2c.o
 .text.I2C_WaitOnTXEFlagUntilTimeout
                0x0000000008007718       0x82 ./Drivers/STM32F4xx_HAL_Driver/Src/stm32f4xx_hal_i2c.o
 .text.I2C_WaitOnBTFFlagUntilTimeout
                0x000000000800779a       0x82 ./Drivers/STM32F4xx_HAL_Driver/Src/stm32f4xx_hal_i2c.o
 .text.I2C_WaitOnRXNEFlagUntilTimeout
                0x000000000800781c       0xac ./Drivers/STM32F4xx_HAL_Driver/Src/stm32f4xx_hal_i2c.o
 .text.I2C_IsAcknowledgeFailed
                0x00000000080078c8       0x5e ./Drivers/STM32F4xx_HAL_Driver/Src/stm32f4xx_hal_i2c.o
 *fill*         0x0000000008007926        0x2 
 .text.HAL_PWREx_EnableOverDrive
                0x0000000008007928       0xa0 ./Drivers/STM32F4xx_HAL_Driver/Src/stm32f4xx_hal_pwr_ex.o
                0x0000000008007928                HAL_PWREx_EnableOverDrive
 .text.HAL_RCC_ClockConfig
                0x00000000080079c8      0x34c ./Drivers/STM32F4xx_HAL_Driver/Src/stm32f4xx_hal_rcc.o
                0x00000000080079c8                HAL_RCC_ClockConfig
 .text.HAL_RCC_GetHCLKFreq
                0x0000000008007d14       0x18 ./Drivers/STM32F4xx_HAL_Driver/Src/stm32f4xx_hal_rcc.o
                0x0000000008007d14                HAL_RCC_GetHCLKFreq
 .text.HAL_RCC_GetPCLK1Freq
                0x0000000008007d2c       0x28 ./Drivers/STM32F4xx_HAL_Driver/Src/stm32f4xx_hal_rcc.o
                0x0000000008007d2c                HAL_RCC_GetPCLK1Freq
 .text.HAL_RCC_GetPCLK2Freq
                0x0000000008007d54       0x28 ./Drivers/STM32F4xx_HAL_Driver/Src/stm32f4xx_hal_rcc.o
                0x0000000008007d54                HAL_RCC_GetPCLK2Freq
 .text.HAL_RCC_GetSysClockFreq
                0x0000000008007d7c      0x364 ./Drivers/STM32F4xx_HAL_Driver/Src/stm32f4xx_hal_rcc_ex.o
                0x0000000008007d7c                HAL_RCC_GetSysClockFreq
 .text.HAL_RCC_OscConfig
                0x00000000080080e0      0x6bc ./Drivers/STM32F4xx_HAL_Driver/Src/stm32f4xx_hal_rcc_ex.o
                0x00000000080080e0                HAL_RCC_OscConfig
 .text.HAL_SPI_Init
                0x000000000800879c      0x328 ./Drivers/STM32F4xx_HAL_Driver/Src/stm32f4xx_hal_spi.o
                0x000000000800879c                HAL_SPI_Init
 .text.HAL_SPI_Transmit
                0x0000000008008ac4      0x298 ./Drivers/STM32F4xx_HAL_Driver/Src/stm32f4xx_hal_spi.o
                0x0000000008008ac4                HAL_SPI_Transmit
 .text.HAL_SPI_Receive
                0x0000000008008d5c      0x222 ./Drivers/STM32F4xx_HAL_Driver/Src/stm32f4xx_hal_spi.o
                0x0000000008008d5c                HAL_SPI_Receive
 *fill*         0x0000000008008f7e        0x2 
 .text.HAL_SPI_TransmitReceive
                0x0000000008008f80      0x35c ./Drivers/STM32F4xx_HAL_Driver/Src/stm32f4xx_hal_spi.o
                0x0000000008008f80                HAL_SPI_TransmitReceive
 .text.SPI_WaitFlagStateUntilTimeout
                0x00000000080092dc      0x110 ./Drivers/STM32F4xx_HAL_Driver/Src/stm32f4xx_hal_spi.o
 .text.SPI_EndRxTransaction
                0x00000000080093ec       0xca ./Drivers/STM32F4xx_HAL_Driver/Src/stm32f4xx_hal_spi.o
 *fill*         0x00000000080094b6        0x2 
 .text.SPI_EndRxTxTransaction
                0x00000000080094b8       0x84 ./Drivers/STM32F4xx_HAL_Driver/Src/stm32f4xx_hal_spi.o
 .text.HAL_TIM_Base_Init
                0x000000000800953c      0x1e0 ./Drivers/STM32F4xx_HAL_Driver/Src/stm32f4xx_hal_tim.o
                0x000000000800953c                HAL_TIM_Base_Init
 .text.HAL_TIM_Base_Start_IT
                0x000000000800971c      0x18c ./Drivers/STM32F4xx_HAL_Driver/Src/stm32f4xx_hal_tim.o
                0x000000000800971c                HAL_TIM_Base_Start_IT
 .text.HAL_TIM_PWM_Init
                0x00000000080098a8      0x1e0 ./Drivers/STM32F4xx_HAL_Driver/Src/stm32f4xx_hal_tim.o
                0x00000000080098a8                HAL_TIM_PWM_Init
 .text.HAL_TIM_PWM_Start
                0x0000000008009a88      0x310 ./Drivers/STM32F4xx_HAL_Driver/Src/stm32f4xx_hal_tim.o
                0x0000000008009a88                HAL_TIM_PWM_Start
 .text.HAL_TIM_Encoder_Init
                0x0000000008009d98      0x350 ./Drivers/STM32F4xx_HAL_Driver/Src/stm32f4xx_hal_tim.o
                0x0000000008009d98                HAL_TIM_Encoder_Init
 .text.HAL_TIM_IRQHandler
                0x000000000800a0e8      0x210 ./Drivers/STM32F4xx_HAL_Driver/Src/stm32f4xx_hal_tim.o
                0x000000000800a0e8                HAL_TIM_IRQHandler
 .text.HAL_TIM_PWM_ConfigChannel
                0x000000000800a2f8      0x3b0 ./Drivers/STM32F4xx_HAL_Driver/Src/stm32f4xx_hal_tim.o
                0x000000000800a2f8                HAL_TIM_PWM_ConfigChannel
 .text.HAL_TIM_ConfigClockSource
                0x000000000800a6a8      0x700 ./Drivers/STM32F4xx_HAL_Driver/Src/stm32f4xx_hal_tim.o
                0x000000000800a6a8                HAL_TIM_ConfigClockSource
 .text.HAL_TIM_OC_DelayElapsedCallback
                0x000000000800ada8       0x14 ./Drivers/STM32F4xx_HAL_Driver/Src/stm32f4xx_hal_tim.o
                0x000000000800ada8                HAL_TIM_OC_DelayElapsedCallback
 .text.HAL_TIM_IC_CaptureCallback
                0x000000000800adbc       0x14 ./Drivers/STM32F4xx_HAL_Driver/Src/stm32f4xx_hal_tim.o
                0x000000000800adbc                HAL_TIM_IC_CaptureCallback
 .text.HAL_TIM_PWM_PulseFinishedCallback
                0x000000000800add0       0x14 ./Drivers/STM32F4xx_HAL_Driver/Src/stm32f4xx_hal_tim.o
                0x000000000800add0                HAL_TIM_PWM_PulseFinishedCallback
 .text.HAL_TIM_TriggerCallback
                0x000000000800ade4       0x14 ./Drivers/STM32F4xx_HAL_Driver/Src/stm32f4xx_hal_tim.o
                0x000000000800ade4                HAL_TIM_TriggerCallback
 .text.TIM_Base_SetConfig
                0x000000000800adf8      0x140 ./Drivers/STM32F4xx_HAL_Driver/Src/stm32f4xx_hal_tim.o
                0x000000000800adf8                TIM_Base_SetConfig
 .text.TIM_OC1_SetConfig
                0x000000000800af38      0x134 ./Drivers/STM32F4xx_HAL_Driver/Src/stm32f4xx_hal_tim.o
 .text.TIM_OC2_SetConfig
                0x000000000800b06c      0x13c ./Drivers/STM32F4xx_HAL_Driver/Src/stm32f4xx_hal_tim.o
                0x000000000800b06c                TIM_OC2_SetConfig
 .text.TIM_OC3_SetConfig
                0x000000000800b1a8      0x13c ./Drivers/STM32F4xx_HAL_Driver/Src/stm32f4xx_hal_tim.o
 .text.TIM_OC4_SetConfig
                0x000000000800b2e4       0xc8 ./Drivers/STM32F4xx_HAL_Driver/Src/stm32f4xx_hal_tim.o
 .text.TIM_TI1_ConfigInputStage
                0x000000000800b3ac       0x5e ./Drivers/STM32F4xx_HAL_Driver/Src/stm32f4xx_hal_tim.o
 .text.TIM_TI2_ConfigInputStage
                0x000000000800b40a       0x60 ./Drivers/STM32F4xx_HAL_Driver/Src/stm32f4xx_hal_tim.o
 .text.TIM_ITRx_SetConfig
                0x000000000800b46a       0x36 ./Drivers/STM32F4xx_HAL_Driver/Src/stm32f4xx_hal_tim.o
 .text.TIM_ETR_SetConfig
                0x000000000800b4a0       0x40 ./Drivers/STM32F4xx_HAL_Driver/Src/stm32f4xx_hal_tim.o
                0x000000000800b4a0                TIM_ETR_SetConfig
 .text.TIM_CCxChannelCmd
                0x000000000800b4e0      0x108 ./Drivers/STM32F4xx_HAL_Driver/Src/stm32f4xx_hal_tim.o
                0x000000000800b4e0                TIM_CCxChannelCmd
 .text.HAL_TIMEx_MasterConfigSynchronization
                0x000000000800b5e8      0x1bc ./Drivers/STM32F4xx_HAL_Driver/Src/stm32f4xx_hal_tim_ex.o
                0x000000000800b5e8                HAL_TIMEx_MasterConfigSynchronization
 .text.HAL_TIMEx_ConfigBreakDeadTime
                0x000000000800b7a4      0x198 ./Drivers/STM32F4xx_HAL_Driver/Src/stm32f4xx_hal_tim_ex.o
                0x000000000800b7a4                HAL_TIMEx_ConfigBreakDeadTime
 .text.HAL_TIMEx_CommutCallback
                0x000000000800b93c       0x14 ./Drivers/STM32F4xx_HAL_Driver/Src/stm32f4xx_hal_tim_ex.o
                0x000000000800b93c                HAL_TIMEx_CommutCallback
 .text.HAL_TIMEx_BreakCallback
                0x000000000800b950       0x14 ./Drivers/STM32F4xx_HAL_Driver/Src/stm32f4xx_hal_tim_ex.o
                0x000000000800b950                HAL_TIMEx_BreakCallback
 .text.HAL_UART_Init
                0x000000000800b964      0x1b4 ./Drivers/STM32F4xx_HAL_Driver/Src/stm32f4xx_hal_uart.o
                0x000000000800b964                HAL_UART_Init
 .text.HAL_UART_Receive_IT
                0x000000000800bb18       0x60 ./Drivers/STM32F4xx_HAL_Driver/Src/stm32f4xx_hal_uart.o
                0x000000000800bb18                HAL_UART_Receive_IT
 .text.HAL_UART_IRQHandler
                0x000000000800bb78      0x51c ./Drivers/STM32F4xx_HAL_Driver/Src/stm32f4xx_hal_uart.o
                0x000000000800bb78                HAL_UART_IRQHandler
 .text.HAL_UART_TxCpltCallback
                0x000000000800c094       0x14 ./Drivers/STM32F4xx_HAL_Driver/Src/stm32f4xx_hal_uart.o
                0x000000000800c094                HAL_UART_TxCpltCallback
 .text.HAL_UART_ErrorCallback
                0x000000000800c0a8       0x14 ./Drivers/STM32F4xx_HAL_Driver/Src/stm32f4xx_hal_uart.o
                0x000000000800c0a8                HAL_UART_ErrorCallback
 .text.HAL_UARTEx_RxEventCallback
                0x000000000800c0bc       0x18 ./Drivers/STM32F4xx_HAL_Driver/Src/stm32f4xx_hal_uart.o
                0x000000000800c0bc                HAL_UARTEx_RxEventCallback
 .text.UART_Start_Receive_IT
                0x000000000800c0d4       0x74 ./Drivers/STM32F4xx_HAL_Driver/Src/stm32f4xx_hal_uart.o
                0x000000000800c0d4                UART_Start_Receive_IT
 .text.UART_EndRxTransfer
                0x000000000800c148       0xc6 ./Drivers/STM32F4xx_HAL_Driver/Src/stm32f4xx_hal_uart.o
 .text.UART_DMAAbortOnError
                0x000000000800c20e       0x28 ./Drivers/STM32F4xx_HAL_Driver/Src/stm32f4xx_hal_uart.o
 .text.UART_Transmit_IT
                0x000000000800c236       0xa0 ./Drivers/STM32F4xx_HAL_Driver/Src/stm32f4xx_hal_uart.o
 .text.UART_EndTransmit_IT
                0x000000000800c2d6       0x30 ./Drivers/STM32F4xx_HAL_Driver/Src/stm32f4xx_hal_uart.o
 .text.UART_Receive_IT
                0x000000000800c306      0x176 ./Drivers/STM32F4xx_HAL_Driver/Src/stm32f4xx_hal_uart.o
 .text.UART_SetConfig
                0x000000000800c47c      0x414 ./Drivers/STM32F4xx_HAL_Driver/Src/stm32f4xx_hal_uart.o
 .text.VL53L1_DataInit
                0x000000000800c890       0x72 ./Drivers/VL53L1X/core/src/vl53l1_api.o
                0x000000000800c890                VL53L1_DataInit
 .text.VL53L1_StaticInit
                0x000000000800c902       0x3e ./Drivers/VL53L1X/core/src/vl53l1_api.o
                0x000000000800c902                VL53L1_StaticInit
 .text.VL53L1_WaitDeviceBooted
                0x000000000800c940       0x26 ./Drivers/VL53L1X/core/src/vl53l1_api.o
                0x000000000800c940                VL53L1_WaitDeviceBooted
 *fill*         0x000000000800c966        0x2 
 .text.ComputeDevicePresetMode
                0x000000000800c968       0xd4 ./Drivers/VL53L1X/core/src/vl53l1_api.o
 .text.SetPresetMode
                0x000000000800ca3c       0xde ./Drivers/VL53L1X/core/src/vl53l1_api.o
 .text.VL53L1_SetPresetMode
                0x000000000800cb1a       0x8a ./Drivers/VL53L1X/core/src/vl53l1_api.o
                0x000000000800cb1a                VL53L1_SetPresetMode
 .text.VL53L1_SetDistanceMode
                0x000000000800cba4       0xea ./Drivers/VL53L1X/core/src/vl53l1_api.o
                0x000000000800cba4                VL53L1_SetDistanceMode
 *fill*         0x000000000800cc8e        0x2 
 .text.VL53L1_SetMeasurementTimingBudgetMicroSeconds
                0x000000000800cc90      0x1c0 ./Drivers/VL53L1X/core/src/vl53l1_api.o
                0x000000000800cc90                VL53L1_SetMeasurementTimingBudgetMicroSeconds
 .text.VL53L1_GetMeasurementTimingBudgetMicroSeconds
                0x000000000800ce50      0x158 ./Drivers/VL53L1X/core/src/vl53l1_api.o
                0x000000000800ce50                VL53L1_GetMeasurementTimingBudgetMicroSeconds
 .text.VL53L1_SetInterMeasurementPeriodMilliSeconds
                0x000000000800cfa8       0x40 ./Drivers/VL53L1X/core/src/vl53l1_api.o
                0x000000000800cfa8                VL53L1_SetInterMeasurementPeriodMilliSeconds
 .text.VL53L1_GetInterMeasurementPeriodMilliSeconds
                0x000000000800cfe8       0x48 ./Drivers/VL53L1X/core/src/vl53l1_api.o
                0x000000000800cfe8                VL53L1_GetInterMeasurementPeriodMilliSeconds
 .text.SetLimitValue
                0x000000000800d030       0x52 ./Drivers/VL53L1X/core/src/vl53l1_api.o
 .text.VL53L1_SetLimitCheckEnable
                0x000000000800d082       0x7c ./Drivers/VL53L1X/core/src/vl53l1_api.o
                0x000000000800d082                VL53L1_SetLimitCheckEnable
 .text.VL53L1_GetLimitCheckEnable
                0x000000000800d0fe       0x46 ./Drivers/VL53L1X/core/src/vl53l1_api.o
                0x000000000800d0fe                VL53L1_GetLimitCheckEnable
 .text.VL53L1_GetLimitCheckValue
                0x000000000800d144       0xb2 ./Drivers/VL53L1X/core/src/vl53l1_api.o
                0x000000000800d144                VL53L1_GetLimitCheckValue
 .text.VL53L1_GetSequenceStepEnable
                0x000000000800d1f6       0x2e ./Drivers/VL53L1X/core/src/vl53l1_api.o
                0x000000000800d1f6                VL53L1_GetSequenceStepEnable
 .text.VL53L1_StartMeasurement
                0x000000000800d224       0xd8 ./Drivers/VL53L1X/core/src/vl53l1_api.o
                0x000000000800d224                VL53L1_StartMeasurement
 .text.VL53L1_ClearInterruptAndStartMeasurement
                0x000000000800d2fc       0x2c ./Drivers/VL53L1X/core/src/vl53l1_api.o
                0x000000000800d2fc                VL53L1_ClearInterruptAndStartMeasurement
 .text.VL53L1_WaitMeasurementDataReady
                0x000000000800d328       0x26 ./Drivers/VL53L1X/core/src/vl53l1_api.o
                0x000000000800d328                VL53L1_WaitMeasurementDataReady
 *fill*         0x000000000800d34e        0x2 
 .text.ComputeRQL
                0x000000000800d350       0xf0 ./Drivers/VL53L1X/core/src/vl53l1_api.o
 .text.ConvertStatusLite
                0x000000000800d440       0xa0 ./Drivers/VL53L1X/core/src/vl53l1_api.o
 .text.SetSimpleData
                0x000000000800d4e0      0x1c0 ./Drivers/VL53L1X/core/src/vl53l1_api.o
 .text.VL53L1_GetRangingMeasurementData
                0x000000000800d6a0       0x78 ./Drivers/VL53L1X/core/src/vl53l1_api.o
                0x000000000800d6a0                VL53L1_GetRangingMeasurementData
 .text.VL53L1_LoadPatch
                0x000000000800d718      0x1dc ./Drivers/VL53L1X/core/src/vl53l1_api.o
 .text.VL53L1_data_init
                0x000000000800d8f4      0x13a ./Drivers/VL53L1X/core/src/vl53l1_api_core.o
                0x000000000800d8f4                VL53L1_data_init
 .text.VL53L1_read_p2p_data
                0x000000000800da2e      0x100 ./Drivers/VL53L1X/core/src/vl53l1_api_core.o
                0x000000000800da2e                VL53L1_read_p2p_data
 .text.VL53L1_set_inter_measurement_period_ms
                0x000000000800db2e       0x52 ./Drivers/VL53L1X/core/src/vl53l1_api_core.o
                0x000000000800db2e                VL53L1_set_inter_measurement_period_ms
 .text.VL53L1_get_inter_measurement_period_ms
                0x000000000800db80       0x4c ./Drivers/VL53L1X/core/src/vl53l1_api_core.o
                0x000000000800db80                VL53L1_get_inter_measurement_period_ms
 .text.VL53L1_set_timeouts_us
                0x000000000800dbcc       0x70 ./Drivers/VL53L1X/core/src/vl53l1_api_core.o
                0x000000000800dbcc                VL53L1_set_timeouts_us
 .text.VL53L1_get_timeouts_us
                0x000000000800dc3c       0xd6 ./Drivers/VL53L1X/core/src/vl53l1_api_core.o
                0x000000000800dc3c                VL53L1_get_timeouts_us
 .text.VL53L1_get_sequence_config_bit
                0x000000000800dd12       0x6e ./Drivers/VL53L1X/core/src/vl53l1_api_core.o
                0x000000000800dd12                VL53L1_get_sequence_config_bit
 .text.VL53L1_set_user_zone
                0x000000000800dd80       0x46 ./Drivers/VL53L1X/core/src/vl53l1_api_core.o
                0x000000000800dd80                VL53L1_set_user_zone
 .text.VL53L1_get_user_zone
                0x000000000800ddc6       0x44 ./Drivers/VL53L1X/core/src/vl53l1_api_core.o
                0x000000000800ddc6                VL53L1_get_user_zone
 .text.VL53L1_get_mode_mitigation_roi
                0x000000000800de0a       0x68 ./Drivers/VL53L1X/core/src/vl53l1_api_core.o
                0x000000000800de0a                VL53L1_get_mode_mitigation_roi
 *fill*         0x000000000800de72        0x2 
 .text.VL53L1_get_preset_mode_timing_cfg
                0x000000000800de74      0x154 ./Drivers/VL53L1X/core/src/vl53l1_api_core.o
                0x000000000800de74                VL53L1_get_preset_mode_timing_cfg
 .text.VL53L1_set_preset_mode
                0x000000000800dfc8      0x2ec ./Drivers/VL53L1X/core/src/vl53l1_api_core.o
                0x000000000800dfc8                VL53L1_set_preset_mode
 .text.VL53L1_get_lite_sigma_threshold
                0x000000000800e2b4       0x2c ./Drivers/VL53L1X/core/src/vl53l1_api_core.o
                0x000000000800e2b4                VL53L1_get_lite_sigma_threshold
 .text.VL53L1_set_lite_sigma_threshold
                0x000000000800e2e0       0x2c ./Drivers/VL53L1X/core/src/vl53l1_api_core.o
                0x000000000800e2e0                VL53L1_set_lite_sigma_threshold
 .text.VL53L1_get_lite_min_count_rate
                0x000000000800e30c       0x2c ./Drivers/VL53L1X/core/src/vl53l1_api_core.o
                0x000000000800e30c                VL53L1_get_lite_min_count_rate
 .text.VL53L1_set_lite_min_count_rate
                0x000000000800e338       0x2c ./Drivers/VL53L1X/core/src/vl53l1_api_core.o
                0x000000000800e338                VL53L1_set_lite_min_count_rate
 .text.VL53L1_set_vhv_loopbound
                0x000000000800e364       0x40 ./Drivers/VL53L1X/core/src/vl53l1_api_core.o
                0x000000000800e364                VL53L1_set_vhv_loopbound
 .text.VL53L1_init_and_start_range
                0x000000000800e3a4      0x454 ./Drivers/VL53L1X/core/src/vl53l1_api_core.o
                0x000000000800e3a4                VL53L1_init_and_start_range
 .text.VL53L1_get_measurement_results
                0x000000000800e7f8      0x14e ./Drivers/VL53L1X/core/src/vl53l1_api_core.o
                0x000000000800e7f8                VL53L1_get_measurement_results
 .text.VL53L1_get_device_results
                0x000000000800e946       0xe0 ./Drivers/VL53L1X/core/src/vl53l1_api_core.o
                0x000000000800e946                VL53L1_get_device_results
 .text.VL53L1_clear_interrupt_and_enable_next_range
                0x000000000800ea26       0x34 ./Drivers/VL53L1X/core/src/vl53l1_api_core.o
                0x000000000800ea26                VL53L1_clear_interrupt_and_enable_next_range
 *fill*         0x000000000800ea5a        0x2 
 .text.VL53L1_copy_sys_and_core_results_to_range_results
                0x000000000800ea5c      0x234 ./Drivers/VL53L1X/core/src/vl53l1_api_core.o
                0x000000000800ea5c                VL53L1_copy_sys_and_core_results_to_range_results
 .text.VL53L1_get_tuning_parm
                0x000000000800ec90      0x448 ./Drivers/VL53L1X/core/src/vl53l1_api_core.o
                0x000000000800ec90                VL53L1_get_tuning_parm
 .text.VL53L1_init_refspadchar_config_struct
                0x000000000800f0d8       0x48 ./Drivers/VL53L1X/core/src/vl53l1_api_preset_modes.o
                0x000000000800f0d8                VL53L1_init_refspadchar_config_struct
 .text.VL53L1_init_ssc_config_struct
                0x000000000800f120       0x42 ./Drivers/VL53L1X/core/src/vl53l1_api_preset_modes.o
                0x000000000800f120                VL53L1_init_ssc_config_struct
 .text.VL53L1_init_xtalk_config_struct
                0x000000000800f162       0xc4 ./Drivers/VL53L1X/core/src/vl53l1_api_preset_modes.o
                0x000000000800f162                VL53L1_init_xtalk_config_struct
 .text.VL53L1_init_offset_cal_config_struct
                0x000000000800f226       0x4e ./Drivers/VL53L1X/core/src/vl53l1_api_preset_modes.o
                0x000000000800f226                VL53L1_init_offset_cal_config_struct
 .text.VL53L1_init_tuning_parm_storage_struct
                0x000000000800f274      0x11e ./Drivers/VL53L1X/core/src/vl53l1_api_preset_modes.o
                0x000000000800f274                VL53L1_init_tuning_parm_storage_struct
 .text.VL53L1_preset_mode_standard_ranging
                0x000000000800f392      0x23c ./Drivers/VL53L1X/core/src/vl53l1_api_preset_modes.o
                0x000000000800f392                VL53L1_preset_mode_standard_ranging
 .text.VL53L1_preset_mode_standard_ranging_short_range
                0x000000000800f5ce       0x82 ./Drivers/VL53L1X/core/src/vl53l1_api_preset_modes.o
                0x000000000800f5ce                VL53L1_preset_mode_standard_ranging_short_range
 .text.VL53L1_preset_mode_standard_ranging_long_range
                0x000000000800f650       0x82 ./Drivers/VL53L1X/core/src/vl53l1_api_preset_modes.o
                0x000000000800f650                VL53L1_preset_mode_standard_ranging_long_range
 .text.VL53L1_preset_mode_standard_ranging_mm1_cal
                0x000000000800f6d2       0x4a ./Drivers/VL53L1X/core/src/vl53l1_api_preset_modes.o
                0x000000000800f6d2                VL53L1_preset_mode_standard_ranging_mm1_cal
 .text.VL53L1_preset_mode_standard_ranging_mm2_cal
                0x000000000800f71c       0x4a ./Drivers/VL53L1X/core/src/vl53l1_api_preset_modes.o
                0x000000000800f71c                VL53L1_preset_mode_standard_ranging_mm2_cal
 .text.VL53L1_preset_mode_timed_ranging
                0x000000000800f766       0x74 ./Drivers/VL53L1X/core/src/vl53l1_api_preset_modes.o
                0x000000000800f766                VL53L1_preset_mode_timed_ranging
 .text.VL53L1_preset_mode_timed_ranging_short_range
                0x000000000800f7da       0x74 ./Drivers/VL53L1X/core/src/vl53l1_api_preset_modes.o
                0x000000000800f7da                VL53L1_preset_mode_timed_ranging_short_range
 .text.VL53L1_preset_mode_timed_ranging_long_range
                0x000000000800f84e       0x74 ./Drivers/VL53L1X/core/src/vl53l1_api_preset_modes.o
                0x000000000800f84e                VL53L1_preset_mode_timed_ranging_long_range
 .text.VL53L1_preset_mode_low_power_auto_ranging
                0x000000000800f8c2       0x4c ./Drivers/VL53L1X/core/src/vl53l1_api_preset_modes.o
                0x000000000800f8c2                VL53L1_preset_mode_low_power_auto_ranging
 .text.VL53L1_preset_mode_low_power_auto_short_ranging
                0x000000000800f90e       0x4c ./Drivers/VL53L1X/core/src/vl53l1_api_preset_modes.o
                0x000000000800f90e                VL53L1_preset_mode_low_power_auto_short_ranging
 .text.VL53L1_preset_mode_low_power_auto_long_ranging
                0x000000000800f95a       0x4c ./Drivers/VL53L1X/core/src/vl53l1_api_preset_modes.o
                0x000000000800f95a                VL53L1_preset_mode_low_power_auto_long_ranging
 .text.VL53L1_preset_mode_singleshot_ranging
                0x000000000800f9a6       0x6c ./Drivers/VL53L1X/core/src/vl53l1_api_preset_modes.o
                0x000000000800f9a6                VL53L1_preset_mode_singleshot_ranging
 .text.VL53L1_preset_mode_olt
                0x000000000800fa12       0x44 ./Drivers/VL53L1X/core/src/vl53l1_api_preset_modes.o
                0x000000000800fa12                VL53L1_preset_mode_olt
 .text.VL53L1_init_version
                0x000000000800fa56       0x38 ./Drivers/VL53L1X/core/src/vl53l1_core.o
                0x000000000800fa56                VL53L1_init_version
 .text.VL53L1_init_ll_driver_state
                0x000000000800fa8e       0x52 ./Drivers/VL53L1X/core/src/vl53l1_core.o
                0x000000000800fa8e                VL53L1_init_ll_driver_state
 .text.VL53L1_update_ll_driver_rd_state
                0x000000000800fae0      0x110 ./Drivers/VL53L1X/core/src/vl53l1_core.o
                0x000000000800fae0                VL53L1_update_ll_driver_rd_state
 .text.VL53L1_check_ll_driver_rd_state
                0x000000000800fbf0       0x96 ./Drivers/VL53L1X/core/src/vl53l1_core.o
                0x000000000800fbf0                VL53L1_check_ll_driver_rd_state
 .text.VL53L1_update_ll_driver_cfg_state
                0x000000000800fc86       0xcc ./Drivers/VL53L1X/core/src/vl53l1_core.o
                0x000000000800fc86                VL53L1_update_ll_driver_cfg_state
 .text.VL53L1_copy_rtn_good_spads_to_buffer
                0x000000000800fd52      0x174 ./Drivers/VL53L1X/core/src/vl53l1_core.o
                0x000000000800fd52                VL53L1_copy_rtn_good_spads_to_buffer
 .text.VL53L1_i2c_encode_uint16_t
                0x000000000800fec6       0x56 ./Drivers/VL53L1X/core/src/vl53l1_core.o
                0x000000000800fec6                VL53L1_i2c_encode_uint16_t
 .text.VL53L1_i2c_decode_uint16_t
                0x000000000800ff1c       0x40 ./Drivers/VL53L1X/core/src/vl53l1_core.o
                0x000000000800ff1c                VL53L1_i2c_decode_uint16_t
 .text.VL53L1_i2c_encode_int16_t
                0x000000000800ff5c       0x58 ./Drivers/VL53L1X/core/src/vl53l1_core.o
                0x000000000800ff5c                VL53L1_i2c_encode_int16_t
 .text.VL53L1_i2c_decode_int16_t
                0x000000000800ffb4       0x52 ./Drivers/VL53L1X/core/src/vl53l1_core.o
                0x000000000800ffb4                VL53L1_i2c_decode_int16_t
 .text.VL53L1_i2c_encode_uint32_t
                0x0000000008010006       0x54 ./Drivers/VL53L1X/core/src/vl53l1_core.o
                0x0000000008010006                VL53L1_i2c_encode_uint32_t
 .text.VL53L1_i2c_decode_uint32_t
                0x000000000801005a       0x3a ./Drivers/VL53L1X/core/src/vl53l1_core.o
                0x000000000801005a                VL53L1_i2c_decode_uint32_t
 .text.VL53L1_i2c_decode_int32_t
                0x0000000008010094       0x4a ./Drivers/VL53L1X/core/src/vl53l1_core.o
                0x0000000008010094                VL53L1_i2c_decode_int32_t
 .text.VL53L1_set_powerforce_register
                0x00000000080100de       0x3c ./Drivers/VL53L1X/core/src/vl53l1_core.o
                0x00000000080100de                VL53L1_set_powerforce_register
 .text.VL53L1_enable_powerforce
                0x000000000801011a       0x24 ./Drivers/VL53L1X/core/src/vl53l1_core.o
                0x000000000801011a                VL53L1_enable_powerforce
 .text.VL53L1_calc_macro_period_us
                0x000000000801013e       0x5e ./Drivers/VL53L1X/core/src/vl53l1_core.o
                0x000000000801013e                VL53L1_calc_macro_period_us
 .text.VL53L1_calc_range_ignore_threshold
                0x000000000801019c       0xc4 ./Drivers/VL53L1X/core/src/vl53l1_core.o
                0x000000000801019c                VL53L1_calc_range_ignore_threshold
 .text.VL53L1_calc_timeout_mclks
                0x0000000008010260       0x2e ./Drivers/VL53L1X/core/src/vl53l1_core.o
                0x0000000008010260                VL53L1_calc_timeout_mclks
 .text.VL53L1_calc_encoded_timeout
                0x000000000801028e       0x30 ./Drivers/VL53L1X/core/src/vl53l1_core.o
                0x000000000801028e                VL53L1_calc_encoded_timeout
 .text.VL53L1_calc_timeout_us
                0x00000000080102be       0x7c ./Drivers/VL53L1X/core/src/vl53l1_core.o
                0x00000000080102be                VL53L1_calc_timeout_us
 .text.VL53L1_calc_decoded_timeout_us
                0x000000000801033a       0x32 ./Drivers/VL53L1X/core/src/vl53l1_core.o
                0x000000000801033a                VL53L1_calc_decoded_timeout_us
 .text.VL53L1_encode_timeout
                0x000000000801036c       0x58 ./Drivers/VL53L1X/core/src/vl53l1_core.o
                0x000000000801036c                VL53L1_encode_timeout
 .text.VL53L1_decode_timeout
                0x00000000080103c4       0x2c ./Drivers/VL53L1X/core/src/vl53l1_core.o
                0x00000000080103c4                VL53L1_decode_timeout
 .text.VL53L1_calc_timeout_register_values
                0x00000000080103f0       0xf2 ./Drivers/VL53L1X/core/src/vl53l1_core.o
                0x00000000080103f0                VL53L1_calc_timeout_register_values
 .text.VL53L1_encode_row_col
                0x00000000080104e2       0x4e ./Drivers/VL53L1X/core/src/vl53l1_core.o
                0x00000000080104e2                VL53L1_encode_row_col
 .text.VL53L1_decode_zone_size
                0x0000000008010530       0x30 ./Drivers/VL53L1X/core/src/vl53l1_core.o
                0x0000000008010530                VL53L1_decode_zone_size
 .text.VL53L1_encode_zone_size
                0x0000000008010560       0x2c ./Drivers/VL53L1X/core/src/vl53l1_core.o
                0x0000000008010560                VL53L1_encode_zone_size
 .text.VL53L1_low_power_auto_data_init
                0x000000000801058c       0x68 ./Drivers/VL53L1X/core/src/vl53l1_core.o
                0x000000000801058c                VL53L1_low_power_auto_data_init
 .text.VL53L1_config_low_power_auto_mode
                0x00000000080105f4       0x32 ./Drivers/VL53L1X/core/src/vl53l1_core.o
                0x00000000080105f4                VL53L1_config_low_power_auto_mode
 .text.VL53L1_low_power_auto_setup_manual_calibration
                0x0000000008010626       0x8a ./Drivers/VL53L1X/core/src/vl53l1_core.o
                0x0000000008010626                VL53L1_low_power_auto_setup_manual_calibration
 .text.VL53L1_calc_pll_period_us
                0x00000000080106b0       0x28 ./Drivers/VL53L1X/core/src/vl53l1_core_support.o
                0x00000000080106b0                VL53L1_calc_pll_period_us
 .text.VL53L1_decode_vcsel_period
                0x00000000080106d8       0x26 ./Drivers/VL53L1X/core/src/vl53l1_core_support.o
                0x00000000080106d8                VL53L1_decode_vcsel_period
 .text.VL53L1_decode_row_col
                0x00000000080106fe       0x5e ./Drivers/VL53L1X/core/src/vl53l1_core_support.o
                0x00000000080106fe                VL53L1_decode_row_col
 .text.VL53L1_i2c_encode_static_nvm_managed
                0x000000000801075c       0xb6 ./Drivers/VL53L1X/core/src/vl53l1_register_funcs.o
                0x000000000801075c                VL53L1_i2c_encode_static_nvm_managed
 .text.VL53L1_i2c_decode_static_nvm_managed
                0x0000000008010812       0xb4 ./Drivers/VL53L1X/core/src/vl53l1_register_funcs.o
                0x0000000008010812                VL53L1_i2c_decode_static_nvm_managed
 .text.VL53L1_get_static_nvm_managed
                0x00000000080108c6       0x4e ./Drivers/VL53L1X/core/src/vl53l1_register_funcs.o
                0x00000000080108c6                VL53L1_get_static_nvm_managed
 .text.VL53L1_i2c_encode_customer_nvm_managed
                0x0000000008010914      0x114 ./Drivers/VL53L1X/core/src/vl53l1_register_funcs.o
                0x0000000008010914                VL53L1_i2c_encode_customer_nvm_managed
 .text.VL53L1_i2c_decode_customer_nvm_managed
                0x0000000008010a28      0x11a ./Drivers/VL53L1X/core/src/vl53l1_register_funcs.o
                0x0000000008010a28                VL53L1_i2c_decode_customer_nvm_managed
 .text.VL53L1_get_customer_nvm_managed
                0x0000000008010b42       0x4e ./Drivers/VL53L1X/core/src/vl53l1_register_funcs.o
                0x0000000008010b42                VL53L1_get_customer_nvm_managed
 .text.VL53L1_i2c_encode_static_config
                0x0000000008010b90      0x1c6 ./Drivers/VL53L1X/core/src/vl53l1_register_funcs.o
                0x0000000008010b90                VL53L1_i2c_encode_static_config
 .text.VL53L1_i2c_encode_general_config
                0x0000000008010d56      0x108 ./Drivers/VL53L1X/core/src/vl53l1_register_funcs.o
                0x0000000008010d56                VL53L1_i2c_encode_general_config
 .text.VL53L1_i2c_encode_timing_config
                0x0000000008010e5e      0x104 ./Drivers/VL53L1X/core/src/vl53l1_register_funcs.o
                0x0000000008010e5e                VL53L1_i2c_encode_timing_config
 .text.VL53L1_i2c_encode_dynamic_config
                0x0000000008010f62      0x10a ./Drivers/VL53L1X/core/src/vl53l1_register_funcs.o
                0x0000000008010f62                VL53L1_i2c_encode_dynamic_config
 .text.VL53L1_i2c_encode_system_control
                0x000000000801106c       0x76 ./Drivers/VL53L1X/core/src/vl53l1_register_funcs.o
                0x000000000801106c                VL53L1_i2c_encode_system_control
 .text.VL53L1_i2c_decode_system_results
                0x00000000080110e2      0x1ec ./Drivers/VL53L1X/core/src/vl53l1_register_funcs.o
                0x00000000080110e2                VL53L1_i2c_decode_system_results
 .text.VL53L1_i2c_decode_core_results
                0x00000000080112ce       0xc2 ./Drivers/VL53L1X/core/src/vl53l1_register_funcs.o
                0x00000000080112ce                VL53L1_i2c_decode_core_results
 .text.VL53L1_i2c_decode_debug_results
                0x0000000008011390      0x2e4 ./Drivers/VL53L1X/core/src/vl53l1_register_funcs.o
                0x0000000008011390                VL53L1_i2c_decode_debug_results
 .text.VL53L1_i2c_decode_nvm_copy_data
                0x0000000008011674      0x24c ./Drivers/VL53L1X/core/src/vl53l1_register_funcs.o
                0x0000000008011674                VL53L1_i2c_decode_nvm_copy_data
 .text.VL53L1_get_nvm_copy_data
                0x00000000080118c0       0x56 ./Drivers/VL53L1X/core/src/vl53l1_register_funcs.o
                0x00000000080118c0                VL53L1_get_nvm_copy_data
 .text.VL53L1_poll_for_boot_completion
                0x0000000008011916       0x58 ./Drivers/VL53L1X/core/src/vl53l1_wait.o
                0x0000000008011916                VL53L1_poll_for_boot_completion
 .text.VL53L1_poll_for_range_completion
                0x000000000801196e       0x5a ./Drivers/VL53L1X/core/src/vl53l1_wait.o
                0x000000000801196e                VL53L1_poll_for_range_completion
 .text._I2CWrite
                0x00000000080119c8       0x3e ./Drivers/VL53L1X/platform/src/vl53l1_platform.o
                0x00000000080119c8                _I2CWrite
 .text._I2CRead
                0x0000000008011a06       0x44 ./Drivers/VL53L1X/platform/src/vl53l1_platform.o
                0x0000000008011a06                _I2CRead
 *fill*         0x0000000008011a4a        0x2 
 .text.VL53L1_WriteMulti
                0x0000000008011a4c       0x6c ./Drivers/VL53L1X/platform/src/vl53l1_platform.o
                0x0000000008011a4c                VL53L1_WriteMulti
 .text.VL53L1_ReadMulti
                0x0000000008011ab8       0x6c ./Drivers/VL53L1X/platform/src/vl53l1_platform.o
                0x0000000008011ab8                VL53L1_ReadMulti
 .text.VL53L1_WrByte
                0x0000000008011b24       0x54 ./Drivers/VL53L1X/platform/src/vl53l1_platform.o
                0x0000000008011b24                VL53L1_WrByte
 .text.VL53L1_RdByte
                0x0000000008011b78       0x68 ./Drivers/VL53L1X/platform/src/vl53l1_platform.o
                0x0000000008011b78                VL53L1_RdByte
 .text.VL53L1_RdWord
                0x0000000008011be0       0x80 ./Drivers/VL53L1X/platform/src/vl53l1_platform.o
                0x0000000008011be0                VL53L1_RdWord
 .text.VL53L1_GetTickCount
                0x0000000008011c60       0x22 ./Drivers/VL53L1X/platform/src/vl53l1_platform.o
                0x0000000008011c60                VL53L1_GetTickCount
 .text.VL53L1_WaitMs
                0x0000000008011c82       0x1c ./Drivers/VL53L1X/platform/src/vl53l1_platform.o
                0x0000000008011c82                VL53L1_WaitMs
 *fill*         0x0000000008011c9e        0x2 
 .text.VL53L1_WaitUs
                0x0000000008011ca0       0x2c ./Drivers/VL53L1X/platform/src/vl53l1_platform.o
                0x0000000008011ca0                VL53L1_WaitUs
 .text.VL53L1_WaitValueMaskEx
                0x0000000008011ccc      0x128 ./Drivers/VL53L1X/platform/src/vl53l1_platform.o
                0x0000000008011ccc                VL53L1_WaitValueMaskEx
 .text.DC_MOTOR_Init
                0x0000000008011df4      0x1ac ./ECUAL/DC_MOTOR/DC_MOTOR.o
                0x0000000008011df4                DC_MOTOR_Init
 .text.DC_MOTOR_Start
                0x0000000008011fa0       0xb8 ./ECUAL/DC_MOTOR/DC_MOTOR.o
                0x0000000008011fa0                DC_MOTOR_Start
 .text.DC_MOTOR_Set_Speed
                0x0000000008012058       0xb8 ./ECUAL/DC_MOTOR/DC_MOTOR.o
                0x0000000008012058                DC_MOTOR_Set_Speed
 .text.DWT_Delay_Init
                0x0000000008012110       0x60 ./util/DWT_Delay.o
                0x0000000008012110                DWT_Delay_Init
 .text.__libc_init_array
                0x0000000008012170       0x48 d:/program files/programok/stm32/stm32cubeide_1.8.0/stm32cubeide/plugins/com.st.stm32cube.ide.mcu.externaltools.gnu-tools-for-stm32.9-2020-q2-update.win32_2.0.0.202105311346/tools/bin/../lib/gcc/arm-none-eabi/9.3.1/../../../../arm-none-eabi/lib/thumb/v7e-m+fp/hard\libc_nano.a(lib_a-init.o)
                0x0000000008012170                __libc_init_array
 .text.memcpy   0x00000000080121b8       0x1c d:/program files/programok/stm32/stm32cubeide_1.8.0/stm32cubeide/plugins/com.st.stm32cube.ide.mcu.externaltools.gnu-tools-for-stm32.9-2020-q2-update.win32_2.0.0.202105311346/tools/bin/../lib/gcc/arm-none-eabi/9.3.1/../../../../arm-none-eabi/lib/thumb/v7e-m+fp/hard\libc_nano.a(lib_a-memcpy-stub.o)
                0x00000000080121b8                memcpy
 .text.memset   0x00000000080121d4       0x10 d:/program files/programok/stm32/stm32cubeide_1.8.0/stm32cubeide/plugins/com.st.stm32cube.ide.mcu.externaltools.gnu-tools-for-stm32.9-2020-q2-update.win32_2.0.0.202105311346/tools/bin/../lib/gcc/arm-none-eabi/9.3.1/../../../../arm-none-eabi/lib/thumb/v7e-m+fp/hard\libc_nano.a(lib_a-memset.o)
                0x00000000080121d4                memset
 .text.strncpy  0x00000000080121e4       0x26 d:/program files/programok/stm32/stm32cubeide_1.8.0/stm32cubeide/plugins/com.st.stm32cube.ide.mcu.externaltools.gnu-tools-for-stm32.9-2020-q2-update.win32_2.0.0.202105311346/tools/bin/../lib/gcc/arm-none-eabi/9.3.1/../../../../arm-none-eabi/lib/thumb/v7e-m+fp/hard\libc_nano.a(lib_a-strncpy.o)
                0x00000000080121e4                strncpy
 *(.glue_7)
 .glue_7        0x000000000801220a        0x0 linker stubs
 *(.glue_7t)
 .glue_7t       0x000000000801220a        0x0 linker stubs
 *(.eh_frame)
 *fill*         0x000000000801220a        0x2 
 .eh_frame      0x000000000801220c        0x0 d:/program files/programok/stm32/stm32cubeide_1.8.0/stm32cubeide/plugins/com.st.stm32cube.ide.mcu.externaltools.gnu-tools-for-stm32.9-2020-q2-update.win32_2.0.0.202105311346/tools/bin/../lib/gcc/arm-none-eabi/9.3.1/thumb/v7e-m+fp/hard/crtbegin.o
 *(.init)
 .init          0x000000000801220c        0x4 d:/program files/programok/stm32/stm32cubeide_1.8.0/stm32cubeide/plugins/com.st.stm32cube.ide.mcu.externaltools.gnu-tools-for-stm32.9-2020-q2-update.win32_2.0.0.202105311346/tools/bin/../lib/gcc/arm-none-eabi/9.3.1/thumb/v7e-m+fp/hard/crti.o
                0x000000000801220c                _init
 .init          0x0000000008012210        0x8 d:/program files/programok/stm32/stm32cubeide_1.8.0/stm32cubeide/plugins/com.st.stm32cube.ide.mcu.externaltools.gnu-tools-for-stm32.9-2020-q2-update.win32_2.0.0.202105311346/tools/bin/../lib/gcc/arm-none-eabi/9.3.1/thumb/v7e-m+fp/hard/crtn.o
 *(.fini)
 .fini          0x0000000008012218        0x4 d:/program files/programok/stm32/stm32cubeide_1.8.0/stm32cubeide/plugins/com.st.stm32cube.ide.mcu.externaltools.gnu-tools-for-stm32.9-2020-q2-update.win32_2.0.0.202105311346/tools/bin/../lib/gcc/arm-none-eabi/9.3.1/thumb/v7e-m+fp/hard/crti.o
                0x0000000008012218                _fini
 .fini          0x000000000801221c        0x8 d:/program files/programok/stm32/stm32cubeide_1.8.0/stm32cubeide/plugins/com.st.stm32cube.ide.mcu.externaltools.gnu-tools-for-stm32.9-2020-q2-update.win32_2.0.0.202105311346/tools/bin/../lib/gcc/arm-none-eabi/9.3.1/thumb/v7e-m+fp/hard/crtn.o
                0x0000000008012224                . = ALIGN (0x4)
                0x0000000008012224                _etext = .

.vfp11_veneer   0x0000000008012224        0x0
 .vfp11_veneer  0x0000000008012224        0x0 linker stubs

.v4_bx          0x0000000008012224        0x0
 .v4_bx         0x0000000008012224        0x0 linker stubs

.iplt           0x0000000008012224        0x0
 .iplt          0x0000000008012224        0x0 d:/program files/programok/stm32/stm32cubeide_1.8.0/stm32cubeide/plugins/com.st.stm32cube.ide.mcu.externaltools.gnu-tools-for-stm32.9-2020-q2-update.win32_2.0.0.202105311346/tools/bin/../lib/gcc/arm-none-eabi/9.3.1/thumb/v7e-m+fp/hard/crtbegin.o

.rodata         0x0000000008012224      0x2e8
                0x0000000008012224                . = ALIGN (0x4)
 *(.rodata)
 .rodata        0x0000000008012224       0x3b ./Drivers/STM32F4xx_HAL_Driver/Src/stm32f4xx_hal_cortex.o
 *fill*         0x000000000801225f        0x1 
 .rodata        0x0000000008012260       0x38 ./Drivers/STM32F4xx_HAL_Driver/Src/stm32f4xx_hal_dma.o
 .rodata        0x0000000008012298       0x39 ./Drivers/STM32F4xx_HAL_Driver/Src/stm32f4xx_hal_gpio.o
 *fill*         0x00000000080122d1        0x3 
 .rodata        0x00000000080122d4       0x38 ./Drivers/STM32F4xx_HAL_Driver/Src/stm32f4xx_hal_i2c.o
 .rodata        0x000000000801230c       0x38 ./Drivers/STM32F4xx_HAL_Driver/Src/stm32f4xx_hal_rcc.o
 .rodata        0x0000000008012344       0x3b ./Drivers/STM32F4xx_HAL_Driver/Src/stm32f4xx_hal_rcc_ex.o
 *fill*         0x000000000801237f        0x1 
 .rodata        0x0000000008012380       0x38 ./Drivers/STM32F4xx_HAL_Driver/Src/stm32f4xx_hal_spi.o
 .rodata        0x00000000080123b8       0x38 ./Drivers/STM32F4xx_HAL_Driver/Src/stm32f4xx_hal_tim.o
 .rodata        0x00000000080123f0       0x3b ./Drivers/STM32F4xx_HAL_Driver/Src/stm32f4xx_hal_tim_ex.o
 *fill*         0x000000000801242b        0x1 
 .rodata        0x000000000801242c       0x39 ./Drivers/STM32F4xx_HAL_Driver/Src/stm32f4xx_hal_uart.o
 *fill*         0x0000000008012465        0x3 
 .rodata        0x0000000008012468       0x37 ./Drivers/VL53L1X/core/src/vl53l1_api.o
 *fill*         0x000000000801249f        0x1 
 .rodata        0x00000000080124a0        0x1 ./Drivers/VL53L1X/platform/src/vl53l1_platform.o
 *(.rodata*)
 *fill*         0x00000000080124a1        0x3 
 .rodata.SERVO_CfgParam
                0x00000000080124a4       0x20 ./Core/Src/main.o
                0x00000000080124a4                SERVO_CfgParam
 .rodata.AHBPrescTable
                0x00000000080124c4       0x10 ./Core/Src/system_stm32f4xx.o
                0x00000000080124c4                AHBPrescTable
 .rodata.APBPrescTable
                0x00000000080124d4        0x8 ./Core/Src/system_stm32f4xx.o
                0x00000000080124d4                APBPrescTable
 .rodata.flagBitshiftOffset.8744
                0x00000000080124dc        0x8 ./Drivers/STM32F4xx_HAL_Driver/Src/stm32f4xx_hal_dma.o
 .rodata.DC_MOTOR_CfgParam
                0x00000000080124e4       0x28 ./ECUAL/DC_MOTOR/DC_MOTOR_cfg.o
                0x00000000080124e4                DC_MOTOR_CfgParam
                0x000000000801250c                . = ALIGN (0x4)

.ARM.extab      0x000000000801250c        0x0
                0x000000000801250c                . = ALIGN (0x4)
 *(.ARM.extab* .gnu.linkonce.armextab.*)
                0x000000000801250c                . = ALIGN (0x4)

.ARM            0x000000000801250c        0x8
                0x000000000801250c                . = ALIGN (0x4)
                0x000000000801250c                __exidx_start = .
 *(.ARM.exidx*)
 .ARM.exidx     0x000000000801250c        0x8 d:/program files/programok/stm32/stm32cubeide_1.8.0/stm32cubeide/plugins/com.st.stm32cube.ide.mcu.externaltools.gnu-tools-for-stm32.9-2020-q2-update.win32_2.0.0.202105311346/tools/bin/../lib/gcc/arm-none-eabi/9.3.1/thumb/v7e-m+fp/hard\libgcc.a(_udivmoddi4.o)
                0x0000000008012514                __exidx_end = .
                0x0000000008012514                . = ALIGN (0x4)

.rel.dyn        0x0000000008012514        0x0
 .rel.iplt      0x0000000008012514        0x0 d:/program files/programok/stm32/stm32cubeide_1.8.0/stm32cubeide/plugins/com.st.stm32cube.ide.mcu.externaltools.gnu-tools-for-stm32.9-2020-q2-update.win32_2.0.0.202105311346/tools/bin/../lib/gcc/arm-none-eabi/9.3.1/thumb/v7e-m+fp/hard/crtbegin.o

.preinit_array  0x0000000008012514        0x0
                0x0000000008012514                . = ALIGN (0x4)
                0x0000000008012514                PROVIDE (__preinit_array_start = .)
 *(.preinit_array*)
                0x0000000008012514                PROVIDE (__preinit_array_end = .)
                0x0000000008012514                . = ALIGN (0x4)

.init_array     0x0000000008012514        0x4
                0x0000000008012514                . = ALIGN (0x4)
                0x0000000008012514                PROVIDE (__init_array_start = .)
 *(SORT_BY_NAME(.init_array.*))
 *(.init_array*)
 .init_array    0x0000000008012514        0x4 d:/program files/programok/stm32/stm32cubeide_1.8.0/stm32cubeide/plugins/com.st.stm32cube.ide.mcu.externaltools.gnu-tools-for-stm32.9-2020-q2-update.win32_2.0.0.202105311346/tools/bin/../lib/gcc/arm-none-eabi/9.3.1/thumb/v7e-m+fp/hard/crtbegin.o
                0x0000000008012518                PROVIDE (__init_array_end = .)
                0x0000000008012518                . = ALIGN (0x4)

.fini_array     0x0000000008012518        0x4
                0x0000000008012518                . = ALIGN (0x4)
                [!provide]                        PROVIDE (__fini_array_start = .)
 *(SORT_BY_NAME(.fini_array.*))
 *(.fini_array*)
 .fini_array    0x0000000008012518        0x4 d:/program files/programok/stm32/stm32cubeide_1.8.0/stm32cubeide/plugins/com.st.stm32cube.ide.mcu.externaltools.gnu-tools-for-stm32.9-2020-q2-update.win32_2.0.0.202105311346/tools/bin/../lib/gcc/arm-none-eabi/9.3.1/thumb/v7e-m+fp/hard/crtbegin.o
                [!provide]                        PROVIDE (__fini_array_end = .)
                0x000000000801251c                . = ALIGN (0x4)
                0x000000000801251c                _sidata = LOADADDR (.data)

.data           0x0000000020000000      0x1f8 load address 0x000000000801251c
                0x0000000020000000                . = ALIGN (0x4)
                0x0000000020000000                _sdata = .
 *(.data)
 *(.data*)
 .data.szervoEnable
                0x0000000020000000        0x1 ./Core/Src/main.o
                0x0000000020000000                szervoEnable
 .data.motvezEnable
                0x0000000020000001        0x1 ./Core/Src/main.o
                0x0000000020000001                motvezEnable
 *fill*         0x0000000020000002        0x2 
 .data.leszed   0x0000000020000004        0x6 ./Core/Src/main.o
                0x0000000020000004                leszed
 *fill*         0x000000002000000a        0x2 
 .data.teszt_minta
                0x000000002000000c        0x6 ./Core/Src/main.o
                0x000000002000000c                teszt_minta
 *fill*         0x0000000020000012        0x2 
 .data.minta4_adc4h
                0x0000000020000014        0x6 ./Core/Src/main.o
                0x0000000020000014                minta4_adc4h
 *fill*         0x000000002000001a        0x2 
 .data.minta4_adc3h
                0x000000002000001c        0x6 ./Core/Src/main.o
                0x000000002000001c                minta4_adc3h
 *fill*         0x0000000020000022        0x2 
 .data.minta4_adc2h
                0x0000000020000024        0x6 ./Core/Src/main.o
                0x0000000020000024                minta4_adc2h
 *fill*         0x000000002000002a        0x2 
 .data.minta4_adc1h
                0x000000002000002c        0x6 ./Core/Src/main.o
                0x000000002000002c                minta4_adc1h
 *fill*         0x0000000020000032        0x2 
 .data.minta3_adc4h
                0x0000000020000034        0x6 ./Core/Src/main.o
                0x0000000020000034                minta3_adc4h
 *fill*         0x000000002000003a        0x2 
 .data.minta3_adc3h
                0x000000002000003c        0x6 ./Core/Src/main.o
                0x000000002000003c                minta3_adc3h
 *fill*         0x0000000020000042        0x2 
 .data.minta3_adc2h
                0x0000000020000044        0x6 ./Core/Src/main.o
                0x0000000020000044                minta3_adc2h
 *fill*         0x000000002000004a        0x2 
 .data.minta3_adc1h
                0x000000002000004c        0x6 ./Core/Src/main.o
                0x000000002000004c                minta3_adc1h
 *fill*         0x0000000020000052        0x2 
 .data.minta2_adc4h
                0x0000000020000054        0x6 ./Core/Src/main.o
                0x0000000020000054                minta2_adc4h
 *fill*         0x000000002000005a        0x2 
 .data.minta2_adc3h
                0x000000002000005c        0x6 ./Core/Src/main.o
                0x000000002000005c                minta2_adc3h
 *fill*         0x0000000020000062        0x2 
 .data.minta2_adc2h
                0x0000000020000064        0x6 ./Core/Src/main.o
                0x0000000020000064                minta2_adc2h
 *fill*         0x000000002000006a        0x2 
 .data.minta2_adc1h
                0x000000002000006c        0x6 ./Core/Src/main.o
                0x000000002000006c                minta2_adc1h
 *fill*         0x0000000020000072        0x2 
 .data.minta1_adc4h
                0x0000000020000074        0x6 ./Core/Src/main.o
                0x0000000020000074                minta1_adc4h
 *fill*         0x000000002000007a        0x2 
 .data.minta1_adc3h
                0x000000002000007c        0x6 ./Core/Src/main.o
                0x000000002000007c                minta1_adc3h
 *fill*         0x0000000020000082        0x2 
 .data.minta1_adc2h
                0x0000000020000084        0x6 ./Core/Src/main.o
                0x0000000020000084                minta1_adc2h
 *fill*         0x000000002000008a        0x2 
 .data.minta1_adc1h
                0x000000002000008c        0x6 ./Core/Src/main.o
                0x000000002000008c                minta1_adc1h
 *fill*         0x0000000020000092        0x2 
 .data.minta4_adc4e
                0x0000000020000094        0x6 ./Core/Src/main.o
                0x0000000020000094                minta4_adc4e
 *fill*         0x000000002000009a        0x2 
 .data.minta4_adc3e
                0x000000002000009c        0x6 ./Core/Src/main.o
                0x000000002000009c                minta4_adc3e
 *fill*         0x00000000200000a2        0x2 
 .data.minta4_adc2e
                0x00000000200000a4        0x6 ./Core/Src/main.o
                0x00000000200000a4                minta4_adc2e
 *fill*         0x00000000200000aa        0x2 
 .data.minta4_adc1e
                0x00000000200000ac        0x6 ./Core/Src/main.o
                0x00000000200000ac                minta4_adc1e
 *fill*         0x00000000200000b2        0x2 
 .data.minta3_adc4e
                0x00000000200000b4        0x6 ./Core/Src/main.o
                0x00000000200000b4                minta3_adc4e
 *fill*         0x00000000200000ba        0x2 
 .data.minta3_adc3e
                0x00000000200000bc        0x6 ./Core/Src/main.o
                0x00000000200000bc                minta3_adc3e
 *fill*         0x00000000200000c2        0x2 
 .data.minta3_adc2e
                0x00000000200000c4        0x6 ./Core/Src/main.o
                0x00000000200000c4                minta3_adc2e
 *fill*         0x00000000200000ca        0x2 
 .data.minta3_adc1e
                0x00000000200000cc        0x6 ./Core/Src/main.o
                0x00000000200000cc                minta3_adc1e
 *fill*         0x00000000200000d2        0x2 
 .data.minta2_adc4e
                0x00000000200000d4        0x6 ./Core/Src/main.o
                0x00000000200000d4                minta2_adc4e
 *fill*         0x00000000200000da        0x2 
 .data.minta2_adc3e
                0x00000000200000dc        0x6 ./Core/Src/main.o
                0x00000000200000dc                minta2_adc3e
 *fill*         0x00000000200000e2        0x2 
 .data.minta2_adc2e
                0x00000000200000e4        0x6 ./Core/Src/main.o
                0x00000000200000e4                minta2_adc2e
 *fill*         0x00000000200000ea        0x2 
 .data.minta2_adc1e
                0x00000000200000ec        0x6 ./Core/Src/main.o
                0x00000000200000ec                minta2_adc1e
 *fill*         0x00000000200000f2        0x2 
 .data.minta1_adc4e
                0x00000000200000f4        0x6 ./Core/Src/main.o
                0x00000000200000f4                minta1_adc4e
 *fill*         0x00000000200000fa        0x2 
 .data.minta1_adc3e
                0x00000000200000fc        0x6 ./Core/Src/main.o
                0x00000000200000fc                minta1_adc3e
 *fill*         0x0000000020000102        0x2 
 .data.minta1_adc2e
                0x0000000020000104        0x6 ./Core/Src/main.o
                0x0000000020000104                minta1_adc2e
 *fill*         0x000000002000010a        0x2 
 .data.minta1_adc1e
                0x000000002000010c        0x6 ./Core/Src/main.o
                0x000000002000010c                minta1_adc1e
 .data.adc_chanel1
                0x0000000020000112        0x1 ./Core/Src/main.o
                0x0000000020000112                adc_chanel1
 .data.adc_chanel2
                0x0000000020000113        0x1 ./Core/Src/main.o
                0x0000000020000113                adc_chanel2
 .data.adc_chanel3
                0x0000000020000114        0x1 ./Core/Src/main.o
                0x0000000020000114                adc_chanel3
 .data.adc_chanel4
                0x0000000020000115        0x1 ./Core/Src/main.o
                0x0000000020000115                adc_chanel4
 .data.adc_chanel5
                0x0000000020000116        0x1 ./Core/Src/main.o
                0x0000000020000116                adc_chanel5
 .data.adc_chanel6
                0x0000000020000117        0x1 ./Core/Src/main.o
                0x0000000020000117                adc_chanel6
 .data.adc_chanel7
                0x0000000020000118        0x1 ./Core/Src/main.o
                0x0000000020000118                adc_chanel7
 *fill*         0x0000000020000119        0x7 
 .data.VONAL_THRESHOLD_H
                0x0000000020000120        0x8 ./Core/Src/main.o
                0x0000000020000120                VONAL_THRESHOLD_H
 .data.VONAL_THRESHOLD_E
                0x0000000020000128        0x8 ./Core/Src/main.o
                0x0000000020000128                VONAL_THRESHOLD_E
 .data.vonalak_h
                0x0000000020000130        0x5 ./Core/Src/main.o
                0x0000000020000130                vonalak_h
 *fill*         0x0000000020000135        0x3 
 .data.vonalak_e
                0x0000000020000138        0x5 ./Core/Src/main.o
                0x0000000020000138                vonalak_e
 .data.aktualis_irany
                0x000000002000013d        0x1 ./Core/Src/main.o
                0x000000002000013d                aktualis_irany
 .data.kovi_irany
                0x000000002000013e        0x1 ./Core/Src/main.o
                0x000000002000013e                kovi_irany
 *fill*         0x000000002000013f        0x1 
 .data.szervoSzog
                0x0000000020000140        0x4 ./Core/Src/main.o
                0x0000000020000140                szervoSzog
 *fill*         0x0000000020000144        0x4 
 .data.kormanyzas_agresszivitas
                0x0000000020000148        0x8 ./Core/Src/main.o
                0x0000000020000148                kormanyzas_agresszivitas
 .data.motvez_d
                0x0000000020000150        0x4 ./Core/Src/main.o
                0x0000000020000150                motvez_d
 .data.motvez_k
                0x0000000020000154        0x4 ./Core/Src/main.o
                0x0000000020000154                motvez_k
 .data.kapuk    0x0000000020000158        0x6 ./Core/Src/main.o
                0x0000000020000158                kapuk
 .data.temp_radio
                0x000000002000015e        0x1 ./Core/Src/main.o
                0x000000002000015e                temp_radio
 *fill*         0x000000002000015f        0x1 
 .data.road     0x0000000020000160       0x50 ./Core/Src/main.o
                0x0000000020000160                road
 .data.source   0x00000000200001b0        0x4 ./Core/Src/main.o
                0x00000000200001b0                source
 .data.target1  0x00000000200001b4        0x4 ./Core/Src/main.o
                0x00000000200001b4                target1
 .data.target2  0x00000000200001b8        0x4 ./Core/Src/main.o
                0x00000000200001b8                target2
 .data.SystemCoreClock
                0x00000000200001bc        0x4 ./Core/Src/system_stm32f4xx.o
                0x00000000200001bc                SystemCoreClock
 .data.uwTickPrio
                0x00000000200001c0        0x4 ./Drivers/STM32F4xx_HAL_Driver/Src/stm32f4xx_hal.o
                0x00000000200001c0                uwTickPrio
 .data.uwTickFreq
                0x00000000200001c4        0x1 ./Drivers/STM32F4xx_HAL_Driver/Src/stm32f4xx_hal.o
                0x00000000200001c4                uwTickFreq
 *fill*         0x00000000200001c5        0x3 
 .data.BDTable  0x00000000200001c8       0x30 ./Drivers/VL53L1X/core/src/vl53l1_api.o
 *(.RamFunc)
 *(.RamFunc*)
                0x00000000200001f8                . = ALIGN (0x4)
                0x00000000200001f8                _edata = .

.igot.plt       0x00000000200001f8        0x0 load address 0x0000000008012714
 .igot.plt      0x00000000200001f8        0x0 d:/program files/programok/stm32/stm32cubeide_1.8.0/stm32cubeide/plugins/com.st.stm32cube.ide.mcu.externaltools.gnu-tools-for-stm32.9-2020-q2-update.win32_2.0.0.202105311346/tools/bin/../lib/gcc/arm-none-eabi/9.3.1/thumb/v7e-m+fp/hard/crtbegin.o
                0x00000000200001f8                . = ALIGN (0x4)

.bss            0x00000000200001f8     0x9f78 load address 0x0000000008012714
                0x00000000200001f8                _sbss = .
                0x00000000200001f8                __bss_start__ = _sbss
 *(.bss)
 .bss           0x00000000200001f8       0x1c d:/program files/programok/stm32/stm32cubeide_1.8.0/stm32cubeide/plugins/com.st.stm32cube.ide.mcu.externaltools.gnu-tools-for-stm32.9-2020-q2-update.win32_2.0.0.202105311346/tools/bin/../lib/gcc/arm-none-eabi/9.3.1/thumb/v7e-m+fp/hard/crtbegin.o
 *(.bss*)
 .bss.gs_SERVO_info
                0x0000000020000214        0x4 ./Core/Src/main.o
 .bss.btnEnable
                0x0000000020000218        0x1 ./Core/Src/main.o
                0x0000000020000218                btnEnable
 .bss.adc_chanel0
                0x0000000020000219        0x1 ./Core/Src/main.o
                0x0000000020000219                adc_chanel0
 *fill*         0x000000002000021a        0x2 
 .bss.vonal_eredmeny_h
                0x000000002000021c       0x21 ./Core/Src/main.o
                0x000000002000021c                vonal_eredmeny_h
 *fill*         0x000000002000023d        0x3 
 .bss.vonal_eredmeny_e
                0x0000000020000240       0x21 ./Core/Src/main.o