Archive member included to satisfy reference by file (symbol)

d:/program files/programok/stm32/stm32cubeide_1.8.0/stm32cubeide/plugins/com.st.stm32cube.ide.mcu.externaltools.gnu-tools-for-stm32.9-2020-q2-update.win32_2.0.0.202105311346/tools/bin/../lib/gcc/arm-none-eabi/9.3.1/../../../../arm-none-eabi/lib/thumb/v7e-m+fp/hard\libc_nano.a(lib_a-errno.o)
                              ./Core/Src/syscalls.o (__errno)
d:/program files/programok/stm32/stm32cubeide_1.8.0/stm32cubeide/plugins/com.st.stm32cube.ide.mcu.externaltools.gnu-tools-for-stm32.9-2020-q2-update.win32_2.0.0.202105311346/tools/bin/../lib/gcc/arm-none-eabi/9.3.1/../../../../arm-none-eabi/lib/thumb/v7e-m+fp/hard\libc_nano.a(lib_a-exit.o)
                              d:/program files/programok/stm32/stm32cubeide_1.8.0/stm32cubeide/plugins/com.st.stm32cube.ide.mcu.externaltools.gnu-tools-for-stm32.9-2020-q2-update.win32_2.0.0.202105311346/tools/bin/../lib/gcc/arm-none-eabi/9.3.1/../../../../arm-none-eabi/lib/thumb/v7e-m+fp/hard/crt0.o (exit)
d:/program files/programok/stm32/stm32cubeide_1.8.0/stm32cubeide/plugins/com.st.stm32cube.ide.mcu.externaltools.gnu-tools-for-stm32.9-2020-q2-update.win32_2.0.0.202105311346/tools/bin/../lib/gcc/arm-none-eabi/9.3.1/../../../../arm-none-eabi/lib/thumb/v7e-m+fp/hard\libc_nano.a(lib_a-impure.o)
                              d:/program files/programok/stm32/stm32cubeide_1.8.0/stm32cubeide/plugins/com.st.stm32cube.ide.mcu.externaltools.gnu-tools-for-stm32.9-2020-q2-update.win32_2.0.0.202105311346/tools/bin/../lib/gcc/arm-none-eabi/9.3.1/../../../../arm-none-eabi/lib/thumb/v7e-m+fp/hard\libc_nano.a(lib_a-exit.o) (_global_impure_ptr)
d:/program files/programok/stm32/stm32cubeide_1.8.0/stm32cubeide/plugins/com.st.stm32cube.ide.mcu.externaltools.gnu-tools-for-stm32.9-2020-q2-update.win32_2.0.0.202105311346/tools/bin/../lib/gcc/arm-none-eabi/9.3.1/../../../../arm-none-eabi/lib/thumb/v7e-m+fp/hard\libc_nano.a(lib_a-init.o)
                              d:/program files/programok/stm32/stm32cubeide_1.8.0/stm32cubeide/plugins/com.st.stm32cube.ide.mcu.externaltools.gnu-tools-for-stm32.9-2020-q2-update.win32_2.0.0.202105311346/tools/bin/../lib/gcc/arm-none-eabi/9.3.1/../../../../arm-none-eabi/lib/thumb/v7e-m+fp/hard/crt0.o (__libc_init_array)
d:/program files/programok/stm32/stm32cubeide_1.8.0/stm32cubeide/plugins/com.st.stm32cube.ide.mcu.externaltools.gnu-tools-for-stm32.9-2020-q2-update.win32_2.0.0.202105311346/tools/bin/../lib/gcc/arm-none-eabi/9.3.1/../../../../arm-none-eabi/lib/thumb/v7e-m+fp/hard\libc_nano.a(lib_a-memcpy-stub.o)
                              ./Drivers/VL53L1X/core/src/vl53l1_api.o (memcpy)
d:/program files/programok/stm32/stm32cubeide_1.8.0/stm32cubeide/plugins/com.st.stm32cube.ide.mcu.externaltools.gnu-tools-for-stm32.9-2020-q2-update.win32_2.0.0.202105311346/tools/bin/../lib/gcc/arm-none-eabi/9.3.1/../../../../arm-none-eabi/lib/thumb/v7e-m+fp/hard\libc_nano.a(lib_a-memset.o)
                              d:/program files/programok/stm32/stm32cubeide_1.8.0/stm32cubeide/plugins/com.st.stm32cube.ide.mcu.externaltools.gnu-tools-for-stm32.9-2020-q2-update.win32_2.0.0.202105311346/tools/bin/../lib/gcc/arm-none-eabi/9.3.1/../../../../arm-none-eabi/lib/thumb/v7e-m+fp/hard/crt0.o (memset)
d:/program files/programok/stm32/stm32cubeide_1.8.0/stm32cubeide/plugins/com.st.stm32cube.ide.mcu.externaltools.gnu-tools-for-stm32.9-2020-q2-update.win32_2.0.0.202105311346/tools/bin/../lib/gcc/arm-none-eabi/9.3.1/../../../../arm-none-eabi/lib/thumb/v7e-m+fp/hard\libc_nano.a(lib_a-sprintf.o)
                              ./Core/Src/main.o (sprintf)
d:/program files/programok/stm32/stm32cubeide_1.8.0/stm32cubeide/plugins/com.st.stm32cube.ide.mcu.externaltools.gnu-tools-for-stm32.9-2020-q2-update.win32_2.0.0.202105311346/tools/bin/../lib/gcc/arm-none-eabi/9.3.1/../../../../arm-none-eabi/lib/thumb/v7e-m+fp/hard\libc_nano.a(lib_a-strlen.o)
                              ./Core/Src/main.o (strlen)
d:/program files/programok/stm32/stm32cubeide_1.8.0/stm32cubeide/plugins/com.st.stm32cube.ide.mcu.externaltools.gnu-tools-for-stm32.9-2020-q2-update.win32_2.0.0.202105311346/tools/bin/../lib/gcc/arm-none-eabi/9.3.1/../../../../arm-none-eabi/lib/thumb/v7e-m+fp/hard\libc_nano.a(lib_a-strncpy.o)
                              ./Drivers/VL53L1X/core/src/vl53l1_api.o (strncpy)
d:/program files/programok/stm32/stm32cubeide_1.8.0/stm32cubeide/plugins/com.st.stm32cube.ide.mcu.externaltools.gnu-tools-for-stm32.9-2020-q2-update.win32_2.0.0.202105311346/tools/bin/../lib/gcc/arm-none-eabi/9.3.1/../../../../arm-none-eabi/lib/thumb/v7e-m+fp/hard\libc_nano.a(lib_a-nano-svfprintf.o)
                              d:/program files/programok/stm32/stm32cubeide_1.8.0/stm32cubeide/plugins/com.st.stm32cube.ide.mcu.externaltools.gnu-tools-for-stm32.9-2020-q2-update.win32_2.0.0.202105311346/tools/bin/../lib/gcc/arm-none-eabi/9.3.1/../../../../arm-none-eabi/lib/thumb/v7e-m+fp/hard\libc_nano.a(lib_a-sprintf.o) (_svfprintf_r)
[...]
Memory Configuration

Name             Origin             Length             Attributes
RAM              0x0000000020000000 0x0000000000020000 xrw
FLASH            0x0000000008000000 0x0000000000080000 xr
*default*        0x0000000000000000 0xffffffffffffffff

Linker script and memory map

LOAD d:/program files/programok/stm32/stm32cubeide_1.8.0/stm32cubeide/plugins/com.st.stm32cube.ide.mcu.externaltools.gnu-tools-for-stm32.9-2020-q2-update.win32_2.0.0.202105311346/tools/bin/../lib/gcc/arm-none-eabi/9.3.1/thumb/v7e-m+fp/hard/crti.o
LOAD d:/program files/programok/stm32/stm32cubeide_1.8.0/stm32cubeide/plugins/com.st.stm32cube.ide.mcu.externaltools.gnu-tools-for-stm32.9-2020-q2-update.win32_2.0.0.202105311346/tools/bin/../lib/gcc/arm-none-eabi/9.3.1/thumb/v7e-m+fp/hard/crtbegin.o
LOAD d:/program files/programok/stm32/stm32cubeide_1.8.0/stm32cubeide/plugins/com.st.stm32cube.ide.mcu.externaltools.gnu-tools-for-stm32.9-2020-q2-update.win32_2.0.0.202105311346/tools/bin/../lib/gcc/arm-none-eabi/9.3.1/../../../../arm-none-eabi/lib/thumb/v7e-m+fp/hard/crt0.o
LOAD ./Core/Src/main.o
LOAD ./Core/Src/stm32f4xx_hal_msp.o
LOAD ./Core/Src/stm32f4xx_it.o
LOAD ./Core/Src/syscalls.o
LOAD ./Core/Src/sysmem.o
LOAD ./Core/Src/system_stm32f4xx.o
LOAD ./Core/Startup/startup_stm32f446retx.o
LOAD ./Drivers/STM32F4xx_HAL_Driver/Src/stm32f4xx_hal.o
LOAD ./Drivers/STM32F4xx_HAL_Driver/Src/stm32f4xx_hal_cortex.o
LOAD ./Drivers/STM32F4xx_HAL_Driver/Src/stm32f4xx_hal_dma.o
LOAD ./Drivers/STM32F4xx_HAL_Driver/Src/stm32f4xx_hal_dma_ex.o
LOAD ./Drivers/STM32F4xx_HAL_Driver/Src/stm32f4xx_hal_exti.o
LOAD ./Drivers/STM32F4xx_HAL_Driver/Src/stm32f4xx_hal_flash.o
LOAD ./Drivers/STM32F4xx_HAL_Driver/Src/stm32f4xx_hal_flash_ex.o
LOAD ./Drivers/STM32F4xx_HAL_Driver/Src/stm32f4xx_hal_flash_ramfunc.o
LOAD ./Drivers/STM32F4xx_HAL_Driver/Src/stm32f4xx_hal_gpio.o
LOAD ./Drivers/STM32F4xx_HAL_Driver/Src/stm32f4xx_hal_i2c.o
LOAD ./Drivers/STM32F4xx_HAL_Driver/Src/stm32f4xx_hal_i2c_ex.o
LOAD ./Drivers/STM32F4xx_HAL_Driver/Src/stm32f4xx_hal_pwr.o
LOAD ./Drivers/STM32F4xx_HAL_Driver/Src/stm32f4xx_hal_pwr_ex.o
LOAD ./Drivers/STM32F4xx_HAL_Driver/Src/stm32f4xx_hal_rcc.o
LOAD ./Drivers/STM32F4xx_HAL_Driver/Src/stm32f4xx_hal_rcc_ex.o
LOAD ./Drivers/STM32F4xx_HAL_Driver/Src/stm32f4xx_hal_spi.o
LOAD ./Drivers/STM32F4xx_HAL_Driver/Src/stm32f4xx_hal_tim.o
LOAD ./Drivers/STM32F4xx_HAL_Driver/Src/stm32f4xx_hal_tim_ex.o
LOAD ./Drivers/STM32F4xx_HAL_Driver/Src/stm32f4xx_hal_uart.o
LOAD ./Drivers/VL53L1X/core/src/vl53l1_api.o
LOAD ./Drivers/VL53L1X/core/src/vl53l1_api_calibration.o
LOAD ./Drivers/VL53L1X/core/src/vl53l1_api_core.o
LOAD ./Drivers/VL53L1X/core/src/vl53l1_api_debug.o
LOAD ./Drivers/VL53L1X/core/src/vl53l1_api_preset_modes.o
LOAD ./Drivers/VL53L1X/core/src/vl53l1_api_strings.o
LOAD ./Drivers/VL53L1X/core/src/vl53l1_core.o
LOAD ./Drivers/VL53L1X/core/src/vl53l1_core_support.o
LOAD ./Drivers/VL53L1X/core/src/vl53l1_error_strings.o
LOAD ./Drivers/VL53L1X/core/src/vl53l1_register_funcs.o
LOAD ./Drivers/VL53L1X/core/src/vl53l1_silicon_core.o
LOAD ./Drivers/VL53L1X/core/src/vl53l1_wait.o
LOAD ./Drivers/VL53L1X/platform/src/vl53l1_platform.o
LOAD ./Drivers/VL53L1X/platform/src/vl53l1_platform_log.o
LOAD ./ECUAL/BUTTONS/BUTTONS.o
LOAD ./ECUAL/BUTTONS/BUTTONS_cfg.o
LOAD ./ECUAL/DC_MOTOR/DC_MOTOR.o
LOAD ./ECUAL/DC_MOTOR/DC_MOTOR_cfg.o
LOAD ./MATH/FIR/FIR.o
LOAD ./util/DWT_Delay.o
LOAD ./util/Timer_Delay.o
START GROUP
LOAD d:/program files/programok/stm32/stm32cubeide_1.8.0/stm32cubeide/plugins/com.st.stm32cube.ide.mcu.externaltools.gnu-tools-for-stm32.9-2020-q2-update.win32_2.0.0.202105311346/tools/bin/../lib/gcc/arm-none-eabi/9.3.1/../../../../arm-none-eabi/lib/thumb/v7e-m+fp/hard\libc_nano.a
LOAD d:/program files/programok/stm32/stm32cubeide_1.8.0/stm32cubeide/plugins/com.st.stm32cube.ide.mcu.externaltools.gnu-tools-for-stm32.9-2020-q2-update.win32_2.0.0.202105311346/tools/bin/../lib/gcc/arm-none-eabi/9.3.1/../../../../arm-none-eabi/lib/thumb/v7e-m+fp/hard\libm.a
END GROUP
START GROUP
LOAD d:/program files/programok/stm32/stm32cubeide_1.8.0/stm32cubeide/plugins/com.st.stm32cube.ide.mcu.externaltools.gnu-tools-for-stm32.9-2020-q2-update.win32_2.0.0.202105311346/tools/bin/../lib/gcc/arm-none-eabi/9.3.1/thumb/v7e-m+fp/hard\libgcc.a
LOAD d:/program files/programok/stm32/stm32cubeide_1.8.0/stm32cubeide/plugins/com.st.stm32cube.ide.mcu.externaltools.gnu-tools-for-stm32.9-2020-q2-update.win32_2.0.0.202105311346/tools/bin/../lib/gcc/arm-none-eabi/9.3.1/../../../../arm-none-eabi/lib/thumb/v7e-m+fp/hard\libc_nano.a
END GROUP
START GROUP
LOAD d:/program files/programok/stm32/stm32cubeide_1.8.0/stm32cubeide/plugins/com.st.stm32cube.ide.mcu.externaltools.gnu-tools-for-stm32.9-2020-q2-update.win32_2.0.0.202105311346/tools/bin/../lib/gcc/arm-none-eabi/9.3.1/thumb/v7e-m+fp/hard\libgcc.a
LOAD d:/program files/programok/stm32/stm32cubeide_1.8.0/stm32cubeide/plugins/com.st.stm32cube.ide.mcu.externaltools.gnu-tools-for-stm32.9-2020-q2-update.win32_2.0.0.202105311346/tools/bin/../lib/gcc/arm-none-eabi/9.3.1/../../../../arm-none-eabi/lib/thumb/v7e-m+fp/hard\libc_nano.a
LOAD d:/program files/programok/stm32/stm32cubeide_1.8.0/stm32cubeide/plugins/com.st.stm32cube.ide.mcu.externaltools.gnu-tools-for-stm32.9-2020-q2-update.win32_2.0.0.202105311346/tools/bin/../lib/gcc/arm-none-eabi/9.3.1/../../../../arm-none-eabi/lib/thumb/v7e-m+fp/hard\libnosys.a
END GROUP
START GROUP
LOAD d:/program files/programok/stm32/stm32cubeide_1.8.0/stm32cubeide/plugins/com.st.stm32cube.ide.mcu.externaltools.gnu-tools-for-stm32.9-2020-q2-update.win32_2.0.0.202105311346/tools/bin/../lib/gcc/arm-none-eabi/9.3.1/thumb/v7e-m+fp/hard\libgcc.a
LOAD d:/program files/programok/stm32/stm32cubeide_1.8.0/stm32cubeide/plugins/com.st.stm32cube.ide.mcu.externaltools.gnu-tools-for-stm32.9-2020-q2-update.win32_2.0.0.202105311346/tools/bin/../lib/gcc/arm-none-eabi/9.3.1/../../../../arm-none-eabi/lib/thumb/v7e-m+fp/hard\libc_nano.a
LOAD d:/program files/programok/stm32/stm32cubeide_1.8.0/stm32cubeide/plugins/com.st.stm32cube.ide.mcu.externaltools.gnu-tools-for-stm32.9-2020-q2-update.win32_2.0.0.202105311346/tools/bin/../lib/gcc/arm-none-eabi/9.3.1/../../../../arm-none-eabi/lib/thumb/v7e-m+fp/hard\libnosys.a
END GROUP
LOAD d:/program files/programok/stm32/stm32cubeide_1.8.0/stm32cubeide/plugins/com.st.stm32cube.ide.mcu.externaltools.gnu-tools-for-stm32.9-2020-q2-update.win32_2.0.0.202105311346/tools/bin/../lib/gcc/arm-none-eabi/9.3.1/thumb/v7e-m+fp/hard/crtend.o
LOAD d:/program files/programok/stm32/stm32cubeide_1.8.0/stm32cubeide/plugins/com.st.stm32cube.ide.mcu.externaltools.gnu-tools-for-stm32.9-2020-q2-update.win32_2.0.0.202105311346/tools/bin/../lib/gcc/arm-none-eabi/9.3.1/thumb/v7e-m+fp/hard/crtn.o
                0x0000000020020000                _estack = (ORIGIN (RAM) + LENGTH (RAM))
                0x0000000000000200                _Min_Heap_Size = 0x200
                0x0000000000000400                _Min_Stack_Size = 0x400

.isr_vector     0x0000000008000000      0x1c4
                0x0000000008000000                . = ALIGN (0x4)
 *(.isr_vector)
 .isr_vector    0x0000000008000000      0x1c4 ./Core/Startup/startup_stm32f446retx.o
                0x0000000008000000                g_pfnVectors
                0x00000000080001c4                . = ALIGN (0x4)

.text           0x00000000080001d0     0xa1dc
                0x00000000080001d0                . = ALIGN (0x4)
 *(.text)
 .text          0x00000000080001d0       0x40 d:/program files/programok/stm32/stm32cubeide_1.8.0/stm32cubeide/plugins/com.st.stm32cube.ide.mcu.externaltools.gnu-tools-for-stm32.9-2020-q2-update.win32_2.0.0.202105311346/tools/bin/../lib/gcc/arm-none-eabi/9.3.1/thumb/v7e-m+fp/hard/crtbegin.o
 .text          0x0000000008000210       0x10 d:/program files/programok/stm32/stm32cubeide_1.8.0/stm32cubeide/plugins/com.st.stm32cube.ide.mcu.externaltools.gnu-tools-for-stm32.9-2020-q2-update.win32_2.0.0.202105311346/tools/bin/../lib/gcc/arm-none-eabi/9.3.1/../../../../arm-none-eabi/lib/thumb/v7e-m+fp/hard\libc_nano.a(lib_a-strlen.o)
                0x0000000008000210                strlen
 .text          0x0000000008000220       0xa0 d:/program files/programok/stm32/stm32cubeide_1.8.0/stm32cubeide/plugins/com.st.stm32cube.ide.mcu.externaltools.gnu-tools-for-stm32.9-2020-q2-update.win32_2.0.0.202105311346/tools/bin/../lib/gcc/arm-none-eabi/9.3.1/../../../../arm-none-eabi/lib/thumb/v7e-m+fp/hard\libc_nano.a(lib_a-memchr.o)
                0x0000000008000220                memchr
 .text          0x00000000080002c0      0x378 d:/program files/programok/stm32/stm32cubeide_1.8.0/stm32cubeide/plugins/com.st.stm32cube.ide.mcu.externaltools.gnu-tools-for-stm32.9-2020-q2-update.win32_2.0.0.202105311346/tools/bin/../lib/gcc/arm-none-eabi/9.3.1/thumb/v7e-m+fp/hard\libgcc.a(_arm_addsubdf3.o)
                0x00000000080002c0                __aeabi_drsub
                0x00000000080002c8                __aeabi_dsub
                0x00000000080002c8                __subdf3
                0x00000000080002cc                __aeabi_dadd
                0x00000000080002cc                __adddf3
                0x0000000008000544                __floatunsidf
                0x0000000008000544                __aeabi_ui2d
                0x0000000008000564                __floatsidf
                0x0000000008000564                __aeabi_i2d
                0x0000000008000588                __aeabi_f2d
                0x0000000008000588                __extendsfdf2
                0x00000000080005cc                __floatundidf
                0x00000000080005cc                __aeabi_ul2d
                0x00000000080005dc                __floatdidf
                0x00000000080005dc                __aeabi_l2d
 .text          0x0000000008000638      0x424 d:/program files/programok/stm32/stm32cubeide_1.8.0/stm32cubeide/plugins/com.st.stm32cube.ide.mcu.externaltools.gnu-tools-for-stm32.9-2020-q2-update.win32_2.0.0.202105311346/tools/bin/../lib/gcc/arm-none-eabi/9.3.1/thumb/v7e-m+fp/hard\libgcc.a(_arm_muldivdf3.o)
                0x0000000008000638                __aeabi_dmul
                0x0000000008000638                __muldf3
                0x000000000800088c                __divdf3
                0x000000000800088c                __aeabi_ddiv
 .text          0x0000000008000a5c       0x40 d:/program files/programok/stm32/stm32cubeide_1.8.0/stm32cubeide/plugins/com.st.stm32cube.ide.mcu.externaltools.gnu-tools-for-stm32.9-2020-q2-update.win32_2.0.0.202105311346/tools/bin/../lib/gcc/arm-none-eabi/9.3.1/thumb/v7e-m+fp/hard\libgcc.a(_arm_fixunsdfsi.o)
                0x0000000008000a5c                __aeabi_d2uiz
                0x0000000008000a5c                __fixunsdfsi
 .text          0x0000000008000a9c       0x30 d:/program files/programok/stm32/stm32cubeide_1.8.0/stm32cubeide/plugins/com.st.stm32cube.ide.mcu.externaltools.gnu-tools-for-stm32.9-2020-q2-update.win32_2.0.0.202105311346/tools/bin/../lib/gcc/arm-none-eabi/9.3.1/thumb/v7e-m+fp/hard\libgcc.a(_aeabi_uldivmod.o)
                0x0000000008000a9c                __aeabi_uldivmod
 .text          0x0000000008000acc      0x2c4 d:/program files/programok/stm32/stm32cubeide_1.8.0/stm32cubeide/plugins/com.st.stm32cube.ide.mcu.externaltools.gnu-tools-for-stm32.9-2020-q2-update.win32_2.0.0.202105311346/tools/bin/../lib/gcc/arm-none-eabi/9.3.1/thumb/v7e-m+fp/hard\libgcc.a(_udivmoddi4.o)
                0x0000000008000acc                __udivmoddi4
 .text          0x0000000008000d90        0x4 d:/program files/programok/stm32/stm32cubeide_1.8.0/stm32cubeide/plugins/com.st.stm32cube.ide.mcu.externaltools.gnu-tools-for-stm32.9-2020-q2-update.win32_2.0.0.202105311346/tools/bin/../lib/gcc/arm-none-eabi/9.3.1/thumb/v7e-m+fp/hard\libgcc.a(_dvmd_tls.o)
                0x0000000008000d90                __aeabi_idiv0
                0x0000000008000d90                __aeabi_ldiv0
 *(.text*)
 .text.SERVO_Init
                0x0000000008000d94      0x320 ./Core/Src/main.o
                0x0000000008000d94                SERVO_Init
 .text.SERVO_MoveTo
                0x00000000080010b4       0xa0 ./Core/Src/main.o
                0x00000000080010b4                SERVO_MoveTo
 .text.HAL_UART_RxCpltCallback
                0x0000000008001154       0x5c ./Core/Src/main.o
                0x0000000008001154                HAL_UART_RxCpltCallback
 .text.HAL_TIM_PeriodElapsedCallback
                0x00000000080011b0       0x70 ./Core/Src/main.o
                0x00000000080011b0                HAL_TIM_PeriodElapsedCallback
 .text.main     0x0000000008001220      0x354 ./Core/Src/main.o
                0x0000000008001220                main
 .text.SystemClock_Config
                0x0000000008001574       0xe4 ./Core/Src/main.o
                0x0000000008001574                SystemClock_Config
 .text.MX_I2C1_Init
                0x0000000008001658       0x5c ./Core/Src/main.o
 .text.MX_I2C2_Init
                0x00000000080016b4       0x5c ./Core/Src/main.o
 .text.MX_I2C3_Init
                0x0000000008001710       0x5c ./Core/Src/main.o
 .text.MX_SPI1_Init
                0x000000000800176c       0x6c ./Core/Src/main.o
 .text.MX_SPI2_Init
                0x00000000080017d8       0x6c ./Core/Src/main.o
 .text.MX_SPI3_Init
                0x0000000008001844       0x6c ./Core/Src/main.o
 .text.MX_TIM2_Init
                0x00000000080018b0       0x9c ./Core/Src/main.o
 .text.MX_TIM3_Init
                0x000000000800194c       0xb4 ./Core/Src/main.o
 .text.MX_TIM4_Init
                0x0000000008001a00       0xa8 ./Core/Src/main.o
 .text.MX_TIM8_Init
                0x0000000008001aa8      0x158 ./Core/Src/main.o
 .text.MX_TIM12_Init
                0x0000000008001c00       0xe0 ./Core/Src/main.o
 .text.MX_UART4_Init
                0x0000000008001ce0       0x54 ./Core/Src/main.o
 .text.MX_USART1_UART_Init
                0x0000000008001d34       0x54 ./Core/Src/main.o
 .text.MX_USART2_UART_Init
                0x0000000008001d88       0x54 ./Core/Src/main.o
 .text.MX_DMA_Init
                0x0000000008001ddc       0x40 ./Core/Src/main.o
 .text.MX_GPIO_Init
                0x0000000008001e1c      0x194 ./Core/Src/main.o
 .text.Vonalszenzor_Init
                0x0000000008001fb0       0x24 ./Core/Src/main.o
 .text.Vonalszenzor_operal
                0x0000000008001fd4      0x448 ./Core/Src/main.o
 .text.Vonalszenzor_minta_kuldes
                0x000000000800241c       0x50 ./Core/Src/main.o
                0x000000000800241c                Vonalszenzor_minta_kuldes
 .text.Vonalszenzor_meres_kiolvasas
                0x000000000800246c       0x3c ./Core/Src/main.o
                0x000000000800246c                Vonalszenzor_meres_kiolvasas
 .text.HAL_GPIO_EXTI_Callback
                0x00000000080024a8       0x38 ./Core/Src/main.o
                0x00000000080024a8                HAL_GPIO_EXTI_Callback
 .text.Error_Handler
                0x00000000080024e0        0xa ./Core/Src/main.o
                0x00000000080024e0                Error_Handler
 .text.assert_failed
                0x00000000080024ea       0x16 ./Core/Src/main.o
                0x00000000080024ea                assert_failed
 .text.HAL_MspInit
                0x0000000008002500       0x50 ./Core/Src/stm32f4xx_hal_msp.o
                0x0000000008002500                HAL_MspInit
 .text.HAL_I2C_MspInit
                0x0000000008002550      0x1e8 ./Core/Src/stm32f4xx_hal_msp.o
                0x0000000008002550                HAL_I2C_MspInit
 .text.HAL_SPI_MspInit
                0x0000000008002738      0x2a4 ./Core/Src/stm32f4xx_hal_msp.o
                0x0000000008002738                HAL_SPI_MspInit
 .text.HAL_TIM_Base_MspInit
                0x00000000080029dc       0xc4 ./Core/Src/stm32f4xx_hal_msp.o
                0x00000000080029dc                HAL_TIM_Base_MspInit
 .text.HAL_TIM_PWM_MspInit
                0x0000000008002aa0       0x50 ./Core/Src/stm32f4xx_hal_msp.o
                0x0000000008002aa0                HAL_TIM_PWM_MspInit
 .text.HAL_TIM_Encoder_MspInit
                0x0000000008002af0       0x90 ./Core/Src/stm32f4xx_hal_msp.o
                0x0000000008002af0                HAL_TIM_Encoder_MspInit
 .text.HAL_TIM_MspPostInit
                0x0000000008002b80      0x114 ./Core/Src/stm32f4xx_hal_msp.o
                0x0000000008002b80                HAL_TIM_MspPostInit
 .text.HAL_UART_MspInit
                0x0000000008002c94      0x1b4 ./Core/Src/stm32f4xx_hal_msp.o
                0x0000000008002c94                HAL_UART_MspInit
 .text.NMI_Handler
                0x0000000008002e48        0x6 ./Core/Src/stm32f4xx_it.o
                0x0000000008002e48                NMI_Handler
 .text.HardFault_Handler
                0x0000000008002e4e        0x6 ./Core/Src/stm32f4xx_it.o
                0x0000000008002e4e                HardFault_Handler
 .text.MemManage_Handler
                0x0000000008002e54        0x6 ./Core/Src/stm32f4xx_it.o
                0x0000000008002e54                MemManage_Handler
 .text.BusFault_Handler
                0x0000000008002e5a        0x6 ./Core/Src/stm32f4xx_it.o
                0x0000000008002e5a                BusFault_Handler
 .text.UsageFault_Handler
                0x0000000008002e60        0x6 ./Core/Src/stm32f4xx_it.o
                0x0000000008002e60                UsageFault_Handler
 .text.SVC_Handler
                0x0000000008002e66        0xe ./Core/Src/stm32f4xx_it.o
                0x0000000008002e66                SVC_Handler
 .text.DebugMon_Handler
                0x0000000008002e74        0xe ./Core/Src/stm32f4xx_it.o
                0x0000000008002e74                DebugMon_Handler
 .text.PendSV_Handler
                0x0000000008002e82        0xe ./Core/Src/stm32f4xx_it.o
                0x0000000008002e82                PendSV_Handler
 .text.SysTick_Handler
                0x0000000008002e90        0xc ./Core/Src/stm32f4xx_it.o
                0x0000000008002e90                SysTick_Handler
 .text.DMA1_Stream5_IRQHandler
                0x0000000008002e9c       0x14 ./Core/Src/stm32f4xx_it.o
                0x0000000008002e9c                DMA1_Stream5_IRQHandler
 .text.TIM2_IRQHandler
                0x0000000008002eb0       0x14 ./Core/Src/stm32f4xx_it.o
                0x0000000008002eb0                TIM2_IRQHandler
 .text.TIM3_IRQHandler
                0x0000000008002ec4       0x14 ./Core/Src/stm32f4xx_it.o
                0x0000000008002ec4                TIM3_IRQHandler
 .text.EXTI15_10_IRQHandler
                0x0000000008002ed8       0x10 ./Core/Src/stm32f4xx_it.o
                0x0000000008002ed8                EXTI15_10_IRQHandler
 .text.TIM8_BRK_TIM12_IRQHandler
                0x0000000008002ee8       0x1c ./Core/Src/stm32f4xx_it.o
                0x0000000008002ee8                TIM8_BRK_TIM12_IRQHandler
 .text.UART4_IRQHandler
                0x0000000008002f04       0x14 ./Core/Src/stm32f4xx_it.o
                0x0000000008002f04                UART4_IRQHandler
 .text._sbrk    0x0000000008002f18       0x6c ./Core/Src/sysmem.o
                0x0000000008002f18                _sbrk
 .text.SystemInit
                0x0000000008002f84       0x24 ./Core/Src/system_stm32f4xx.o
                0x0000000008002f84                SystemInit
 .text.Reset_Handler
                0x0000000008002fa8       0x50 ./Core/Startup/startup_stm32f446retx.o
                0x0000000008002fa8                Reset_Handler
 .text.Default_Handler
                0x0000000008002ff8        0x2 ./Core/Startup/startup_stm32f446retx.o
                0x0000000008002ff8                RTC_Alarm_IRQHandler
                0x0000000008002ff8                EXTI2_IRQHandler
                0x0000000008002ff8                TIM8_CC_IRQHandler
                0x0000000008002ff8                FMPI2C1_EV_IRQHandler
                0x0000000008002ff8                SPI4_IRQHandler
                0x0000000008002ff8                TIM1_CC_IRQHandler
                0x0000000008002ff8                DMA2_Stream5_IRQHandler
                0x0000000008002ff8                PVD_IRQHandler
                0x0000000008002ff8                SDIO_IRQHandler
                0x0000000008002ff8                TAMP_STAMP_IRQHandler
                0x0000000008002ff8                CAN2_RX1_IRQHandler
                0x0000000008002ff8                EXTI3_IRQHandler
                0x0000000008002ff8                TIM8_TRG_COM_TIM14_IRQHandler
                0x0000000008002ff8                TIM1_UP_TIM10_IRQHandler
                0x0000000008002ff8                TIM8_UP_TIM13_IRQHandler
                0x0000000008002ff8                I2C3_ER_IRQHandler
                0x0000000008002ff8                EXTI0_IRQHandler
                0x0000000008002ff8                I2C2_EV_IRQHandler
                0x0000000008002ff8                DMA1_Stream2_IRQHandler
                0x0000000008002ff8                CAN1_RX0_IRQHandler
                0x0000000008002ff8                FPU_IRQHandler
                0x0000000008002ff8                OTG_HS_WKUP_IRQHandler
                0x0000000008002ff8                CAN2_SCE_IRQHandler
                0x0000000008002ff8                DMA2_Stream2_IRQHandler
                0x0000000008002ff8                SPI1_IRQHandler
                0x0000000008002ff8                TIM6_DAC_IRQHandler
                0x0000000008002ff8                TIM1_BRK_TIM9_IRQHandler
                0x0000000008002ff8                DCMI_IRQHandler
                0x0000000008002ff8                CAN2_RX0_IRQHandler
                0x0000000008002ff8                DMA2_Stream3_IRQHandler
                0x0000000008002ff8                SAI2_IRQHandler
                0x0000000008002ff8                USART6_IRQHandler
                0x0000000008002ff8                USART3_IRQHandler
                0x0000000008002ff8                CAN1_RX1_IRQHandler
                0x0000000008002ff8                UART5_IRQHandler
                0x0000000008002ff8                DMA2_Stream0_IRQHandler
                0x0000000008002ff8                TIM4_IRQHandler
                0x0000000008002ff8                QUADSPI_IRQHandler
                0x0000000008002ff8                I2C1_EV_IRQHandler
                0x0000000008002ff8                DMA1_Stream6_IRQHandler
                0x0000000008002ff8                DMA1_Stream1_IRQHandler
                0x0000000008002ff8                RCC_IRQHandler
                0x0000000008002ff8                Default_Handler
                0x0000000008002ff8                CEC_IRQHandler
                0x0000000008002ff8                ADC_IRQHandler
                0x0000000008002ff8                DMA1_Stream7_IRQHandler
                0x0000000008002ff8                TIM7_IRQHandler
                0x0000000008002ff8                CAN2_TX_IRQHandler
                0x0000000008002ff8                TIM5_IRQHandler
                0x0000000008002ff8                DMA2_Stream7_IRQHandler
                0x0000000008002ff8                I2C3_EV_IRQHandler
                0x0000000008002ff8                EXTI9_5_IRQHandler
                0x0000000008002ff8                RTC_WKUP_IRQHandler
                0x0000000008002ff8                SPDIF_RX_IRQHandler
                0x0000000008002ff8                SPI2_IRQHandler
                0x0000000008002ff8                OTG_HS_EP1_IN_IRQHandler
                0x0000000008002ff8                DMA1_Stream0_IRQHandler
                0x0000000008002ff8                CAN1_TX_IRQHandler
                0x0000000008002ff8                FMPI2C1_ER_IRQHandler
                0x0000000008002ff8                EXTI4_IRQHandler
                0x0000000008002ff8                OTG_HS_EP1_OUT_IRQHandler
                0x0000000008002ff8                WWDG_IRQHandler
                0x0000000008002ff8                OTG_FS_WKUP_IRQHandler
                0x0000000008002ff8                TIM1_TRG_COM_TIM11_IRQHandler
                0x0000000008002ff8                OTG_HS_IRQHandler
                0x0000000008002ff8                EXTI1_IRQHandler
                0x0000000008002ff8                USART2_IRQHandler
                0x0000000008002ff8                I2C2_ER_IRQHandler
                0x0000000008002ff8                DMA2_Stream1_IRQHandler
                0x0000000008002ff8                CAN1_SCE_IRQHandler
                0x0000000008002ff8                FLASH_IRQHandler
                0x0000000008002ff8                DMA2_Stream4_IRQHandler
                0x0000000008002ff8                USART1_IRQHandler
                0x0000000008002ff8                OTG_FS_IRQHandler
                0x0000000008002ff8                SPI3_IRQHandler
                0x0000000008002ff8                DMA1_Stream4_IRQHandler
                0x0000000008002ff8                I2C1_ER_IRQHandler
                0x0000000008002ff8                FMC_IRQHandler
                0x0000000008002ff8                DMA2_Stream6_IRQHandler
                0x0000000008002ff8                SAI1_IRQHandler
                0x0000000008002ff8                DMA1_Stream3_IRQHandler
 *fill*         0x0000000008002ffa        0x2 
 .text.HAL_Init
                0x0000000008002ffc       0x44 ./Drivers/STM32F4xx_HAL_Driver/Src/stm32f4xx_hal.o
                0x0000000008002ffc                HAL_Init
 .text.HAL_InitTick
                0x0000000008003040       0x60 ./Drivers/STM32F4xx_HAL_Driver/Src/stm32f4xx_hal.o
                0x0000000008003040                HAL_InitTick
 .text.HAL_IncTick
                0x00000000080030a0       0x28 ./Drivers/STM32F4xx_HAL_Driver/Src/stm32f4xx_hal.o
                0x00000000080030a0                HAL_IncTick
 .text.HAL_GetTick
                0x00000000080030c8       0x18 ./Drivers/STM32F4xx_HAL_Driver/Src/stm32f4xx_hal.o
                0x00000000080030c8                HAL_GetTick
 .text.HAL_Delay
                0x00000000080030e0       0x48 ./Drivers/STM32F4xx_HAL_Driver/Src/stm32f4xx_hal.o
                0x00000000080030e0                HAL_Delay
 .text.__NVIC_SetPriorityGrouping
                0x0000000008003128       0x48 ./Drivers/STM32F4xx_HAL_Driver/Src/stm32f4xx_hal_cortex.o
 .text.__NVIC_GetPriorityGrouping
                0x0000000008003170       0x1c ./Drivers/STM32F4xx_HAL_Driver/Src/stm32f4xx_hal_cortex.o
 .text.__NVIC_EnableIRQ
                0x000000000800318c       0x3c ./Drivers/STM32F4xx_HAL_Driver/Src/stm32f4xx_hal_cortex.o
 .text.__NVIC_SetPriority
                0x00000000080031c8       0x54 ./Drivers/STM32F4xx_HAL_Driver/Src/stm32f4xx_hal_cortex.o
 .text.NVIC_EncodePriority
                0x000000000800321c       0x66 ./Drivers/STM32F4xx_HAL_Driver/Src/stm32f4xx_hal_cortex.o
 *fill*         0x0000000008003282        0x2 
 .text.SysTick_Config
                0x0000000008003284       0x44 ./Drivers/STM32F4xx_HAL_Driver/Src/stm32f4xx_hal_cortex.o
 .text.HAL_NVIC_SetPriorityGrouping
                0x00000000080032c8       0x40 ./Drivers/STM32F4xx_HAL_Driver/Src/stm32f4xx_hal_cortex.o
                0x00000000080032c8                HAL_NVIC_SetPriorityGrouping
 .text.HAL_NVIC_SetPriority
                0x0000000008003308       0x58 ./Drivers/STM32F4xx_HAL_Driver/Src/stm32f4xx_hal_cortex.o
                0x0000000008003308                HAL_NVIC_SetPriority
 .text.HAL_NVIC_EnableIRQ
                0x0000000008003360       0x30 ./Drivers/STM32F4xx_HAL_Driver/Src/stm32f4xx_hal_cortex.o
                0x0000000008003360                HAL_NVIC_EnableIRQ
 .text.HAL_SYSTICK_Config
                0x0000000008003390       0x18 ./Drivers/STM32F4xx_HAL_Driver/Src/stm32f4xx_hal_cortex.o
                0x0000000008003390                HAL_SYSTICK_Config
 .text.HAL_DMA_Init
                0x00000000080033a8      0x438 ./Drivers/STM32F4xx_HAL_Driver/Src/stm32f4xx_hal_dma.o
                0x00000000080033a8                HAL_DMA_Init
 .text.HAL_DMA_Abort
                0x00000000080037e0       0xe0 ./Drivers/STM32F4xx_HAL_Driver/Src/stm32f4xx_hal_dma.o
                0x00000000080037e0                HAL_DMA_Abort
 .text.HAL_DMA_Abort_IT
                0x00000000080038c0       0x44 ./Drivers/STM32F4xx_HAL_Driver/Src/stm32f4xx_hal_dma.o
                0x00000000080038c0                HAL_DMA_Abort_IT
 .text.HAL_DMA_IRQHandler
                0x0000000008003904      0x314 ./Drivers/STM32F4xx_HAL_Driver/Src/stm32f4xx_hal_dma.o
                0x0000000008003904                HAL_DMA_IRQHandler
 .text.DMA_CalcBaseAndBitshift
                0x0000000008003c18       0x6c ./Drivers/STM32F4xx_HAL_Driver/Src/stm32f4xx_hal_dma.o
 .text.DMA_CheckFifoParam
                0x0000000008003c84       0xf8 ./Drivers/STM32F4xx_HAL_Driver/Src/stm32f4xx_hal_dma.o
 .text.HAL_GPIO_Init
                0x0000000008003d7c      0x648 ./Drivers/STM32F4xx_HAL_Driver/Src/stm32f4xx_hal_gpio.o
                0x0000000008003d7c                HAL_GPIO_Init
 .text.HAL_GPIO_WritePin
                0x00000000080043c4       0x64 ./Drivers/STM32F4xx_HAL_Driver/Src/stm32f4xx_hal_gpio.o
                0x00000000080043c4                HAL_GPIO_WritePin
 .text.HAL_GPIO_EXTI_IRQHandler
                0x0000000008004428       0x30 ./Drivers/STM32F4xx_HAL_Driver/Src/stm32f4xx_hal_gpio.o
                0x0000000008004428                HAL_GPIO_EXTI_IRQHandler
 .text.HAL_I2C_Init
                0x0000000008004458      0x398 ./Drivers/STM32F4xx_HAL_Driver/Src/stm32f4xx_hal_i2c.o
                0x0000000008004458                HAL_I2C_Init
 .text.HAL_PWREx_EnableOverDrive
                0x00000000080047f0       0xa0 ./Drivers/STM32F4xx_HAL_Driver/Src/stm32f4xx_hal_pwr_ex.o
                0x00000000080047f0                HAL_PWREx_EnableOverDrive
 .text.HAL_RCC_ClockConfig
                0x0000000008004890      0x34c ./Drivers/STM32F4xx_HAL_Driver/Src/stm32f4xx_hal_rcc.o
                0x0000000008004890                HAL_RCC_ClockConfig
 .text.HAL_RCC_GetHCLKFreq
                0x0000000008004bdc       0x18 ./Drivers/STM32F4xx_HAL_Driver/Src/stm32f4xx_hal_rcc.o
                0x0000000008004bdc                HAL_RCC_GetHCLKFreq
 .text.HAL_RCC_GetPCLK1Freq
                0x0000000008004bf4       0x28 ./Drivers/STM32F4xx_HAL_Driver/Src/stm32f4xx_hal_rcc.o
                0x0000000008004bf4                HAL_RCC_GetPCLK1Freq
 .text.HAL_RCC_GetPCLK2Freq
                0x0000000008004c1c       0x28 ./Drivers/STM32F4xx_HAL_Driver/Src/stm32f4xx_hal_rcc.o
                0x0000000008004c1c                HAL_RCC_GetPCLK2Freq
 .text.HAL_RCC_GetSysClockFreq
                0x0000000008004c44      0x364 ./Drivers/STM32F4xx_HAL_Driver/Src/stm32f4xx_hal_rcc_ex.o
                0x0000000008004c44                HAL_RCC_GetSysClockFreq
 .text.HAL_RCC_OscConfig
                0x0000000008004fa8      0x6bc ./Drivers/STM32F4xx_HAL_Driver/Src/stm32f4xx_hal_rcc_ex.o
                0x0000000008004fa8                HAL_RCC_OscConfig
 .text.HAL_SPI_Init
                0x0000000008005664      0x328 ./Drivers/STM32F4xx_HAL_Driver/Src/stm32f4xx_hal_spi.o
                0x0000000008005664                HAL_SPI_Init
 .text.HAL_SPI_Transmit
                0x000000000800598c      0x298 ./Drivers/STM32F4xx_HAL_Driver/Src/stm32f4xx_hal_spi.o
                0x000000000800598c                HAL_SPI_Transmit
 .text.HAL_SPI_Receive
                0x0000000008005c24      0x222 ./Drivers/STM32F4xx_HAL_Driver/Src/stm32f4xx_hal_spi.o
                0x0000000008005c24                HAL_SPI_Receive
 *fill*         0x0000000008005e46        0x2 
 .text.HAL_SPI_TransmitReceive
                0x0000000008005e48      0x35c ./Drivers/STM32F4xx_HAL_Driver/Src/stm32f4xx_hal_spi.o
                0x0000000008005e48                HAL_SPI_TransmitReceive
 .text.SPI_WaitFlagStateUntilTimeout
                0x00000000080061a4      0x110 ./Drivers/STM32F4xx_HAL_Driver/Src/stm32f4xx_hal_spi.o
 .text.SPI_EndRxTransaction
                0x00000000080062b4       0xca ./Drivers/STM32F4xx_HAL_Driver/Src/stm32f4xx_hal_spi.o
 *fill*         0x000000000800637e        0x2 
 .text.SPI_EndRxTxTransaction
                0x0000000008006380       0x84 ./Drivers/STM32F4xx_HAL_Driver/Src/stm32f4xx_hal_spi.o
 .text.HAL_TIM_Base_Init
                0x0000000008006404      0x1e0 ./Drivers/STM32F4xx_HAL_Driver/Src/stm32f4xx_hal_tim.o
                0x0000000008006404                HAL_TIM_Base_Init
 .text.HAL_TIM_Base_Start_IT
                0x00000000080065e4      0x18c ./Drivers/STM32F4xx_HAL_Driver/Src/stm32f4xx_hal_tim.o
                0x00000000080065e4                HAL_TIM_Base_Start_IT
 .text.HAL_TIM_PWM_Init
                0x0000000008006770      0x1e0 ./Drivers/STM32F4xx_HAL_Driver/Src/stm32f4xx_hal_tim.o
                0x0000000008006770                HAL_TIM_PWM_Init
 .text.HAL_TIM_PWM_Start
                0x0000000008006950      0x310 ./Drivers/STM32F4xx_HAL_Driver/Src/stm32f4xx_hal_tim.o
                0x0000000008006950                HAL_TIM_PWM_Start
 .text.HAL_TIM_Encoder_Init
                0x0000000008006c60      0x350 ./Drivers/STM32F4xx_HAL_Driver/Src/stm32f4xx_hal_tim.o
                0x0000000008006c60                HAL_TIM_Encoder_Init
 .text.HAL_TIM_IRQHandler
                0x0000000008006fb0      0x210 ./Drivers/STM32F4xx_HAL_Driver/Src/stm32f4xx_hal_tim.o
                0x0000000008006fb0                HAL_TIM_IRQHandler
 .text.HAL_TIM_PWM_ConfigChannel
                0x00000000080071c0      0x3b0 ./Drivers/STM32F4xx_HAL_Driver/Src/stm32f4xx_hal_tim.o
                0x00000000080071c0                HAL_TIM_PWM_ConfigChannel
 .text.HAL_TIM_ConfigClockSource
                0x0000000008007570      0x700 ./Drivers/STM32F4xx_HAL_Driver/Src/stm32f4xx_hal_tim.o
                0x0000000008007570                HAL_TIM_ConfigClockSource
 .text.HAL_TIM_OC_DelayElapsedCallback
                0x0000000008007c70       0x14 ./Drivers/STM32F4xx_HAL_Driver/Src/stm32f4xx_hal_tim.o
                0x0000000008007c70                HAL_TIM_OC_DelayElapsedCallback
 .text.HAL_TIM_IC_CaptureCallback
                0x0000000008007c84       0x14 ./Drivers/STM32F4xx_HAL_Driver/Src/stm32f4xx_hal_tim.o
                0x0000000008007c84                HAL_TIM_IC_CaptureCallback
 .text.HAL_TIM_PWM_PulseFinishedCallback
                0x0000000008007c98       0x14 ./Drivers/STM32F4xx_HAL_Driver/Src/stm32f4xx_hal_tim.o
                0x0000000008007c98                HAL_TIM_PWM_PulseFinishedCallback
 .text.HAL_TIM_TriggerCallback
                0x0000000008007cac       0x14 ./Drivers/STM32F4xx_HAL_Driver/Src/stm32f4xx_hal_tim.o
                0x0000000008007cac                HAL_TIM_TriggerCallback
 .text.TIM_Base_SetConfig
                0x0000000008007cc0      0x140 ./Drivers/STM32F4xx_HAL_Driver/Src/stm32f4xx_hal_tim.o
                0x0000000008007cc0                TIM_Base_SetConfig
 .text.TIM_OC1_SetConfig
                0x0000000008007e00      0x134 ./Drivers/STM32F4xx_HAL_Driver/Src/stm32f4xx_hal_tim.o
 .text.TIM_OC2_SetConfig
                0x0000000008007f34      0x13c ./Drivers/STM32F4xx_HAL_Driver/Src/stm32f4xx_hal_tim.o
                0x0000000008007f34                TIM_OC2_SetConfig
 .text.TIM_OC3_SetConfig
                0x0000000008008070      0x13c ./Drivers/STM32F4xx_HAL_Driver/Src/stm32f4xx_hal_tim.o
 .text.TIM_OC4_SetConfig
                0x00000000080081ac       0xc8 ./Drivers/STM32F4xx_HAL_Driver/Src/stm32f4xx_hal_tim.o
 .text.TIM_TI1_ConfigInputStage
                0x0000000008008274       0x5e ./Drivers/STM32F4xx_HAL_Driver/Src/stm32f4xx_hal_tim.o
 .text.TIM_TI2_ConfigInputStage
                0x00000000080082d2       0x60 ./Drivers/STM32F4xx_HAL_Driver/Src/stm32f4xx_hal_tim.o
 .text.TIM_ITRx_SetConfig
                0x0000000008008332       0x36 ./Drivers/STM32F4xx_HAL_Driver/Src/stm32f4xx_hal_tim.o
 .text.TIM_ETR_SetConfig
                0x0000000008008368       0x40 ./Drivers/STM32F4xx_HAL_Driver/Src/stm32f4xx_hal_tim.o
                0x0000000008008368                TIM_ETR_SetConfig
 .text.TIM_CCxChannelCmd
                0x00000000080083a8      0x108 ./Drivers/STM32F4xx_HAL_Driver/Src/stm32f4xx_hal_tim.o
                0x00000000080083a8                TIM_CCxChannelCmd
 .text.HAL_TIMEx_MasterConfigSynchronization
                0x00000000080084b0      0x1bc ./Drivers/STM32F4xx_HAL_Driver/Src/stm32f4xx_hal_tim_ex.o
                0x00000000080084b0                HAL_TIMEx_MasterConfigSynchronization
 .text.HAL_TIMEx_ConfigBreakDeadTime
                0x000000000800866c      0x198 ./Drivers/STM32F4xx_HAL_Driver/Src/stm32f4xx_hal_tim_ex.o
                0x000000000800866c                HAL_TIMEx_ConfigBreakDeadTime
 .text.HAL_TIMEx_CommutCallback
                0x0000000008008804       0x14 ./Drivers/STM32F4xx_HAL_Driver/Src/stm32f4xx_hal_tim_ex.o
                0x0000000008008804                HAL_TIMEx_CommutCallback
 .text.HAL_TIMEx_BreakCallback
                0x0000000008008818       0x14 ./Drivers/STM32F4xx_HAL_Driver/Src/stm32f4xx_hal_tim_ex.o
                0x0000000008008818                HAL_TIMEx_BreakCallback
 .text.HAL_UART_Init
                0x000000000800882c      0x1b4 ./Drivers/STM32F4xx_HAL_Driver/Src/stm32f4xx_hal_uart.o
                0x000000000800882c                HAL_UART_Init
 .text.HAL_UART_Receive_IT
                0x00000000080089e0       0x60 ./Drivers/STM32F4xx_HAL_Driver/Src/stm32f4xx_hal_uart.o
                0x00000000080089e0                HAL_UART_Receive_IT
 .text.HAL_UART_IRQHandler
                0x0000000008008a40      0x51c ./Drivers/STM32F4xx_HAL_Driver/Src/stm32f4xx_hal_uart.o
                0x0000000008008a40                HAL_UART_IRQHandler
 .text.HAL_UART_TxCpltCallback
                0x0000000008008f5c       0x14 ./Drivers/STM32F4xx_HAL_Driver/Src/stm32f4xx_hal_uart.o
                0x0000000008008f5c                HAL_UART_TxCpltCallback
 .text.HAL_UART_ErrorCallback
                0x0000000008008f70       0x14 ./Drivers/STM32F4xx_HAL_Driver/Src/stm32f4xx_hal_uart.o
                0x0000000008008f70                HAL_UART_ErrorCallback
 .text.HAL_UARTEx_RxEventCallback
                0x0000000008008f84       0x18 ./Drivers/STM32F4xx_HAL_Driver/Src/stm32f4xx_hal_uart.o
                0x0000000008008f84                HAL_UARTEx_RxEventCallback
 .text.UART_Start_Receive_IT
                0x0000000008008f9c       0x74 ./Drivers/STM32F4xx_HAL_Driver/Src/stm32f4xx_hal_uart.o
                0x0000000008008f9c                UART_Start_Receive_IT
 .text.UART_EndRxTransfer
                0x0000000008009010       0xc6 ./Drivers/STM32F4xx_HAL_Driver/Src/stm32f4xx_hal_uart.o
 .text.UART_DMAAbortOnError
                0x00000000080090d6       0x28 ./Drivers/STM32F4xx_HAL_Driver/Src/stm32f4xx_hal_uart.o
 .text.UART_Transmit_IT
                0x00000000080090fe       0xa0 ./Drivers/STM32F4xx_HAL_Driver/Src/stm32f4xx_hal_uart.o
 .text.UART_EndTransmit_IT
                0x000000000800919e       0x30 ./Drivers/STM32F4xx_HAL_Driver/Src/stm32f4xx_hal_uart.o
 .text.UART_Receive_IT
                0x00000000080091ce      0x176 ./Drivers/STM32F4xx_HAL_Driver/Src/stm32f4xx_hal_uart.o
 .text.UART_SetConfig
                0x0000000008009344      0x414 ./Drivers/STM32F4xx_HAL_Driver/Src/stm32f4xx_hal_uart.o
 .text.DC_MOTOR_Init
                0x0000000008009758      0x1ac ./ECUAL/DC_MOTOR/DC_MOTOR.o
                0x0000000008009758                DC_MOTOR_Init
 .text.DC_MOTOR_Start
                0x0000000008009904       0xb8 ./ECUAL/DC_MOTOR/DC_MOTOR.o
                0x0000000008009904                DC_MOTOR_Start
 .text.DC_MOTOR_Set_Speed
                0x00000000080099bc       0xb8 ./ECUAL/DC_MOTOR/DC_MOTOR.o
                0x00000000080099bc                DC_MOTOR_Set_Speed
 .text.DWT_Delay_Init
                0x0000000008009a74       0x60 ./util/DWT_Delay.o
                0x0000000008009a74                DWT_Delay_Init
 .text.__errno  0x0000000008009ad4        0xc d:/program files/programok/stm32/stm32cubeide_1.8.0/stm32cubeide/plugins/com.st.stm32cube.ide.mcu.externaltools.gnu-tools-for-stm32.9-2020-q2-update.win32_2.0.0.202105311346/tools/bin/../lib/gcc/arm-none-eabi/9.3.1/../../../../arm-none-eabi/lib/thumb/v7e-m+fp/hard\libc_nano.a(lib_a-errno.o)
                0x0000000008009ad4                __errno
 .text.__libc_init_array
                0x0000000008009ae0       0x48 d:/program files/programok/stm32/stm32cubeide_1.8.0/stm32cubeide/plugins/com.st.stm32cube.ide.mcu.externaltools.gnu-tools-for-stm32.9-2020-q2-update.win32_2.0.0.202105311346/tools/bin/../lib/gcc/arm-none-eabi/9.3.1/../../../../arm-none-eabi/lib/thumb/v7e-m+fp/hard\libc_nano.a(lib_a-init.o)
                0x0000000008009ae0                __libc_init_array
 .text.memcpy   0x0000000008009b28       0x1c d:/program files/programok/stm32/stm32cubeide_1.8.0/stm32cubeide/plugins/com.st.stm32cube.ide.mcu.externaltools.gnu-tools-for-stm32.9-2020-q2-update.win32_2.0.0.202105311346/tools/bin/../lib/gcc/arm-none-eabi/9.3.1/../../../../arm-none-eabi/lib/thumb/v7e-m+fp/hard\libc_nano.a(lib_a-memcpy-stub.o)
                0x0000000008009b28                memcpy
 .text.memset   0x0000000008009b44       0x10 d:/program files/programok/stm32/stm32cubeide_1.8.0/stm32cubeide/plugins/com.st.stm32cube.ide.mcu.externaltools.gnu-tools-for-stm32.9-2020-q2-update.win32_2.0.0.202105311346/tools/bin/../lib/gcc/arm-none-eabi/9.3.1/../../../../arm-none-eabi/lib/thumb/v7e-m+fp/hard\libc_nano.a(lib_a-memset.o)
                0x0000000008009b44                memset
 .text.sprintf  0x0000000008009b54       0x40 d:/program files/programok/stm32/stm32cubeide_1.8.0/stm32cubeide/plugins/com.st.stm32cube.ide.mcu.externaltools.gnu-tools-for-stm32.9-2020-q2-update.win32_2.0.0.202105311346/tools/bin/../lib/gcc/arm-none-eabi/9.3.1/../../../../arm-none-eabi/lib/thumb/v7e-m+fp/hard\libc_nano.a(lib_a-sprintf.o)
                0x0000000008009b54                siprintf
                0x0000000008009b54                sprintf
 .text.__ssputs_r
                0x0000000008009b94       0xb6 d:/program files/programok/stm32/stm32cubeide_1.8.0/stm32cubeide/plugins/com.st.stm32cube.ide.mcu.externaltools.gnu-tools-for-stm32.9-2020-q2-update.win32_2.0.0.202105311346/tools/bin/../lib/gcc/arm-none-eabi/9.3.1/../../../../arm-none-eabi/lib/thumb/v7e-m+fp/hard\libc_nano.a(lib_a-nano-svfprintf.o)
                0x0000000008009b94                __ssputs_r
 *fill*         0x0000000008009c4a        0x2 
 .text._svfprintf_r
                0x0000000008009c4c      0x200 d:/program files/programok/stm32/stm32cubeide_1.8.0/stm32cubeide/plugins/com.st.stm32cube.ide.mcu.externaltools.gnu-tools-for-stm32.9-2020-q2-update.win32_2.0.0.202105311346/tools/bin/../lib/gcc/arm-none-eabi/9.3.1/../../../../arm-none-eabi/lib/thumb/v7e-m+fp/hard\libc_nano.a(lib_a-nano-svfprintf.o)
                0x0000000008009c4c                _svfiprintf_r
                0x0000000008009c4c                _svfprintf_r
 .text._printf_common
                0x0000000008009e4c       0xda d:/program files/programok/stm32/stm32cubeide_1.8.0/stm32cubeide/plugins/com.st.stm32cube.ide.mcu.externaltools.gnu-tools-for-stm32.9-2020-q2-update.win32_2.0.0.202105311346/tools/bin/../lib/gcc/arm-none-eabi/9.3.1/../../../../arm-none-eabi/lib/thumb/v7e-m+fp/hard\libc_nano.a(lib_a-nano-vfprintf_i.o)
                0x0000000008009e4c                _printf_common
 *fill*         0x0000000008009f26        0x2 
 .text._printf_i
                0x0000000008009f28      0x24c d:/program files/programok/stm32/stm32cubeide_1.8.0/stm32cubeide/plugins/com.st.stm32cube.ide.mcu.externaltools.gnu-tools-for-stm32.9-2020-q2-update.win32_2.0.0.202105311346/tools/bin/../lib/gcc/arm-none-eabi/9.3.1/../../../../arm-none-eabi/lib/thumb/v7e-m+fp/hard\libc_nano.a(lib_a-nano-vfprintf_i.o)
                0x0000000008009f28                _printf_i
 .text.memmove  0x000000000800a174       0x34 d:/program files/programok/stm32/stm32cubeide_1.8.0/stm32cubeide/plugins/com.st.stm32cube.ide.mcu.externaltools.gnu-tools-for-stm32.9-2020-q2-update.win32_2.0.0.202105311346/tools/bin/../lib/gcc/arm-none-eabi/9.3.1/../../../../arm-none-eabi/lib/thumb/v7e-m+fp/hard\libc_nano.a(lib_a-memmove.o)
                0x000000000800a174                memmove
 .text._free_r  0x000000000800a1a8       0xa0 d:/program files/programok/stm32/stm32cubeide_1.8.0/stm32cubeide/plugins/com.st.stm32cube.ide.mcu.externaltools.gnu-tools-for-stm32.9-2020-q2-update.win32_2.0.0.202105311346/tools/bin/../lib/gcc/arm-none-eabi/9.3.1/../../../../arm-none-eabi/lib/thumb/v7e-m+fp/hard\libc_nano.a(lib_a-nano-freer.o)
                0x000000000800a1a8                _free_r
 .text._malloc_r
                0x000000000800a248       0xb4 d:/program files/programok/stm32/stm32cubeide_1.8.0/stm32cubeide/plugins/com.st.stm32cube.ide.mcu.externaltools.gnu-tools-for-stm32.9-2020-q2-update.win32_2.0.0.202105311346/tools/bin/../lib/gcc/arm-none-eabi/9.3.1/../../../../arm-none-eabi/lib/thumb/v7e-m+fp/hard\libc_nano.a(lib_a-nano-mallocr.o)
                0x000000000800a248                _malloc_r
 .text._realloc_r
                0x000000000800a2fc       0x4c d:/program files/programok/stm32/stm32cubeide_1.8.0/stm32cubeide/plugins/com.st.stm32cube.ide.mcu.externaltools.gnu-tools-for-stm32.9-2020-q2-update.win32_2.0.0.202105311346/tools/bin/../lib/gcc/arm-none-eabi/9.3.1/../../../../arm-none-eabi/lib/thumb/v7e-m+fp/hard\libc_nano.a(lib_a-nano-reallocr.o)
                0x000000000800a2fc                _realloc_r
 .text._sbrk_r  0x000000000800a348       0x20 d:/program files/programok/stm32/stm32cubeide_1.8.0/stm32cubeide/plugins/com.st.stm32cube.ide.mcu.externaltools.gnu-tools-for-stm32.9-2020-q2-update.win32_2.0.0.202105311346/tools/bin/../lib/gcc/arm-none-eabi/9.3.1/../../../../arm-none-eabi/lib/thumb/v7e-m+fp/hard\libc_nano.a(lib_a-sbrkr.o)
                0x000000000800a348                _sbrk_r
 .text.__malloc_lock
                0x000000000800a368        0xc d:/program files/programok/stm32/stm32cubeide_1.8.0/stm32cubeide/plugins/com.st.stm32cube.ide.mcu.externaltools.gnu-tools-for-stm32.9-2020-q2-update.win32_2.0.0.202105311346/tools/bin/../lib/gcc/arm-none-eabi/9.3.1/../../../../arm-none-eabi/lib/thumb/v7e-m+fp/hard\libc_nano.a(lib_a-mlock.o)
                0x000000000800a368                __malloc_lock
 .text.__malloc_unlock
                0x000000000800a374        0xc d:/program files/programok/stm32/stm32cubeide_1.8.0/stm32cubeide/plugins/com.st.stm32cube.ide.mcu.externaltools.gnu-tools-for-stm32.9-2020-q2-update.win32_2.0.0.202105311346/tools/bin/../lib/gcc/arm-none-eabi/9.3.1/../../../../arm-none-eabi/lib/thumb/v7e-m+fp/hard\libc_nano.a(lib_a-mlock.o)
                0x000000000800a374                __malloc_unlock
 .text._malloc_usable_size_r
                0x000000000800a380       0x10 d:/program files/programok/stm32/stm32cubeide_1.8.0/stm32cubeide/plugins/com.st.stm32cube.ide.mcu.externaltools.gnu-tools-for-stm32.9-2020-q2-update.win32_2.0.0.202105311346/tools/bin/../lib/gcc/arm-none-eabi/9.3.1/../../../../arm-none-eabi/lib/thumb/v7e-m+fp/hard\libc_nano.a(lib_a-nano-msizer.o)
                0x000000000800a380                _malloc_usable_size_r
 .text.__retarget_lock_acquire_recursive
                0x000000000800a390        0x2 d:/program files/programok/stm32/stm32cubeide_1.8.0/stm32cubeide/plugins/com.st.stm32cube.ide.mcu.externaltools.gnu-tools-for-stm32.9-2020-q2-update.win32_2.0.0.202105311346/tools/bin/../lib/gcc/arm-none-eabi/9.3.1/../../../../arm-none-eabi/lib/thumb/v7e-m+fp/hard\libc_nano.a(lib_a-lock.o)
                0x000000000800a390                __retarget_lock_acquire_recursive
 .text.__retarget_lock_release_recursive
                0x000000000800a392        0x2 d:/program files/programok/stm32/stm32cubeide_1.8.0/stm32cubeide/plugins/com.st.stm32cube.ide.mcu.externaltools.gnu-tools-for-stm32.9-2020-q2-update.win32_2.0.0.202105311346/tools/bin/../lib/gcc/arm-none-eabi/9.3.1/../../../../arm-none-eabi/lib/thumb/v7e-m+fp/hard\libc_nano.a(lib_a-lock.o)
                0x000000000800a392                __retarget_lock_release_recursive
 *(.glue_7)
 .glue_7        0x000000000800a394        0x0 linker stubs
 *(.glue_7t)
 .glue_7t       0x000000000800a394        0x0 linker stubs
 *(.eh_frame)
 .eh_frame      0x000000000800a394        0x0 d:/program files/programok/stm32/stm32cubeide_1.8.0/stm32cubeide/plugins/com.st.stm32cube.ide.mcu.externaltools.gnu-tools-for-stm32.9-2020-q2-update.win32_2.0.0.202105311346/tools/bin/../lib/gcc/arm-none-eabi/9.3.1/thumb/v7e-m+fp/hard/crtbegin.o
 *(.init)
 .init          0x000000000800a394        0x4 d:/program files/programok/stm32/stm32cubeide_1.8.0/stm32cubeide/plugins/com.st.stm32cube.ide.mcu.externaltools.gnu-tools-for-stm32.9-2020-q2-update.win32_2.0.0.202105311346/tools/bin/../lib/gcc/arm-none-eabi/9.3.1/thumb/v7e-m+fp/hard/crti.o
                0x000000000800a394                _init
 .init          0x000000000800a398        0x8 d:/program files/programok/stm32/stm32cubeide_1.8.0/stm32cubeide/plugins/com.st.stm32cube.ide.mcu.externaltools.gnu-tools-for-stm32.9-2020-q2-update.win32_2.0.0.202105311346/tools/bin/../lib/gcc/arm-none-eabi/9.3.1/thumb/v7e-m+fp/hard/crtn.o
 *(.fini)
 .fini          0x000000000800a3a0        0x4 d:/program files/programok/stm32/stm32cubeide_1.8.0/stm32cubeide/plugins/com.st.stm32cube.ide.mcu.externaltools.gnu-tools-for-stm32.9-2020-q2-update.win32_2.0.0.202105311346/tools/bin/../lib/gcc/arm-none-eabi/9.3.1/thumb/v7e-m+fp/hard/crti.o
                0x000000000800a3a0                _fini
 .fini          0x000000000800a3a4        0x8 d:/program files/programok/stm32/stm32cubeide_1.8.0/stm32cubeide/plugins/com.st.stm32cube.ide.mcu.externaltools.gnu-tools-for-stm32.9-2020-q2-update.win32_2.0.0.202105311346/tools/bin/../lib/gcc/arm-none-eabi/9.3.1/thumb/v7e-m+fp/hard/crtn.o
                0x000000000800a3ac                . = ALIGN (0x4)
                0x000000000800a3ac                _etext = .

.vfp11_veneer   0x000000000800a3ac        0x0
 .vfp11_veneer  0x000000000800a3ac        0x0 linker stubs

.v4_bx          0x000000000800a3ac        0x0
 .v4_bx         0x000000000800a3ac        0x0 linker stubs

.iplt           0x000000000800a3ac        0x0
 .iplt          0x000000000800a3ac        0x0 d:/program files/programok/stm32/stm32cubeide_1.8.0/stm32cubeide/plugins/com.st.stm32cube.ide.mcu.externaltools.gnu-tools-for-stm32.9-2020-q2-update.win32_2.0.0.202105311346/tools/bin/../lib/gcc/arm-none-eabi/9.3.1/thumb/v7e-m+fp/hard/crtbegin.o

.rodata         0x000000000800a3ac      0x32c
                0x000000000800a3ac                . = ALIGN (0x4)
 *(.rodata)
 .rodata        0x000000000800a3ac       0x4a ./Core/Src/main.o
 *fill*         0x000000000800a3f6        0x2 
 .rodata        0x000000000800a3f8       0x3b ./Drivers/STM32F4xx_HAL_Driver/Src/stm32f4xx_hal_cortex.o
 *fill*         0x000000000800a433        0x1 
 .rodata        0x000000000800a434       0x38 ./Drivers/STM32F4xx_HAL_Driver/Src/stm32f4xx_hal_dma.o
 .rodata        0x000000000800a46c       0x39 ./Drivers/STM32F4xx_HAL_Driver/Src/stm32f4xx_hal_gpio.o
 *fill*         0x000000000800a4a5        0x3 
 .rodata        0x000000000800a4a8       0x38 ./Drivers/STM32F4xx_HAL_Driver/Src/stm32f4xx_hal_i2c.o
 .rodata        0x000000000800a4e0       0x38 ./Drivers/STM32F4xx_HAL_Driver/Src/stm32f4xx_hal_rcc.o
 .rodata        0x000000000800a518       0x3b ./Drivers/STM32F4xx_HAL_Driver/Src/stm32f4xx_hal_rcc_ex.o
 *fill*         0x000000000800a553        0x1 
 .rodata        0x000000000800a554       0x38 ./Drivers/STM32F4xx_HAL_Driver/Src/stm32f4xx_hal_spi.o
 .rodata        0x000000000800a58c       0x38 ./Drivers/STM32F4xx_HAL_Driver/Src/stm32f4xx_hal_tim.o
 .rodata        0x000000000800a5c4       0x3b ./Drivers/STM32F4xx_HAL_Driver/Src/stm32f4xx_hal_tim_ex.o
 *fill*         0x000000000800a5ff        0x1 
 .rodata        0x000000000800a600       0x39 ./Drivers/STM32F4xx_HAL_Driver/Src/stm32f4xx_hal_uart.o
 *(.rodata*)
 *fill*         0x000000000800a639        0x3 
 .rodata.SERVO_CfgParam
                0x000000000800a63c       0x20 ./Core/Src/main.o
                0x000000000800a63c                SERVO_CfgParam
 .rodata.AHBPrescTable
                0x000000000800a65c       0x10 ./Core/Src/system_stm32f4xx.o
                0x000000000800a65c                AHBPrescTable
 .rodata.APBPrescTable
                0x000000000800a66c        0x8 ./Core/Src/system_stm32f4xx.o
                0x000000000800a66c                APBPrescTable
 .rodata.flagBitshiftOffset.8744
                0x000000000800a674        0x8 ./Drivers/STM32F4xx_HAL_Driver/Src/stm32f4xx_hal_dma.o
 .rodata.DC_MOTOR_CfgParam
                0x000000000800a67c       0x28 ./ECUAL/DC_MOTOR/DC_MOTOR_cfg.o
                0x000000000800a67c                DC_MOTOR_CfgParam
 .rodata._svfprintf_r.str1.1
                0x000000000800a6a4       0x11 d:/program files/programok/stm32/stm32cubeide_1.8.0/stm32cubeide/plugins/com.st.stm32cube.ide.mcu.externaltools.gnu-tools-for-stm32.9-2020-q2-update.win32_2.0.0.202105311346/tools/bin/../lib/gcc/arm-none-eabi/9.3.1/../../../../arm-none-eabi/lib/thumb/v7e-m+fp/hard\libc_nano.a(lib_a-nano-svfprintf.o)
 .rodata._printf_i.str1.1
                0x000000000800a6b5       0x22 d:/program files/programok/stm32/stm32cubeide_1.8.0/stm32cubeide/plugins/com.st.stm32cube.ide.mcu.externaltools.gnu-tools-for-stm32.9-2020-q2-update.win32_2.0.0.202105311346/tools/bin/../lib/gcc/arm-none-eabi/9.3.1/../../../../arm-none-eabi/lib/thumb/v7e-m+fp/hard\libc_nano.a(lib_a-nano-vfprintf_i.o)
                0x000000000800a6d8                . = ALIGN (0x4)
 *fill*         0x000000000800a6d7        0x1 

.ARM.extab      0x000000000800a6d8        0x0
                0x000000000800a6d8                . = ALIGN (0x4)
 *(.ARM.extab* .gnu.linkonce.armextab.*)
                0x000000000800a6d8                . = ALIGN (0x4)

.ARM            0x000000000800a6d8        0x8
                0x000000000800a6d8                . = ALIGN (0x4)
                0x000000000800a6d8                __exidx_start = .
 *(.ARM.exidx*)
 .ARM.exidx     0x000000000800a6d8        0x8 d:/program files/programok/stm32/stm32cubeide_1.8.0/stm32cubeide/plugins/com.st.stm32cube.ide.mcu.externaltools.gnu-tools-for-stm32.9-2020-q2-update.win32_2.0.0.202105311346/tools/bin/../lib/gcc/arm-none-eabi/9.3.1/thumb/v7e-m+fp/hard\libgcc.a(_udivmoddi4.o)
                0x000000000800a6e0                __exidx_end = .
                0x000000000800a6e0                . = ALIGN (0x4)

.rel.dyn        0x000000000800a6e0        0x0
 .rel.iplt      0x000000000800a6e0        0x0 d:/program files/programok/stm32/stm32cubeide_1.8.0/stm32cubeide/plugins/com.st.stm32cube.ide.mcu.externaltools.gnu-tools-for-stm32.9-2020-q2-update.win32_2.0.0.202105311346/tools/bin/../lib/gcc/arm-none-eabi/9.3.1/thumb/v7e-m+fp/hard/crtbegin.o

.preinit_array  0x000000000800a6e0        0x0
                0x000000000800a6e0                . = ALIGN (0x4)
                0x000000000800a6e0                PROVIDE (__preinit_array_start = .)
 *(.preinit_array*)
                0x000000000800a6e0                PROVIDE (__preinit_array_end = .)
                0x000000000800a6e0                . = ALIGN (0x4)

.init_array     0x000000000800a6e0        0x4
                0x000000000800a6e0                . = ALIGN (0x4)
                0x000000000800a6e0                PROVIDE (__init_array_start = .)
 *(SORT_BY_NAME(.init_array.*))
 *(.init_array*)
 .init_array    0x000000000800a6e0        0x4 d:/program files/programok/stm32/stm32cubeide_1.8.0/stm32cubeide/plugins/com.st.stm32cube.ide.mcu.externaltools.gnu-tools-for-stm32.9-2020-q2-update.win32_2.0.0.202105311346/tools/bin/../lib/gcc/arm-none-eabi/9.3.1/thumb/v7e-m+fp/hard/crtbegin.o
                0x000000000800a6e4                PROVIDE (__init_array_end = .)
                0x000000000800a6e4                . = ALIGN (0x4)

.fini_array     0x000000000800a6e4        0x4
                0x000000000800a6e4                . = ALIGN (0x4)
                [!provide]                        PROVIDE (__fini_array_start = .)
 *(SORT_BY_NAME(.fini_array.*))
 *(.fini_array*)
 .fini_array    0x000000000800a6e4        0x4 d:/program files/programok/stm32/stm32cubeide_1.8.0/stm32cubeide/plugins/com.st.stm32cube.ide.mcu.externaltools.gnu-tools-for-stm32.9-2020-q2-update.win32_2.0.0.202105311346/tools/bin/../lib/gcc/arm-none-eabi/9.3.1/thumb/v7e-m+fp/hard/crtbegin.o
                [!provide]                        PROVIDE (__fini_array_end = .)
                0x000000000800a6e8                . = ALIGN (0x4)
                0x000000000800a6e8                _sidata = LOADADDR (.data)

.data           0x0000000020000000      0x110 load address 0x000000000800a6e8
                0x0000000020000000                . = ALIGN (0x4)
                0x0000000020000000                _sdata = .
 *(.data)
 *(.data*)
 .data.szervoEnable
                0x0000000020000000        0x1 ./Core/Src/main.o
                0x0000000020000000                szervoEnable
 *fill*         0x0000000020000001        0x3 
 .data.leszed   0x0000000020000004        0x6 ./Core/Src/main.o
                0x0000000020000004                leszed
 *fill*         0x000000002000000a        0x2 
 .data.minta4_adc4e
                0x000000002000000c        0x6 ./Core/Src/main.o
                0x000000002000000c                minta4_adc4e
 *fill*         0x0000000020000012        0x2 
 .data.minta4_adc3e
                0x0000000020000014        0x6 ./Core/Src/main.o
                0x0000000020000014                minta4_adc3e
 *fill*         0x000000002000001a        0x2 
 .data.minta4_adc2e
                0x000000002000001c        0x6 ./Core/Src/main.o
                0x000000002000001c                minta4_adc2e
 *fill*         0x0000000020000022        0x2 
 .data.minta4_adc1e
                0x0000000020000024        0x6 ./Core/Src/main.o
                0x0000000020000024                minta4_adc1e
 *fill*         0x000000002000002a        0x2 
 .data.minta3_adc4e
                0x000000002000002c        0x6 ./Core/Src/main.o
                0x000000002000002c                minta3_adc4e
 *fill*         0x0000000020000032        0x2 
 .data.minta3_adc3e
                0x0000000020000034        0x6 ./Core/Src/main.o
                0x0000000020000034                minta3_adc3e
 *fill*         0x000000002000003a        0x2 
 .data.minta3_adc2e
                0x000000002000003c        0x6 ./Core/Src/main.o
                0x000000002000003c                minta3_adc2e
 *fill*         0x0000000020000042        0x2 
 .data.minta3_adc1e
                0x0000000020000044        0x6 ./Core/Src/main.o
                0x0000000020000044                minta3_adc1e
 *fill*         0x000000002000004a        0x2 
 .data.minta2_adc4e
                0x000000002000004c        0x6 ./Core/Src/main.o
                0x000000002000004c                minta2_adc4e
 *fill*         0x0000000020000052        0x2 
 .data.minta2_adc3e
                0x0000000020000054        0x6 ./Core/Src/main.o
                0x0000000020000054                minta2_adc3e
 *fill*         0x000000002000005a        0x2 
 .data.minta2_adc2e
                0x000000002000005c        0x6 ./Core/Src/main.o
                0x000000002000005c                minta2_adc2e
 *fill*         0x0000000020000062        0x2 
 .data.minta2_adc1e
                0x0000000020000064        0x6 ./Core/Src/main.o
                0x0000000020000064                minta2_adc1e
 *fill*         0x000000002000006a        0x2 
 .data.minta1_adc4e
                0x000000002000006c        0x6 ./Core/Src/main.o
                0x000000002000006c                minta1_adc4e
 *fill*         0x0000000020000072        0x2 
 .data.minta1_adc3e
                0x0000000020000074        0x6 ./Core/Src/main.o
                0x0000000020000074                minta1_adc3e
 *fill*         0x000000002000007a        0x2 
 .data.minta1_adc2e
                0x000000002000007c        0x6 ./Core/Src/main.o
                0x000000002000007c                minta1_adc2e
 *fill*         0x0000000020000082        0x2 
 .data.minta1_adc1e
                0x0000000020000084        0x6 ./Core/Src/main.o
                0x0000000020000084                minta1_adc1e
 .data.adc_chanel1
                0x000000002000008a        0x1 ./Core/Src/main.o
                0x000000002000008a                adc_chanel1
 .data.adc_chanel2
                0x000000002000008b        0x1 ./Core/Src/main.o
                0x000000002000008b                adc_chanel2
 .data.adc_chanel3
                0x000000002000008c        0x1 ./Core/Src/main.o
                0x000000002000008c                adc_chanel3
 .data.adc_chanel4
                0x000000002000008d        0x1 ./Core/Src/main.o
                0x000000002000008d                adc_chanel4
 .data.adc_chanel5
                0x000000002000008e        0x1 ./Core/Src/main.o
                0x000000002000008e                adc_chanel5
 .data.adc_chanel6
                0x000000002000008f        0x1 ./Core/Src/main.o
                0x000000002000008f                adc_chanel6
 .data.adc_chanel7
                0x0000000020000090        0x1 ./Core/Src/main.o
                0x0000000020000090                adc_chanel7
 *fill*         0x0000000020000091        0x3 
 .data.vonal    0x0000000020000094        0x4 ./Core/Src/main.o
                0x0000000020000094                vonal
 .data.kivant_sebesseg
                0x0000000020000098        0x4 ./Core/Src/main.o
                0x0000000020000098                kivant_sebesseg
 .data.kanyarban_vagy_egyenes
                0x000000002000009c        0x1 ./Core/Src/main.o
                0x000000002000009c                kanyarban_vagy_egyenes
 .data.sc_vagy_gyorskor
                0x000000002000009d        0x1 ./Core/Src/main.o
                0x000000002000009d                sc_vagy_gyorskor
 *fill*         0x000000002000009e        0x2 
 .data.SystemCoreClock
                0x00000000200000a0        0x4 ./Core/Src/system_stm32f4xx.o
                0x00000000200000a0                SystemCoreClock
 .data.uwTickPrio
                0x00000000200000a4        0x4 ./Drivers/STM32F4xx_HAL_Driver/Src/stm32f4xx_hal.o
                0x00000000200000a4                uwTickPrio
 .data.uwTickFreq
                0x00000000200000a8        0x1 ./Drivers/STM32F4xx_HAL_Driver/Src/stm32f4xx_hal.o
                0x00000000200000a8                uwTickFreq
 *fill*         0x00000000200000a9        0x3 
 .data._impure_ptr
                0x00000000200000ac        0x4 d:/program files/programok/stm32/stm32cubeide_1.8.0/stm32cubeide/plugins/com.st.stm32cube.ide.mcu.externaltools.gnu-tools-for-stm32.9-2020-q2-update.win32_2.0.0.202105311346/tools/bin/../lib/gcc/arm-none-eabi/9.3.1/../../../../arm-none-eabi/lib/thumb/v7e-m+fp/hard\libc_nano.a(lib_a-impure.o)
                0x00000000200000ac                _impure_ptr
 .data.impure_data
                0x00000000200000b0       0x60 d:/program files/programok/stm32/stm32cubeide_1.8.0/stm32cubeide/plugins/com.st.stm32cube.ide.mcu.externaltools.gnu-tools-for-stm32.9-2020-q2-update.win32_2.0.0.202105311346/tools/bin/../lib/gcc/arm-none-eabi/9.3.1/../../../../arm-none-eabi/lib/thumb/v7e-m+fp/hard\libc_nano.a(lib_a-impure.o)
 *(.RamFunc)
 *(.RamFunc*)
                0x0000000020000110                . = ALIGN (0x4)
                0x0000000020000110                _edata = .

.igot.plt       0x0000000020000110        0x0 load address 0x000000000800a7f8
 .igot.plt      0x0000000020000110        0x0 d:/program files/programok/stm32/stm32cubeide_1.8.0/stm32cubeide/plugins/com.st.stm32cube.ide.mcu.externaltools.gnu-tools-for-stm32.9-2020-q2-update.win32_2.0.0.202105311346/tools/bin/../lib/gcc/arm-none-eabi/9.3.1/thumb/v7e-m+fp/hard/crtbegin.o
                0x0000000020000110                . = ALIGN (0x4)

.bss            0x0000000020000110      0x614 load address 0x000000000800a7f8
                0x0000000020000110                _sbss = .
                0x0000000020000110                __bss_start__ = _sbss
 *(.bss)
 .bss           0x0000000020000110       0x1c d:/program files/programok/stm32/stm32cubeide_1.8.0/stm32cubeide/plugins/com.st.stm32cube.ide.mcu.externaltools.gnu-tools-for-stm32.9-2020-q2-update.win32_2.0.0.202105311346/tools/bin/../lib/gcc/arm-none-eabi/9.3.1/thumb/v7e-m+fp/hard/crtbegin.o
 *(.bss*)
 .bss.gs_SERVO_info
                0x000000002000012c        0x4 ./Core/Src/main.o
 .bss.btnEnable
                0x0000000020000130        0x1 ./Core/Src/main.o
                0x0000000020000130                btnEnable
 .bss.motvezEnable
                0x0000000020000131        0x1 ./Core/Src/main.o
                0x0000000020000131                motvezEnable
 .bss.adc_chanel0
                0x0000000020000132        0x1 ./Core/Src/main.o
                0x0000000020000132                adc_chanel0
 *fill*         0x0000000020000133        0x1 
 .bss.sotet0    0x0000000020000134        0x4 ./Core/Src/main.o
                0x0000000020000134                sotet0
 .bss.sotet1    0x0000000020000138        0x4 ./Core/Src/main.o
                0x0000000020000138                sotet1
 .bss.sotet2    0x000000002000013c        0x4 ./Core/Src/main.o
                0x000000002000013c                sotet2
 .bss.sotet3    0x0000000020000140        0x4 ./Core/Src/main.o
                0x0000000020000140                sotet3
 .bss.sotet4    0x0000000020000144        0x4 ./Core/Src/main.o
                0x0000000020000144                sotet4
 .bss.sotet5    0x0000000020000148        0x4 ./Core/Src/main.o
                0x0000000020000148                sotet5
 .bss.sotet6    0x000000002000014c        0x4 ./Core/Src/main.o
                0x000000002000014c                sotet6
 .bss.sotet7    0x0000000020000150        0x4 ./Core/Src/main.o
                0x0000000020000150                sotet7
 .bss.sotet8    0x0000000020000154        0x4 ./Core/Src/main.o
                0x0000000020000154                sotet8
 .bss.sotet9    0x0000000020000158        0x4 ./Core/Src/main.o
                0x0000000020000158                sotet9
 .bss.sotet10   0x000000002000015c        0x4 ./Core/Src/main.o
                0x000000002000015c                sotet10
 .bss.sotet11   0x0000000020000160        0x4 ./Core/Src/main.o
                0x0000000020000160                sotet11
 .bss.sotet12   0x0000000020000164        0x4 ./Core/Src/main.o
                0x0000000020000164                sotet12
 .bss.sotet13   0x0000000020000168        0x4 ./Core/Src/main.o
                0x0000000020000168                sotet13
 .bss.sotet14   0x000000002000016c        0x4 ./Core/Src/main.o
                0x000000002000016c                sotet14
 .bss.sotet15   0x0000000020000170        0x4 ./Core/Src/main.o
                0x0000000020000170                sotet15
 .bss.sotet16   0x0000000020000174        0x4 ./Core/Src/main.o
                0x0000000020000174                sotet16
 .bss.sotet17   0x0000000020000178        0x4 ./Core/Src/main.o
                0x0000000020000178                sotet17
 .bss.sotet18   0x000000002000017c        0x4 ./Core/Src/main.o
                0x000000002000017c                sotet18
 .bss.sotet19   0x0000000020000180        0x4 ./Core/Src/main.o
                0x0000000020000180                sotet19
 .bss.sotet20   0x0000000020000184        0x4 ./Core/Src/main.o
                0x0000000020000184                sotet20
 .bss.sotet21   0x0000000020000188        0x4 ./Core/Src/main.o
                0x0000000020000188                sotet21
 .bss.sotet22   0x000000002000018c        0x4 ./Core/Src/main.o
                0x000000002000018c                sotet22
 .bss.sotet23   0x0000000020000190        0x4 ./Core/Src/main.o
                0x0000000020000190                sotet23
 .bss.sotet24   0x0000000020000194        0x4 ./Core/Src/main.o
                0x0000000020000194                sotet24
 .bss.sotet25   0x0000000020000198        0x4 ./Core/Src/main.o
                0x0000000020000198                sotet25
 .bss.sotet26   0x000000002000019c        0x4 ./Core/Src/main.o
                0x000000002000019c                sotet26
 .bss.sotet27   0x00000000200001a0        0x4 ./Core/Src/main.o
                0x00000000200001a0                sotet27
 .bss.sotet28   0x00000000200001a4        0x4 ./Core/Src/main.o
                0x00000000200001a4                sotet28
 .bss.sotet29   0x00000000200001a8        0x4 ./Core/Src/main.o
                0x00000000200001a8                sotet29
 .bss.sotet30   0x00000000200001ac        0x4 ./Core/Src/main.o
                0x00000000200001ac                sotet30
 .bss.sotet31   0x00000000200001b0        0x4 ./Core/Src/main.o
                0x00000000200001b0                sotet31
 .bss.bluetooth_flag
                0x00000000200001b4        0x4 ./Core/Src/main.o
                0x00000000200001b4                bluetooth_flag
 .bss.bluetooth_a
                0x00000000200001b8        0x4 ./Core/Src/main.o
                0x00000000200001b8                bluetooth_a
 .bss.bluetooth_str1
                0x00000000200001bc       0x3c ./Core/Src/main.o
                0x00000000200001bc                bluetooth_str1
 .bss.bluetooth_len
                0x00000000200001f8        0x4 ./Core/Src/main.o
                0x00000000200001f8                bluetooth_len
 .bss.bluetooth_buffer
                0x00000000200001fc       0x64 ./Core/Src/main.o
                0x00000000200001fc                bluetooth_buffer
 .bss.bluetooth_i
                0x0000000020000260        0x4 ./Core/Src/main.o
                0x0000000020000260                bluetooth_i
 .bss.__sbrk_heap_end
                0x0000000020000264        0x4 ./Core/Src/sysmem.o
 .bss.__malloc_free_list
                0x0000000020000268        0x4 d:/program files/programok/stm32/stm32cubeide_1.8.0/stm32cubeide/plugins/com.st.stm32cube.ide.mcu.externaltools.gnu-tools-for-stm32.9-2020-q2-update.win32_2.0.0.202105311346/tools/bin/../lib/gcc/arm-none-eabi/9.3.1/../../../../arm-none-eabi/lib/thumb/v7e-m+fp/hard\libc_nano.a(lib_a-nano-mallocr.o)
                0x0000000020000268                __malloc_free_list
 .bss.__malloc_sbrk_start
                0x000000002000026c        0x4 d:/program files/programok/stm32/stm32cubeide_1.8.0/stm32cubeide/plugins/com.st.stm32cube.ide.mcu.externaltools.gnu-tools-for-stm32.9-2020-q2-update.win32_2.0.0.202105311346/tools/bin/../lib/gcc/arm-none-eabi/9.3.1/../../../../arm-none-eabi/lib/thumb/v7e-m+fp/hard\libc_nano.a(lib_a-nano-mallocr.o)
                0x000000002000026c                __malloc_sbrk_start
 *(COMMON)
 COMMON         0x0000000020000270      0x4a0 ./Core/Src/main.o
                0x0000000020000270                bluetooth_rx
                0x0000000020000271                eredmeny_0
                0x0000000020000274                hi2c3
                0x00000000200002c8                hspi2
                0x0000000020000320                htim8
                0x0000000020000368                htim4
                0x00000000200003b0                hi2c1
                0x0000000020000404                hi2c2
                0x0000000020000458                htim3
                0x00000000200004a0                hspi3
                0x00000000200004f8                hdma_spi3_tx
                0x0000000020000558                eredmeny_1
                0x000000002000055c                huart1
                0x00000000200005a0                huart4
                0x00000000200005e4                hspi1
                0x000000002000063c                htim2
                0x0000000020000684                huart2
                0x00000000200006c8                htim12
 COMMON         0x0000000020000710        0x4 ./Drivers/STM32F4xx_HAL_Driver/Src/stm32f4xx_hal.o
                0x0000000020000710                uwTick
 COMMON         0x0000000020000714        0x4 d:/program files/programok/stm32/stm32cubeide_1.8.0/stm32cubeide/plugins/com.st.stm32cube.ide.mcu.externaltools.gnu-tools-for-stm32.9-2020-q2-update.win32_2.0.0.202105311346/tools/bin/../lib/gcc/arm-none-eabi/9.3.1/../../../../arm-none-eabi/lib/thumb/v7e-m+fp/hard\libc_nano.a(lib_a-reent.o)
                0x0000000020000714                errno
 COMMON         0x0000000020000718        0x9 d:/program files/programok/stm32/stm32cubeide_1.8.0/stm32cubeide/plugins/com.st.stm32cube.ide.mcu.externaltools.gnu-tools-for-stm32.9-2020-q2-update.win32_2.0.0.202105311346/tools/bin/../lib/gcc/arm-none-eabi/9.3.1/../../../../arm-none-eabi/lib/thumb/v7e-m+fp/hard\libc_nano.a(lib_a-lock.o)
                0x0000000020000718                __lock___atexit_recursive_mutex
                0x0000000020000719                __lock___arc4random_mutex
                0x000000002000071a                __lock___env_recursive_mutex
                0x000000002000071b                __lock___sinit_recursive_mutex
                0x000000002000071c                __lock___malloc_recursive_mutex
                0x000000002000071d                __lock___at_quick_exit_mutex
                0x000000002000071e                __lock___dd_hash_mutex
                0x000000002000071f                __lock___tz_mutex
                0x0000000020000720                __lock___sfp_recursive_mutex
                0x0000000020000724                . = ALIGN (0x4)
 *fill*         0x0000000020000721        0x3 
                0x0000000020000724                _ebss = .
                0x0000000020000724                __bss_end__ = _ebss

._user_heap_stack
                0x0000000020000724      0x604 load address 0x000000000800a7f8
                0x0000000020000728                . = ALIGN (0x8)
 *fill*         0x0000000020000724        0x4 
                [!provide]                        PROVIDE (end = .)
                0x0000000020000728                PROVIDE (_end = .)
                0x0000000020000928                . = (. + _Min_Heap_Size)
 *fill*         0x0000000020000728      0x200 
                0x0000000020000d28                . = (. + _Min_Stack_Size)
 *fill*         0x0000000020000928      0x400 
                0x0000000020000d28                . = ALIGN (0x8)

/DISCARD/
 libc.a(*)
 libm.a(*)
 libgcc.a(*)

.ARM.attributes
                0x0000000000000000       0x30
 *(.ARM.attributes)
 .ARM.attributes
                0x0000000000000000       0x1e d:/program files/programok/stm32/stm32cubeide_1.8.0/stm32cubeide/plugins/com.st.stm32cube.ide.mcu.externaltools.gnu-tools-for-stm32.9-2020-q2-update.win32_2.0.0.202105311346/tools/bin/../lib/gcc/arm-none-eabi/9.3.1/thumb/v7e-m+fp/hard/crti.o
 .ARM.attributes
                0x000000000000001e       0x34 d:/program files/programok/stm32/stm32cubeide_1.8.0/stm32cubeide/plugins/com.st.stm32cube.ide.mcu.externaltools.gnu-tools-for-stm32.9-2020-q2-update.win32_2.0.0.202105311346/tools/bin/../lib/gcc/arm-none-eabi/9.3.1/thumb/v7e-m+fp/hard/crtbegin.o
 .ARM.attributes
                0x0000000000000052       0x34 ./Core/Src/main.o
 .ARM.attributes
                0x0000000000000086       0x34 ./Core/Src/stm32f4xx_hal_msp.o
 .ARM.attributes
                0x00000000000000ba       0x34 ./Core/Src/stm32f4xx_it.o
 .ARM.attributes
                0x00000000000000ee       0x34 ./Core/Src/sysmem.o
 .ARM.attributes
                0x0000000000000122       0x34 ./Core/Src/system_stm32f4xx.o
 .ARM.attributes
                0x0000000000000156       0x21 ./Core/Startup/startup_stm32f446retx.o
 .ARM.attributes
                0x0000000000000177       0x34 ./Drivers/STM32F4xx_HAL_Driver/Src/stm32f4xx_hal.o
 .ARM.attributes
                0x00000000000001ab       0x34 ./Drivers/STM32F4xx_HAL_Driver/Src/stm32f4xx_hal_cortex.o
 .ARM.attributes
                0x00000000000001df       0x34 ./Drivers/STM32F4xx_HAL_Driver/Src/stm32f4xx_hal_dma.o
 .ARM.attributes
                0x0000000000000213       0x34 ./Drivers/STM32F4xx_HAL_Driver/Src/stm32f4xx_hal_gpio.o
 .ARM.attributes
                0x0000000000000247       0x34 ./Drivers/STM32F4xx_HAL_Driver/Src/stm32f4xx_hal_i2c.o
 .ARM.attributes
                0x000000000000027b       0x34 ./Drivers/STM32F4xx_HAL_Driver/Src/stm32f4xx_hal_pwr_ex.o
 .ARM.attributes
                0x00000000000002af       0x34 ./Drivers/STM32F4xx_HAL_Driver/Src/stm32f4xx_hal_rcc.o
 .ARM.attributes
                0x00000000000002e3       0x34 ./Drivers/STM32F4xx_HAL_Driver/Src/stm32f4xx_hal_rcc_ex.o
 .ARM.attributes
                0x0000000000000317       0x34 ./Drivers/STM32F4xx_HAL_Driver/Src/stm32f4xx_hal_spi.o
 .ARM.attributes
                0x000000000000034b       0x34 ./Drivers/STM32F4xx_HAL_Driver/Src/stm32f4xx_hal_tim.o
 .ARM.attributes
                0x000000000000037f       0x34 ./Drivers/STM32F4xx_HAL_Driver/Src/stm32f4xx_hal_tim_ex.o
 .ARM.attributes
                0x00000000000003b3       0x34 ./Drivers/STM32F4xx_HAL_Driver/Src/stm32f4xx_hal_uart.o
 .ARM.attributes
                0x00000000000003e7       0x34 ./ECUAL/DC_MOTOR/DC_MOTOR.o
 .ARM.attributes
                0x000000000000041b       0x39 ./ECUAL/DC_MOTOR/DC_MOTOR_cfg.o
 .ARM.attributes
                0x0000000000000454       0x34 ./util/DWT_Delay.o
 .ARM.attributes
                0x0000000000000488       0x34 d:/program files/programok/stm32/stm32cubeide_1.8.0/stm32cubeide/plugins/com.st.stm32cube.ide.mcu.externaltools.gnu-tools-for-stm32.9-2020-q2-update.win32_2.0.0.202105311346/tools/bin/../lib/gcc/arm-none-eabi/9.3.1/../../../../arm-none-eabi/lib/thumb/v7e-m+fp/hard\libc_nano.a(lib_a-errno.o)
 .ARM.attributes
                0x00000000000004bc       0x32 d:/program files/programok/stm32/stm32cubeide_1.8.0/stm32cubeide/plugins/com.st.stm32cube.ide.mcu.externaltools.gnu-tools-for-stm32.9-2020-q2-update.win32_2.0.0.202105311346/tools/bin/../lib/gcc/arm-none-eabi/9.3.1/../../../../arm-none-eabi/lib/thumb/v7e-m+fp/hard\libc_nano.a(lib_a-impure.o)
 .ARM.attributes
                0x00000000000004ee       0x34 d:/program files/programok/stm32/stm32cubeide_1.8.0/stm32cubeide/plugins/com.st.stm32cube.ide.mcu.externaltools.gnu-tools-for-stm32.9-2020-q2-update.win32_2.0.0.202105311346/tools/bin/../lib/gcc/arm-none-eabi/9.3.1/../../../../arm-none-eabi/lib/thumb/v7e-m+fp/hard\libc_nano.a(lib_a-init.o)
 .ARM.attributes
                0x0000000000000522       0x34 d:/program files/programok/stm32/stm32cubeide_1.8.0/stm32cubeide/plugins/com.st.stm32cube.ide.mcu.externaltools.gnu-tools-for-stm32.9-2020-q2-update.win32_2.0.0.202105311346/tools/bin/../lib/gcc/arm-none-eabi/9.3.1/../../../../arm-none-eabi/lib/thumb/v7e-m+fp/hard\libc_nano.a(lib_a-memcpy-stub.o)
 .ARM.attributes
                0x0000000000000556       0x34 d:/program files/programok/stm32/stm32cubeide_1.8.0/stm32cubeide/plugins/com.st.stm32cube.ide.mcu.externaltools.gnu-tools-for-stm32.9-2020-q2-update.win32_2.0.0.202105311346/tools/bin/../lib/gcc/arm-none-eabi/9.3.1/../../../../arm-none-eabi/lib/thumb/v7e-m+fp/hard\libc_nano.a(lib_a-memset.o)
 .ARM.attributes
                0x000000000000058a       0x34 d:/program files/programok/stm32/stm32cubeide_1.8.0/stm32cubeide/plugins/com.st.stm32cube.ide.mcu.externaltools.gnu-tools-for-stm32.9-2020-q2-update.win32_2.0.0.202105311346/tools/bin/../lib/gcc/arm-none-eabi/9.3.1/../../../../arm-none-eabi/lib/thumb/v7e-m+fp/hard\libc_nano.a(lib_a-sprintf.o)
 .ARM.attributes
                0x00000000000005be       0x17 d:/program files/programok/stm32/stm32cubeide_1.8.0/stm32cubeide/plugins/com.st.stm32cube.ide.mcu.externaltools.gnu-tools-for-stm32.9-2020-q2-update.win32_2.0.0.202105311346/tools/bin/../lib/gcc/arm-none-eabi/9.3.1/../../../../arm-none-eabi/lib/thumb/v7e-m+fp/hard\libc_nano.a(lib_a-strlen.o)
 .ARM.attributes
                0x00000000000005d5       0x34 d:/program files/programok/stm32/stm32cubeide_1.8.0/stm32cubeide/plugins/com.st.stm32cube.ide.mcu.externaltools.gnu-tools-for-stm32.9-2020-q2-update.win32_2.0.0.202105311346/tools/bin/../lib/gcc/arm-none-eabi/9.3.1/../../../../arm-none-eabi/lib/thumb/v7e-m+fp/hard\libc_nano.a(lib_a-nano-svfprintf.o)
 .ARM.attributes
                0x0000000000000609       0x34 d:/program files/programok/stm32/stm32cubeide_1.8.0/stm32cubeide/plugins/com.st.stm32cube.ide.mcu.externaltools.gnu-tools-for-stm32.9-2020-q2-update.win32_2.0.0.202105311346/tools/bin/../lib/gcc/arm-none-eabi/9.3.1/../../../../arm-none-eabi/lib/thumb/v7e-m+fp/hard\libc_nano.a(lib_a-nano-vfprintf_i.o)
 .ARM.attributes
                0x000000000000063d       0x1c d:/program files/programok/stm32/stm32cubeide_1.8.0/stm32cubeide/plugins/com.st.stm32cube.ide.mcu.externaltools.gnu-tools-for-stm32.9-2020-q2-update.win32_2.0.0.202105311346/tools/bin/../lib/gcc/arm-none-eabi/9.3.1/../../../../arm-none-eabi/lib/thumb/v7e-m+fp/hard\libc_nano.a(lib_a-memchr.o)
 .ARM.attributes
                0x0000000000000659       0x34 d:/program files/programok/stm32/stm32cubeide_1.8.0/stm32cubeide/plugins/com.st.stm32cube.ide.mcu.externaltools.gnu-tools-for-stm32.9-2020-q2-update.win32_2.0.0.202105311346/tools/bin/../lib/gcc/arm-none-eabi/9.3.1/../../../../arm-none-eabi/lib/thumb/v7e-m+fp/hard\libc_nano.a(lib_a-memmove.o)
 .ARM.attributes
                0x000000000000068d       0x34 d:/program files/programok/stm32/stm32cubeide_1.8.0/stm32cubeide/plugins/com.st.stm32cube.ide.mcu.externaltools.gnu-tools-for-stm32.9-2020-q2-update.win32_2.0.0.202105311346/tools/bin/../lib/gcc/arm-none-eabi/9.3.1/../../../../arm-none-eabi/lib/thumb/v7e-m+fp/hard\libc_nano.a(lib_a-nano-freer.o)
 .ARM.attributes
                0x00000000000006c1       0x34 d:/program files/programok/stm32/stm32cubeide_1.8.0/stm32cubeide/plugins/com.st.stm32cube.ide.mcu.externaltools.gnu-tools-for-stm32.9-2020-q2-update.win32_2.0.0.202105311346/tools/bin/../lib/gcc/arm-none-eabi/9.3.1/../../../../arm-none-eabi/lib/thumb/v7e-m+fp/hard\libc_nano.a(lib_a-nano-mallocr.o)
 .ARM.attributes
                0x00000000000006f5       0x34 d:/program files/programok/stm32/stm32cubeide_1.8.0/stm32cubeide/plugins/com.st.stm32cube.ide.mcu.externaltools.gnu-tools-for-stm32.9-2020-q2-update.win32_2.0.0.202105311346/tools/bin/../lib/gcc/arm-none-eabi/9.3.1/../../../../arm-none-eabi/lib/thumb/v7e-m+fp/hard\libc_nano.a(lib_a-nano-reallocr.o)
 .ARM.attributes
                0x0000000000000729       0x34 d:/program files/programok/stm32/stm32cubeide_1.8.0/stm32cubeide/plugins/com.st.stm32cube.ide.mcu.externaltools.gnu-tools-for-stm32.9-2020-q2-update.win32_2.0.0.202105311346/tools/bin/../lib/gcc/arm-none-eabi/9.3.1/../../../../arm-none-eabi/lib/thumb/v7e-m+fp/hard\libc_nano.a(lib_a-sbrkr.o)
 .ARM.attributes
                0x000000000000075d       0x34 d:/program files/programok/stm32/stm32cubeide_1.8.0/stm32cubeide/plugins/com.st.stm32cube.ide.mcu.externaltools.gnu-tools-for-stm32.9-2020-q2-update.win32_2.0.0.202105311346/tools/bin/../lib/gcc/arm-none-eabi/9.3.1/../../../../arm-none-eabi/lib/thumb/v7e-m+fp/hard\libc_nano.a(lib_a-mlock.o)
 .ARM.attributes
                0x0000000000000791       0x34 d:/program files/programok/stm32/stm32cubeide_1.8.0/stm32cubeide/plugins/com.st.stm32cube.ide.mcu.externaltools.gnu-tools-for-stm32.9-2020-q2-update.win32_2.0.0.202105311346/tools/bin/../lib/gcc/arm-none-eabi/9.3.1/../../../../arm-none-eabi/lib/thumb/v7e-m+fp/hard\libc_nano.a(lib_a-nano-msizer.o)
 .ARM.attributes
                0x00000000000007c5       0x34 d:/program files/programok/stm32/stm32cubeide_1.8.0/stm32cubeide/plugins/com.st.stm32cube.ide.mcu.externaltools.gnu-tools-for-stm32.9-2020-q2-update.win32_2.0.0.202105311346/tools/bin/../lib/gcc/arm-none-eabi/9.3.1/../../../../arm-none-eabi/lib/thumb/v7e-m+fp/hard\libc_nano.a(lib_a-reent.o)
 .ARM.attributes
                0x00000000000007f9       0x34 d:/program files/programok/stm32/stm32cubeide_1.8.0/stm32cubeide/plugins/com.st.stm32cube.ide.mcu.externaltools.gnu-tools-for-stm32.9-2020-q2-update.win32_2.0.0.202105311346/tools/bin/../lib/gcc/arm-none-eabi/9.3.1/../../../../arm-none-eabi/lib/thumb/v7e-m+fp/hard\libc_nano.a(lib_a-lock.o)
 .ARM.attributes
                0x000000000000082d       0x1e d:/program files/programok/stm32/stm32cubeide_1.8.0/stm32cubeide/plugins/com.st.stm32cube.ide.mcu.externaltools.gnu-tools-for-stm32.9-2020-q2-update.win32_2.0.0.202105311346/tools/bin/../lib/gcc/arm-none-eabi/9.3.1/thumb/v7e-m+fp/hard\libgcc.a(_arm_addsubdf3.o)
 .ARM.attributes
                0x000000000000084b       0x1e d:/program files/programok/stm32/stm32cubeide_1.8.0/stm32cubeide/plugins/com.st.stm32cube.ide.mcu.externaltools.gnu-tools-for-stm32.9-2020-q2-update.win32_2.0.0.202105311346/tools/bin/../lib/gcc/arm-none-eabi/9.3.1/thumb/v7e-m+fp/hard\libgcc.a(_arm_muldivdf3.o)
 .ARM.attributes
                0x0000000000000869       0x1e d:/program files/programok/stm32/stm32cubeide_1.8.0/stm32cubeide/plugins/com.st.stm32cube.ide.mcu.externaltools.gnu-tools-for-stm32.9-2020-q2-update.win32_2.0.0.202105311346/tools/bin/../lib/gcc/arm-none-eabi/9.3.1/thumb/v7e-m+fp/hard\libgcc.a(_arm_fixunsdfsi.o)
 .ARM.attributes
                0x0000000000000887       0x1e d:/program files/programok/stm32/stm32cubeide_1.8.0/stm32cubeide/plugins/com.st.stm32cube.ide.mcu.externaltools.gnu-tools-for-stm32.9-2020-q2-update.win32_2.0.0.202105311346/tools/bin/../lib/gcc/arm-none-eabi/9.3.1/thumb/v7e-m+fp/hard\libgcc.a(_aeabi_uldivmod.o)
 .ARM.attributes
                0x00000000000008a5       0x34 d:/program files/programok/stm32/stm32cubeide_1.8.0/stm32cubeide/plugins/com.st.stm32cube.ide.mcu.externaltools.gnu-tools-for-stm32.9-2020-q2-update.win32_2.0.0.202105311346/tools/bin/../lib/gcc/arm-none-eabi/9.3.1/thumb/v7e-m+fp/hard\libgcc.a(_udivmoddi4.o)
 .ARM.attributes
                0x00000000000008d9       0x1e d:/program files/programok/stm32/stm32cubeide_1.8.0/stm32cubeide/plugins/com.st.stm32cube.ide.mcu.externaltools.gnu-tools-for-stm32.9-2020-q2-update.win32_2.0.0.202105311346/tools/bin/../lib/gcc/arm-none-eabi/9.3.1/thumb/v7e-m+fp/hard\libgcc.a(_dvmd_tls.o)
 .ARM.attributes
                0x00000000000008f7       0x1e d:/program files/programok/stm32/stm32cubeide_1.8.0/stm32cubeide/plugins/com.st.stm32cube.ide.mcu.externaltools.gnu-tools-for-stm32.9-2020-q2-update.win32_2.0.0.202105311346/tools/bin/../lib/gcc/arm-none-eabi/9.3.1/thumb/v7e-m+fp/hard/crtn.o
OUTPUT(RobonAUT.elf elf32-littlearm)
LOAD linker stubs
LOAD d:/program files/programok/stm32/stm32cubeide_1.8.0/stm32cubeide/plugins/com.st.stm32cube.ide.mcu.externaltools.gnu-tools-for-stm32.9-2020-q2-update.win32_2.0.0.202105311346/tools/bin/../lib/gcc/arm-none-eabi/9.3.1/../../../../arm-none-eabi/lib/thumb/v7e-m+fp/hard\libc.a
LOAD d:/program files/programok/stm32/stm32cubeide_1.8.0/stm32cubeide/plugins/com.st.stm32cube.ide.mcu.externaltools.gnu-tools-for-stm32.9-2020-q2-update.win32_2.0.0.202105311346/tools/bin/../lib/gcc/arm-none-eabi/9.3.1/../../../../arm-none-eabi/lib/thumb/v7e-m+fp/hard\libm.a
LOAD d:/program files/programok/stm32/stm32cubeide_1.8.0/stm32cubeide/plugins/com.st.stm32cube.ide.mcu.externaltools.gnu-tools-for-stm32.9-2020-q2-update.win32_2.0.0.202105311346/tools/bin/../lib/gcc/arm-none-eabi/9.3.1/thumb/v7e-m+fp/hard\libgcc.a

.debug_info     0x0000000000000000    0x171de
 .debug_info    0x0000000000000000     0x31d2 ./Core/Src/main.o
 .debug_info    0x00000000000031d2     0x1ab3 ./Core/Src/stm32f4xx_hal_msp.o
 .debug_info    0x0000000000004c85      0xae9 ./Core/Src/stm32f4xx_it.o
 .debug_info    0x000000000000576e      0xa25 ./Core/Src/sysmem.o
 .debug_info    0x0000000000006193      0x5dc ./Core/Src/system_stm32f4xx.o
 .debug_info    0x000000000000676f       0x22 ./Core/Startup/startup_stm32f446retx.o
 .debug_info    0x0000000000006791      0xa08 ./Drivers/STM32F4xx_HAL_Driver/Src/stm32f4xx_hal.o
 .debug_info    0x0000000000007199      0xf0d ./Drivers/STM32F4xx_HAL_Driver/Src/stm32f4xx_hal_cortex.o
 .debug_info    0x00000000000080a6      0x9f1 ./Drivers/STM32F4xx_HAL_Driver/Src/stm32f4xx_hal_dma.o
 .debug_info    0x0000000000008a97      0x892 ./Drivers/STM32F4xx_HAL_Driver/Src/stm32f4xx_hal_gpio.o
 .debug_info    0x0000000000009329     0x265b ./Drivers/STM32F4xx_HAL_Driver/Src/stm32f4xx_hal_i2c.o
 .debug_info    0x000000000000b984      0x7ca ./Drivers/STM32F4xx_HAL_Driver/Src/stm32f4xx_hal_pwr_ex.o
 .debug_info    0x000000000000c14e      0x9db ./Drivers/STM32F4xx_HAL_Driver/Src/stm32f4xx_hal_rcc.o
 .debug_info    0x000000000000cb29      0xa86 ./Drivers/STM32F4xx_HAL_Driver/Src/stm32f4xx_hal_rcc_ex.o
 .debug_info    0x000000000000d5af     0x17c0 ./Drivers/STM32F4xx_HAL_Driver/Src/stm32f4xx_hal_spi.o
 .debug_info    0x000000000000ed6f     0x2c22 ./Drivers/STM32F4xx_HAL_Driver/Src/stm32f4xx_hal_tim.o
 .debug_info    0x0000000000011991     0x15a2 ./Drivers/STM32F4xx_HAL_Driver/Src/stm32f4xx_hal_tim_ex.o
 .debug_info    0x0000000000012f33     0x31de ./Drivers/STM32F4xx_HAL_Driver/Src/stm32f4xx_hal_uart.o
 .debug_info    0x0000000000016111      0xa23 ./ECUAL/DC_MOTOR/DC_MOTOR.o
 .debug_info    0x0000000000016b34      0x355 ./ECUAL/DC_MOTOR/DC_MOTOR_cfg.o
 .debug_info    0x0000000000016e89      0x355 ./util/DWT_Delay.o

.debug_abbrev   0x0000000000000000     0x2a35
 .debug_abbrev  0x0000000000000000      0x380 ./Core/Src/main.o
 .debug_abbrev  0x0000000000000380      0x206 ./Core/Src/stm32f4xx_hal_msp.o
 .debug_abbrev  0x0000000000000586      0x190 ./Core/Src/stm32f4xx_it.o
 .debug_abbrev  0x0000000000000716      0x1bf ./Core/Src/sysmem.o
 .debug_abbrev  0x00000000000008d5      0x145 ./Core/Src/system_stm32f4xx.o
 .debug_abbrev  0x0000000000000a1a       0x12 ./Core/Startup/startup_stm32f446retx.o
 .debug_abbrev  0x0000000000000a2c      0x1ed ./Drivers/STM32F4xx_HAL_Driver/Src/stm32f4xx_hal.o
 .debug_abbrev  0x0000000000000c19      0x33c ./Drivers/STM32F4xx_HAL_Driver/Src/stm32f4xx_hal_cortex.o
 .debug_abbrev  0x0000000000000f55      0x259 ./Drivers/STM32F4xx_HAL_Driver/Src/stm32f4xx_hal_dma.o
 .debug_abbrev  0x00000000000011ae      0x1f1 ./Drivers/STM32F4xx_HAL_Driver/Src/stm32f4xx_hal_gpio.o
 .debug_abbrev  0x000000000000139f      0x282 ./Drivers/STM32F4xx_HAL_Driver/Src/stm32f4xx_hal_i2c.o
 .debug_abbrev  0x0000000000001621      0x1bc ./Drivers/STM32F4xx_HAL_Driver/Src/stm32f4xx_hal_pwr_ex.o
 .debug_abbrev  0x00000000000017dd      0x275 ./Drivers/STM32F4xx_HAL_Driver/Src/stm32f4xx_hal_rcc.o
 .debug_abbrev  0x0000000000001a52      0x1fe ./Drivers/STM32F4xx_HAL_Driver/Src/stm32f4xx_hal_rcc_ex.o
 .debug_abbrev  0x0000000000001c50      0x26e ./Drivers/STM32F4xx_HAL_Driver/Src/stm32f4xx_hal_spi.o
 .debug_abbrev  0x0000000000001ebe      0x25e ./Drivers/STM32F4xx_HAL_Driver/Src/stm32f4xx_hal_tim.o
 .debug_abbrev  0x000000000000211c      0x266 ./Drivers/STM32F4xx_HAL_Driver/Src/stm32f4xx_hal_tim_ex.o
 .debug_abbrev  0x0000000000002382      0x2eb ./Drivers/STM32F4xx_HAL_Driver/Src/stm32f4xx_hal_uart.o
 .debug_abbrev  0x000000000000266d      0x1c9 ./ECUAL/DC_MOTOR/DC_MOTOR.o
 .debug_abbrev  0x0000000000002836      0x116 ./ECUAL/DC_MOTOR/DC_MOTOR_cfg.o
 .debug_abbrev  0x000000000000294c       0xe9 ./util/DWT_Delay.o

.debug_aranges  0x0000000000000000     0x1320
 .debug_aranges
                0x0000000000000000      0x128 ./Core/Src/main.o
 .debug_aranges
                0x0000000000000128       0x88 ./Core/Src/stm32f4xx_hal_msp.o
 .debug_aranges
                0x00000000000001b0       0x90 ./Core/Src/stm32f4xx_it.o
 .debug_aranges
                0x0000000000000240       0x20 ./Core/Src/sysmem.o
 .debug_aranges
                0x0000000000000260       0x28 ./Core/Src/system_stm32f4xx.o
 .debug_aranges
                0x0000000000000288       0x28 ./Core/Startup/startup_stm32f446retx.o
 .debug_aranges
                0x00000000000002b0       0xf0 ./Drivers/STM32F4xx_HAL_Driver/Src/stm32f4xx_hal.o
 .debug_aranges
                0x00000000000003a0      0x118 ./Drivers/STM32F4xx_HAL_Driver/Src/stm32f4xx_hal_cortex.o
 .debug_aranges
                0x00000000000004b8       0x90 ./Drivers/STM32F4xx_HAL_Driver/Src/stm32f4xx_hal_dma.o
 .debug_aranges
                0x0000000000000548       0x58 ./Drivers/STM32F4xx_HAL_Driver/Src/stm32f4xx_hal_gpio.o
 .debug_aranges
                0x00000000000005a0      0x2a0 ./Drivers/STM32F4xx_HAL_Driver/Src/stm32f4xx_hal_i2c.o
 .debug_aranges
                0x0000000000000840       0x60 ./Drivers/STM32F4xx_HAL_Driver/Src/stm32f4xx_hal_pwr_ex.o
 .debug_aranges
                0x00000000000008a0       0x88 ./Drivers/STM32F4xx_HAL_Driver/Src/stm32f4xx_hal_rcc.o
 .debug_aranges
                0x0000000000000928       0x78 ./Drivers/STM32F4xx_HAL_Driver/Src/stm32f4xx_hal_rcc_ex.o
 .debug_aranges
                0x00000000000009a0      0x1d0 ./Drivers/STM32F4xx_HAL_Driver/Src/stm32f4xx_hal_spi.o
 .debug_aranges
                0x0000000000000b70      0x3d0 ./Drivers/STM32F4xx_HAL_Driver/Src/stm32f4xx_hal_tim.o
 .debug_aranges
                0x0000000000000f40      0x168 ./Drivers/STM32F4xx_HAL_Driver/Src/stm32f4xx_hal_tim_ex.o
 .debug_aranges
                0x00000000000010a8      0x200 ./Drivers/STM32F4xx_HAL_Driver/Src/stm32f4xx_hal_uart.o
 .debug_aranges
                0x00000000000012a8       0x40 ./ECUAL/DC_MOTOR/DC_MOTOR.o
 .debug_aranges
                0x00000000000012e8       0x18 ./ECUAL/DC_MOTOR/DC_MOTOR_cfg.o
 .debug_aranges
                0x0000000000001300       0x20 ./util/DWT_Delay.o

.debug_ranges   0x0000000000000000     0x1228
 .debug_ranges  0x0000000000000000      0x118 ./Core/Src/main.o
 .debug_ranges  0x0000000000000118       0x78 ./Core/Src/stm32f4xx_hal_msp.o